Component: Arm Compiler for Embedded 6.24 Tool: armlink [5f371500]

==============================================================================

Section Cross References

    init.o(.data.Shell) refers to usart.o(.text.USART1_ReceiveChar) for USART1_ReceiveChar
    init.o(.data.STM32F103C8T6_Device) refers to init.o(.rodata.str1.1) for [Anonymous Symbol]
    init.o(.data.lcd_sh1106) refers to i2c_dev.o(.text.SH1106_SetPixel) for SH1106_SetPixel
    init.o(.data.lcd_sh1106) refers to sh1106.o(.text.SH1106_GetPoint) for SH1106_GetPoint
    init.o(.data.lcd_sh1106) refers to i2c_dev.o(.text.SH1106_FillRect) for SH1106_FillRect
    init.o(.data.lcd_sh1106) refers to sh1106.o(.text.SH1106_Update) for SH1106_Update
    init.o(.data.lcd_sh1106) refers to df_fonts.o(.data.Consolas_Font_8x16) for Consolas_Font_8x16
    init.o(.data.Dev_info_poor) refers to init.o(.data.lcd_sh1106) for lcd_sh1106
    init.o(.data.Dev_info_poor) refers to i2c_dev.o(.text.sh1106_dev_init) for sh1106_dev_init
    init.o(.data.Dev_info_poor) refers to nvic.o(.text.nvic_init) for nvic_init
    init.o(.data.Dev_info_poor) refers to led.o(.text.led_init) for led_init
    init.o(.data.Dev_info_poor) refers to led.o(.text.led_on) for led_on
    init.o(.data.Dev_info_poor) refers to led.o(.text.led_off) for led_off
    main.o(.text.main) refers to init.o(.data.Dev_info_poor) for Dev_info_poor
    main.o(.text.main) refers to dev_frame.o(.text.Device_Registration) for Device_Registration
    main.o(.text.main) refers to main.o(.bss.pitch) for pitch
    main.o(.text.main) refers to f2d.o(.text) for __aeabi_f2d
    main.o(.text.main) refers to main.o(.rodata.str1.1) for .L.str
    main.o(.text.main) refers to printfa.o(i.__0printf) for printf
    main.o(.ARM.exidx.text.main) refers to main.o(.text.main) for [Anonymous Symbol]
    stm32f4xx_it.o(.ARM.exidx.text.NMI_Handler) refers to stm32f4xx_it.o(.text.NMI_Handler) for [Anonymous Symbol]
    stm32f4xx_it.o(.ARM.exidx.text.HardFault_Handler) refers to stm32f4xx_it.o(.text.HardFault_Handler) for [Anonymous Symbol]
    stm32f4xx_it.o(.ARM.exidx.text.MemManage_Handler) refers to stm32f4xx_it.o(.text.MemManage_Handler) for [Anonymous Symbol]
    stm32f4xx_it.o(.ARM.exidx.text.BusFault_Handler) refers to stm32f4xx_it.o(.text.BusFault_Handler) for [Anonymous Symbol]
    stm32f4xx_it.o(.ARM.exidx.text.UsageFault_Handler) refers to stm32f4xx_it.o(.text.UsageFault_Handler) for [Anonymous Symbol]
    stm32f4xx_it.o(.ARM.exidx.text.SVC_Handler) refers to stm32f4xx_it.o(.text.SVC_Handler) for [Anonymous Symbol]
    stm32f4xx_it.o(.ARM.exidx.text.DebugMon_Handler) refers to stm32f4xx_it.o(.text.DebugMon_Handler) for [Anonymous Symbol]
    stm32f4xx_it.o(.ARM.exidx.text.PendSV_Handler) refers to stm32f4xx_it.o(.text.PendSV_Handler) for [Anonymous Symbol]
    stm32f4xx_it.o(.ARM.exidx.text.SysTick_Handler) refers to stm32f4xx_it.o(.text.SysTick_Handler) for [Anonymous Symbol]
    system_stm32f4xx.o(.text.SystemInit) refers to system_stm32f4xx.o(.text.SetSysClock) for SetSysClock
    system_stm32f4xx.o(.ARM.exidx.text.SystemInit) refers to system_stm32f4xx.o(.text.SystemInit) for [Anonymous Symbol]
    system_stm32f4xx.o(.ARM.exidx.text.SetSysClock) refers to system_stm32f4xx.o(.text.SetSysClock) for [Anonymous Symbol]
    system_stm32f4xx.o(.text.SystemCoreClockUpdate) refers to system_stm32f4xx.o(.data.SystemCoreClock) for SystemCoreClock
    system_stm32f4xx.o(.text.SystemCoreClockUpdate) refers to system_stm32f4xx.o(.rodata.AHBPrescTable) for AHBPrescTable
    system_stm32f4xx.o(.ARM.exidx.text.SystemCoreClockUpdate) refers to system_stm32f4xx.o(.text.SystemCoreClockUpdate) for [Anonymous Symbol]
    startup_stm32f40_41xxx.o(RESET) refers to startup_stm32f40_41xxx.o(STACK) for __initial_sp
    startup_stm32f40_41xxx.o(RESET) refers to startup_stm32f40_41xxx.o(.text) for Reset_Handler
    startup_stm32f40_41xxx.o(RESET) refers to stm32f4xx_it.o(.text.NMI_Handler) for NMI_Handler
    startup_stm32f40_41xxx.o(RESET) refers to stm32f4xx_it.o(.text.HardFault_Handler) for HardFault_Handler
    startup_stm32f40_41xxx.o(RESET) refers to stm32f4xx_it.o(.text.MemManage_Handler) for MemManage_Handler
    startup_stm32f40_41xxx.o(RESET) refers to stm32f4xx_it.o(.text.BusFault_Handler) for BusFault_Handler
    startup_stm32f40_41xxx.o(RESET) refers to stm32f4xx_it.o(.text.UsageFault_Handler) for UsageFault_Handler
    startup_stm32f40_41xxx.o(RESET) refers to stm32f4xx_it.o(.text.SVC_Handler) for SVC_Handler
    startup_stm32f40_41xxx.o(RESET) refers to stm32f4xx_it.o(.text.DebugMon_Handler) for DebugMon_Handler
    startup_stm32f40_41xxx.o(RESET) refers to stm32f4xx_it.o(.text.PendSV_Handler) for PendSV_Handler
    startup_stm32f40_41xxx.o(RESET) refers to stm32f4xx_it.o(.text.SysTick_Handler) for SysTick_Handler
    startup_stm32f40_41xxx.o(.text) refers to system_stm32f4xx.o(.text.SystemInit) for SystemInit
    startup_stm32f40_41xxx.o(.text) refers to entry.o(.ARM.Collect$$$$00000000) for __main
[...]
    Removing inv_mpu.o(.ARM.exidx.text.mpu_get_temperature), (8 bytes).
    Removing inv_mpu.o(.text.mpu_set_accel_bias), (418 bytes).
    Removing inv_mpu.o(.ARM.exidx.text.mpu_set_accel_bias), (8 bytes).
    Removing inv_mpu.o(.text.mpu_reset_fifo), (644 bytes).
    Removing inv_mpu.o(.ARM.exidx.text.mpu_reset_fifo), (8 bytes).
    Removing inv_mpu.o(.text.mpu_get_gyro_fsr), (84 bytes).
    Removing inv_mpu.o(.ARM.exidx.text.mpu_get_gyro_fsr), (8 bytes).
    Removing inv_mpu.o(.text.mpu_get_accel_fsr), (108 bytes).
    Removing inv_mpu.o(.ARM.exidx.text.mpu_get_accel_fsr), (8 bytes).
    Removing inv_mpu.o(.text.mpu_get_lpf), (100 bytes).
    Removing inv_mpu.o(.ARM.exidx.text.mpu_get_lpf), (8 bytes).
    Removing inv_mpu.o(.text.mpu_get_sample_rate), (56 bytes).
    Removing inv_mpu.o(.ARM.exidx.text.mpu_get_sample_rate), (8 bytes).
    Removing inv_mpu.o(.text.mpu_get_compass_sample_rate), (18 bytes).
    Removing inv_mpu.o(.ARM.exidx.text.mpu_get_compass_sample_rate), (8 bytes).
    Removing inv_mpu.o(.text.mpu_set_compass_sample_rate), (14 bytes).
    Removing inv_mpu.o(.ARM.exidx.text.mpu_set_compass_sample_rate), (8 bytes).
    Removing inv_mpu.o(.text.mpu_get_gyro_sens), (104 bytes).
    Removing inv_mpu.o(.ARM.exidx.text.mpu_get_gyro_sens), (8 bytes).
    Removing inv_mpu.o(.text.mpu_get_accel_sens), (116 bytes).
    Removing inv_mpu.o(.ARM.exidx.text.mpu_get_accel_sens), (8 bytes).
    Removing inv_mpu.o(.text.mpu_get_fifo_config), (24 bytes).
    Removing inv_mpu.o(.ARM.exidx.text.mpu_get_fifo_config), (8 bytes).
    Removing inv_mpu.o(.text.set_int_enable), (242 bytes).
    Removing inv_mpu.o(.ARM.exidx.text.set_int_enable), (8 bytes).
    Removing inv_mpu.o(.text.mpu_get_power_state), (40 bytes).
    Removing inv_mpu.o(.ARM.exidx.text.mpu_get_power_state), (8 bytes).
    Removing inv_mpu.o(.text.mpu_get_int_status), (94 bytes).
    Removing inv_mpu.o(.ARM.exidx.text.mpu_get_int_status), (8 bytes).
    Removing inv_mpu.o(.text.mpu_read_fifo), (790 bytes).
    Removing inv_mpu.o(.ARM.exidx.text.mpu_read_fifo), (8 bytes).
    Removing inv_mpu.o(.text.mpu_read_fifo_stream), (296 bytes).
    Removing inv_mpu.o(.ARM.exidx.text.mpu_read_fifo_stream), (8 bytes).
    Removing inv_mpu.o(.text.mpu_set_int_level), (28 bytes).
    Removing inv_mpu.o(.ARM.exidx.text.mpu_set_int_level), (8 bytes).
    Removing inv_mpu.o(.text.mpu_run_self_test), (378 bytes).
    Removing inv_mpu.o(.ARM.exidx.text.mpu_run_self_test), (8 bytes).
    Removing inv_mpu.o(.text.mpu_set_dmp_state), (208 bytes).
    Removing inv_mpu.o(.ARM.exidx.text.mpu_set_dmp_state), (8 bytes).
    Removing inv_mpu.o(.text.get_st_biases), (1372 bytes).
    Removing inv_mpu.o(.ARM.exidx.text.get_st_biases), (8 bytes).
    Removing inv_mpu.o(.text.accel_self_test), (288 bytes).
    Removing inv_mpu.o(.ARM.exidx.text.accel_self_test), (8 bytes).
    Removing inv_mpu.o(.text.gyro_self_test), (388 bytes).
    Removing inv_mpu.o(.ARM.exidx.text.gyro_self_test), (8 bytes).
    Removing inv_mpu.o(.text.mpu_write_mem), (190 bytes).
    Removing inv_mpu.o(.ARM.exidx.text.mpu_write_mem), (8 bytes).
    Removing inv_mpu.o(.text.mpu_read_mem), (190 bytes).
    Removing inv_mpu.o(.ARM.exidx.text.mpu_read_mem), (8 bytes).
    Removing inv_mpu.o(.text.mpu_load_firmware), (308 bytes).
    Removing inv_mpu.o(.ARM.exidx.text.mpu_load_firmware), (8 bytes).
    Removing inv_mpu.o(.text.mpu_get_dmp_state), (26 bytes).
    Removing inv_mpu.o(.ARM.exidx.text.mpu_get_dmp_state), (8 bytes).
    Removing inv_mpu.o(.text.setup_compass), (6 bytes).
    Removing inv_mpu.o(.ARM.exidx.text.setup_compass), (8 bytes).
    Removing inv_mpu.o(.text.mpu_get_compass_reg), (14 bytes).
    Removing inv_mpu.o(.ARM.exidx.text.mpu_get_compass_reg), (8 bytes).
    Removing inv_mpu.o(.text.mpu_get_compass_fsr), (12 bytes).
    Removing inv_mpu.o(.ARM.exidx.text.mpu_get_compass_fsr), (8 bytes).
    Removing inv_mpu.o(.text.mpu_lp_motion_interrupt), (744 bytes).
    Removing inv_mpu.o(.ARM.exidx.text.mpu_lp_motion_interrupt), (8 bytes).
    Removing inv_mpu.o(.text.run_self_test), (180 bytes).
    Removing inv_mpu.o(.ARM.exidx.text.run_self_test), (8 bytes).
    Removing inv_mpu.o(.text.inv_orientation_matrix_to_scalar), (68 bytes).
    Removing inv_mpu.o(.ARM.exidx.text.inv_orientation_matrix_to_scalar), (8 bytes).
    Removing inv_mpu.o(.text.inv_row_2_scale), (156 bytes).
    Removing inv_mpu.o(.ARM.exidx.text.inv_row_2_scale), (8 bytes).
    Removing inv_mpu.o(.text.mpu_dmp_init), (264 bytes).
    Removing inv_mpu.o(.ARM.exidx.text.mpu_dmp_init), (8 bytes).
    Removing inv_mpu.o(.text.mpu_dmp_get_data), (588 bytes).
    Removing inv_mpu.o(.ARM.exidx.text.mpu_dmp_get_data), (8 bytes).
    Removing inv_mpu.o(.text.get_accel_prod_shift), (260 bytes).
    Removing inv_mpu.o(.ARM.exidx.text.get_accel_prod_shift), (8 bytes).
    Removing inv_mpu.o(.rodata.reg), (27 bytes).
    Removing inv_mpu.o(.rodata.hw), (12 bytes).
    Removing inv_mpu.o(.rodata.test), (40 bytes).
    Removing inv_mpu.o(.data.st), (44 bytes).
    Removing inv_mpu.o(.rodata.str1.1), (158 bytes).
    Removing inv_mpu.o(.data.gyro_orientation), (9 bytes).
    Removing inv_mpu_dmp_motion_driver.o(.text), (0 bytes).
    Removing inv_mpu_dmp_motion_driver.o(.text.dmp_load_motion_driver_firmware), (26 bytes).
    Removing inv_mpu_dmp_motion_driver.o(.ARM.exidx.text.dmp_load_motion_driver_firmware), (8 bytes).
    Removing inv_mpu_dmp_motion_driver.o(.text.dmp_set_orientation), (432 bytes).
    Removing inv_mpu_dmp_motion_driver.o(.ARM.exidx.text.dmp_set_orientation), (8 bytes).
    Removing inv_mpu_dmp_motion_driver.o(.text.dmp_set_gyro_bias), (336 bytes).
    Removing inv_mpu_dmp_motion_driver.o(.ARM.exidx.text.dmp_set_gyro_bias), (8 bytes).
    Removing inv_mpu_dmp_motion_driver.o(.text.dmp_set_accel_bias), (342 bytes).
    Removing inv_mpu_dmp_motion_driver.o(.ARM.exidx.text.dmp_set_accel_bias), (8 bytes).
    Removing inv_mpu_dmp_motion_driver.o(.text.dmp_set_fifo_rate), (164 bytes).
    Removing inv_mpu_dmp_motion_driver.o(.ARM.exidx.text.dmp_set_fifo_rate), (8 bytes).
    Removing inv_mpu_dmp_motion_driver.o(.text.dmp_get_fifo_rate), (24 bytes).
    Removing inv_mpu_dmp_motion_driver.o(.ARM.exidx.text.dmp_get_fifo_rate), (8 bytes).
    Removing inv_mpu_dmp_motion_driver.o(.text.dmp_set_tap_thresh), (592 bytes).
    Removing inv_mpu_dmp_motion_driver.o(.ARM.exidx.text.dmp_set_tap_thresh), (8 bytes).
    Removing inv_mpu_dmp_motion_driver.o(.text.dmp_set_tap_axes), (108 bytes).
    Removing inv_mpu_dmp_motion_driver.o(.ARM.exidx.text.dmp_set_tap_axes), (8 bytes).
    Removing inv_mpu_dmp_motion_driver.o(.text.dmp_set_tap_count), (74 bytes).
    Removing inv_mpu_dmp_motion_driver.o(.ARM.exidx.text.dmp_set_tap_count), (8 bytes).
    Removing inv_mpu_dmp_motion_driver.o(.text.dmp_set_tap_time), (62 bytes).
    Removing inv_mpu_dmp_motion_driver.o(.ARM.exidx.text.dmp_set_tap_time), (8 bytes).
    Removing inv_mpu_dmp_motion_driver.o(.text.dmp_set_tap_time_multi), (62 bytes).
    Removing inv_mpu_dmp_motion_driver.o(.ARM.exidx.text.dmp_set_tap_time_multi), (8 bytes).
    Removing inv_mpu_dmp_motion_driver.o(.text.dmp_set_shake_reject_thresh), (86 bytes).
    Removing inv_mpu_dmp_motion_driver.o(.ARM.exidx.text.dmp_set_shake_reject_thresh), (8 bytes).
    Removing inv_mpu_dmp_motion_driver.o(.text.dmp_set_shake_reject_time), (60 bytes).
    Removing inv_mpu_dmp_motion_driver.o(.ARM.exidx.text.dmp_set_shake_reject_time), (8 bytes).
    Removing inv_mpu_dmp_motion_driver.o(.text.dmp_set_shake_reject_timeout), (60 bytes).
    Removing inv_mpu_dmp_motion_driver.o(.ARM.exidx.text.dmp_set_shake_reject_timeout), (8 bytes).
    Removing inv_mpu_dmp_motion_driver.o(.text.dmp_get_pedometer_step_count), (64 bytes).
    Removing inv_mpu_dmp_motion_driver.o(.ARM.exidx.text.dmp_get_pedometer_step_count), (8 bytes).
    Removing inv_mpu_dmp_motion_driver.o(.text.dmp_set_pedometer_step_count), (52 bytes).
    Removing inv_mpu_dmp_motion_driver.o(.ARM.exidx.text.dmp_set_pedometer_step_count), (8 bytes).
    Removing inv_mpu_dmp_motion_driver.o(.text.dmp_get_pedometer_walk_time), (70 bytes).
    Removing inv_mpu_dmp_motion_driver.o(.ARM.exidx.text.dmp_get_pedometer_walk_time), (8 bytes).
    Removing inv_mpu_dmp_motion_driver.o(.text.dmp_set_pedometer_walk_time), (70 bytes).
    Removing inv_mpu_dmp_motion_driver.o(.ARM.exidx.text.dmp_set_pedometer_walk_time), (8 bytes).
    Removing inv_mpu_dmp_motion_driver.o(.text.dmp_enable_feature), (682 bytes).
    Removing inv_mpu_dmp_motion_driver.o(.ARM.exidx.text.dmp_enable_feature), (8 bytes).
    Removing inv_mpu_dmp_motion_driver.o(.text.dmp_enable_gyro_cal), (106 bytes).
    Removing inv_mpu_dmp_motion_driver.o(.ARM.exidx.text.dmp_enable_gyro_cal), (8 bytes).
    Removing inv_mpu_dmp_motion_driver.o(.text.dmp_enable_lp_quat), (70 bytes).
    Removing inv_mpu_dmp_motion_driver.o(.ARM.exidx.text.dmp_enable_lp_quat), (8 bytes).
    Removing inv_mpu_dmp_motion_driver.o(.text.dmp_enable_6x_lp_quat), (70 bytes).
    Removing inv_mpu_dmp_motion_driver.o(.ARM.exidx.text.dmp_enable_6x_lp_quat), (8 bytes).
    Removing inv_mpu_dmp_motion_driver.o(.text.dmp_get_enabled_features), (24 bytes).
    Removing inv_mpu_dmp_motion_driver.o(.ARM.exidx.text.dmp_get_enabled_features), (8 bytes).
    Removing inv_mpu_dmp_motion_driver.o(.text.dmp_set_interrupt_mode), (132 bytes).
    Removing inv_mpu_dmp_motion_driver.o(.ARM.exidx.text.dmp_set_interrupt_mode), (8 bytes).
    Removing inv_mpu_dmp_motion_driver.o(.text.dmp_read_fifo), (466 bytes).
    Removing inv_mpu_dmp_motion_driver.o(.ARM.exidx.text.dmp_read_fifo), (8 bytes).
    Removing inv_mpu_dmp_motion_driver.o(.text.decode_gesture), (156 bytes).
    Removing inv_mpu_dmp_motion_driver.o(.ARM.exidx.text.decode_gesture), (8 bytes).
    Removing inv_mpu_dmp_motion_driver.o(.text.dmp_register_tap_cb), (22 bytes).
    Removing inv_mpu_dmp_motion_driver.o(.ARM.exidx.text.dmp_register_tap_cb), (8 bytes).
    Removing inv_mpu_dmp_motion_driver.o(.text.dmp_register_android_orient_cb), (22 bytes).
    Removing inv_mpu_dmp_motion_driver.o(.ARM.exidx.text.dmp_register_android_orient_cb), (8 bytes).
    Removing inv_mpu_dmp_motion_driver.o(.rodata.dmp_memory), (3062 bytes).
    Removing inv_mpu_dmp_motion_driver.o(.rodata..L__const.dmp_set_orientation.gyro_axes), (3 bytes).
    Removing inv_mpu_dmp_motion_driver.o(.rodata..L__const.dmp_set_orientation.accel_axes), (3 bytes).
    Removing inv_mpu_dmp_motion_driver.o(.rodata..L__const.dmp_set_orientation.gyro_sign), (3 bytes).
    Removing inv_mpu_dmp_motion_driver.o(.rodata..L__const.dmp_set_orientation.accel_sign), (3 bytes).
    Removing inv_mpu_dmp_motion_driver.o(.bss.dmp), (16 bytes).
    Removing inv_mpu_dmp_motion_driver.o(.rodata..L__const.dmp_set_fifo_rate.regs_end), (12 bytes).
    Removing inv_mpu_dmp_motion_driver.o(.rodata..L__const.dmp_enable_gyro_cal.regs), (9 bytes).
    Removing inv_mpu_dmp_motion_driver.o(.rodata..L__const.dmp_enable_gyro_cal.regs.1), (9 bytes).
    Removing inv_mpu_dmp_motion_driver.o(.rodata..L__const.dmp_set_interrupt_mode.regs_continuous), (11 bytes).
    Removing inv_mpu_dmp_motion_driver.o(.rodata..L__const.dmp_set_interrupt_mode.regs_gesture), (11 bytes).
    Removing fonts.o(.text), (0 bytes).
    Removing fonts.o(.rodata.SH1106_F8x16), (0 bytes).
    Removing fonts.o(.rodata.SH1106_F6x8), (0 bytes).
    Removing fonts.o(.rodata.SH1106_CF16x16), (0 bytes).
    Removing fonts.o(.rodata.Diode), (0 bytes).
    Removing sh1106.o(.text), (0 bytes).
    Removing sh1106.o(.ARM.exidx.text.SH1106_Init), (8 bytes).
    Removing sh1106.o(.ARM.exidx.text.SH1106_Clear), (8 bytes).
    Removing sh1106.o(.ARM.exidx.text.SH1106_Update), (8 bytes).
    Removing sh1106.o(.text.SH1106_CheakDevice), (102 bytes).
    Removing sh1106.o(.ARM.exidx.text.SH1106_CheakDevice), (8 bytes).
    Removing sh1106.o(.ARM.exidx.text.SH1106_SetCursor), (8 bytes).
    Removing sh1106.o(.text.SH1106_Pow), (38 bytes).
    Removing sh1106.o(.ARM.exidx.text.SH1106_Pow), (8 bytes).
    Removing sh1106.o(.text.SH1106_pnpoly), (206 bytes).
    Removing sh1106.o(.ARM.exidx.text.SH1106_pnpoly), (8 bytes).
    Removing sh1106.o(.text.SH1106_IsInAngle), (232 bytes).
    Removing sh1106.o(.ARM.exidx.text.SH1106_IsInAngle), (8 bytes).
    Removing sh1106.o(.text.SH1106_UpdateArea), (236 bytes).
    Removing sh1106.o(.ARM.exidx.text.SH1106_UpdateArea), (8 bytes).
    Removing sh1106.o(.ARM.exidx.text.SH1106_ClearArea), (8 bytes).
    Removing sh1106.o(.text.SH1106_Reverse), (96 bytes).
    Removing sh1106.o(.ARM.exidx.text.SH1106_Reverse), (8 bytes).
    Removing sh1106.o(.text.SH1106_ReverseArea), (200 bytes).
    Removing sh1106.o(.ARM.exidx.text.SH1106_ReverseArea), (8 bytes).
    Removing sh1106.o(.text.SH1106_ShowChar), (132 bytes).
    Removing sh1106.o(.ARM.exidx.text.SH1106_ShowChar), (8 bytes).
    Removing sh1106.o(.text.SH1106_ShowImage), (450 bytes).
    Removing sh1106.o(.ARM.exidx.text.SH1106_ShowImage), (8 bytes).
    Removing sh1106.o(.text.SH1106_ShowString), (726 bytes).
    Removing sh1106.o(.ARM.exidx.text.SH1106_ShowString), (8 bytes).
    Removing sh1106.o(.text.SH1106_ShowNum), (156 bytes).
    Removing sh1106.o(.ARM.exidx.text.SH1106_ShowNum), (8 bytes).
    Removing sh1106.o(.text.SH1106_ShowSignedNum), (216 bytes).
    Removing sh1106.o(.ARM.exidx.text.SH1106_ShowSignedNum), (8 bytes).
    Removing sh1106.o(.text.SH1106_ShowHexNum), (186 bytes).
    Removing sh1106.o(.ARM.exidx.text.SH1106_ShowHexNum), (8 bytes).
    Removing sh1106.o(.text.SH1106_ShowBinNum), (136 bytes).
    Removing sh1106.o(.ARM.exidx.text.SH1106_ShowBinNum), (8 bytes).
    Removing sh1106.o(.text.SH1106_ShowFloatNum), (360 bytes).
    Removing sh1106.o(.ARM.exidx.text.SH1106_ShowFloatNum), (8 bytes).
    Removing sh1106.o(.text.SH1106_Printf), (56 bytes).
    Removing sh1106.o(.ARM.exidx.text.SH1106_Printf), (8 bytes).
    Removing sh1106.o(.ARM.exidx.text.SH1106_DrawPoint), (8 bytes).
    Removing sh1106.o(.ARM.exidx.text.SH1106_GetPoint), (8 bytes).
    Removing sh1106.o(.text.SH1106_DrawLine), (838 bytes).
    Removing sh1106.o(.ARM.exidx.text.SH1106_DrawLine), (8 bytes).
    Removing sh1106.o(.text.SH1106_DrawRectangle), (302 bytes).
    Removing sh1106.o(.ARM.exidx.text.SH1106_DrawRectangle), (8 bytes).
    Removing sh1106.o(.text.SH1106_DrawTriangle), (510 bytes).
    Removing sh1106.o(.ARM.exidx.text.SH1106_DrawTriangle), (8 bytes).
    Removing sh1106.o(.text.SH1106_DrawCircle), (758 bytes).
    Removing sh1106.o(.ARM.exidx.text.SH1106_DrawCircle), (8 bytes).
    Removing sh1106.o(.text.SH1106_DrawEllipse), (1472 bytes).
    Removing sh1106.o(.ARM.exidx.text.SH1106_DrawEllipse), (8 bytes).
    Removing sh1106.o(.text.SH1106_DrawArc), (1272 bytes).
    Removing sh1106.o(.ARM.exidx.text.SH1106_DrawArc), (8 bytes).
    Removing sh1106.o(.bss.SH1106_CheakDevice.initialized), (1 bytes).
    Removing sh1106.o(.rodata.str1.1), (1 bytes).
    Removing ssd1306.o(.text), (0 bytes).
    Removing st7789.o(.text), (0 bytes).
    Removing st7789.o(.text.ST7789_Register_IO), (20 bytes).
    Removing st7789.o(.ARM.exidx.text.ST7789_Register_IO), (8 bytes).
    Removing st7789.o(.text.ST7789_Init), (596 bytes).
    Removing st7789.o(.ARM.exidx.text.ST7789_Init), (8 bytes).
    Removing st7789.o(.text.ST7789_Write_Cmd), (168 bytes).
    Removing st7789.o(.ARM.exidx.text.ST7789_Write_Cmd), (8 bytes).
    Removing st7789.o(.text.ST7789_Write_Data), (168 bytes).
    Removing st7789.o(.ARM.exidx.text.ST7789_Write_Data), (8 bytes).
    Removing st7789.o(.text.ST7789_Clear_All), (32 bytes).
    Removing st7789.o(.ARM.exidx.text.ST7789_Clear_All), (8 bytes).
    Removing st7789.o(.text.ST7789_Fill_Rect), (350 bytes).
    Removing st7789.o(.ARM.exidx.text.ST7789_Fill_Rect), (8 bytes).
    Removing st7789.o(.text.ST7789_SetWindow), (106 bytes).
    Removing st7789.o(.ARM.exidx.text.ST7789_SetWindow), (8 bytes).
    Removing st7789.o(.text.ST7789_SetPixel), (68 bytes).
    Removing st7789.o(.ARM.exidx.text.ST7789_SetPixel), (8 bytes).
    Removing st7789.o(.text.ST7789_Write_Data16), (182 bytes).
    Removing st7789.o(.ARM.exidx.text.ST7789_Write_Data16), (8 bytes).
    Removing st7789.o(.text.ST7789_DrawImage), (308 bytes).
    Removing st7789.o(.ARM.exidx.text.ST7789_DrawImage), (8 bytes).
    Removing st7789.o(.bss.st7789_io), (4 bytes).
    Removing adc.o(.text), (0 bytes).
    Removing adc.o(.text.adc1_init), (158 bytes).
    Removing adc.o(.ARM.exidx.text.adc1_init), (8 bytes).
    Removing adc.o(.text.adc1_enable), (26 bytes).
    Removing adc.o(.ARM.exidx.text.adc1_enable), (8 bytes).
    Removing adc.o(.text.adc1_disable), (36 bytes).
    Removing adc.o(.ARM.exidx.text.adc1_disable), (8 bytes).
    Removing adc.o(.text.adc1_get_value), (90 bytes).
    Removing adc.o(.ARM.exidx.text.adc1_get_value), (8 bytes).
    Removing adc.o(.data.adc1), (20 bytes).
    Removing adc.o(.rodata.str1.1), (5 bytes).
    Removing delay.o(.text), (0 bytes).
    Removing delay.o(.ARM.exidx.text.delay_ms), (8 bytes).
    Removing delay.o(.text.__delay_ms), (64 bytes).
    Removing delay.o(.ARM.exidx.text.__delay_ms), (8 bytes).
    Removing delay.o(.ARM.exidx.text.delay_us), (8 bytes).
    Removing i2c_bus.o(.text), (0 bytes).
    Removing i2c_bus.o(.ARM.exidx.text.iic1_pins_config), (8 bytes).
    Removing i2c_bus.o(.ARM.exidx.text.iic1_scl), (8 bytes).
    Removing i2c_bus.o(.ARM.exidx.text.iic1_sda), (8 bytes).
    Removing i2c_bus.o(.ARM.exidx.text.iic1_sda_in), (8 bytes).
    Removing i2c_bus.o(.ARM.exidx.text.iic1_sda_out), (8 bytes).
    Removing i2c_bus.o(.ARM.exidx.text.iic1_read_sda), (8 bytes).
    Removing i2c_dev.o(.text), (0 bytes).
    Removing i2c_dev.o(.ARM.exidx.text.SH1106_SetPixel), (8 bytes).
    Removing i2c_dev.o(.ARM.exidx.text.SH1106_FillRect), (8 bytes).
    Removing i2c_dev.o(.text.SSD1306_SetPixel), (16 bytes).
    Removing i2c_dev.o(.ARM.exidx.text.SSD1306_SetPixel), (8 bytes).
    Removing i2c_dev.o(.ARM.exidx.text.sh1106_dev_init), (8 bytes).
    Removing i2c_dev.o(.text.ssd1306_dev_init), (182 bytes).
    Removing i2c_dev.o(.ARM.exidx.text.ssd1306_dev_init), (8 bytes).
    Removing i2c_dev.o(.text.mpu6050_i2c_write), (54 bytes).
    Removing i2c_dev.o(.ARM.exidx.text.mpu6050_i2c_write), (8 bytes).
    Removing i2c_dev.o(.text.mpu6050_i2c_read), (54 bytes).
    Removing i2c_dev.o(.ARM.exidx.text.mpu6050_i2c_read), (8 bytes).
    Removing led.o(.text), (0 bytes).
    Removing led.o(.ARM.exidx.text.led_init), (8 bytes).
    Removing led.o(.ARM.exidx.text.led_on), (8 bytes).
    Removing led.o(.ARM.exidx.text.led_off), (8 bytes).
    Removing led.o(.ARM.exidx.text.led_toggle), (8 bytes).
    Removing misc.o(.text), (0 bytes).
    Removing misc.o(.text.NVIC_PriorityGroupConfig), (28 bytes).
    Removing misc.o(.ARM.exidx.text.NVIC_PriorityGroupConfig), (8 bytes).
    Removing misc.o(.text.NVIC_Init), (202 bytes).
    Removing misc.o(.ARM.exidx.text.NVIC_Init), (8 bytes).
    Removing misc.o(.text.NVIC_SetVectorTable), (36 bytes).
    Removing misc.o(.ARM.exidx.text.NVIC_SetVectorTable), (8 bytes).
    Removing misc.o(.text.NVIC_SystemLPConfig), (62 bytes).
    Removing misc.o(.ARM.exidx.text.NVIC_SystemLPConfig), (8 bytes).
    Removing misc.o(.text.SysTick_CLKSourceConfig), (52 bytes).
    Removing misc.o(.ARM.exidx.text.SysTick_CLKSourceConfig), (8 bytes).
    Removing nvic.o(.text), (0 bytes).
    Removing nvic.o(.ARM.exidx.text.nvic_init), (8 bytes).
    Removing nvic.o(.ARM.exidx.text.__NVIC_SetPriorityGrouping), (8 bytes).
    Removing nvic.o(.ARM.exidx.text.__NVIC_SetPriority), (8 bytes).
    Removing nvic.o(.ARM.exidx.text.NVIC_EncodePriority), (8 bytes).
    Removing nvic.o(.ARM.exidx.text.__NVIC_EnableIRQ), (8 bytes).
    Removing systick.o(.text), (0 bytes).
    Removing systick.o(.text.Systick_Init), (66 bytes).
    Removing systick.o(.ARM.exidx.text.Systick_Init), (8 bytes).
    Removing systick.o(.text.systick_init), (16 bytes).
    Removing systick.o(.ARM.exidx.text.systick_init), (8 bytes).
    Removing usart.o(.text), (0 bytes).
    Removing usart.o(.text.usart1_init), (124 bytes).
    Removing usart.o(.ARM.exidx.text.usart1_init), (8 bytes).
    Removing usart.o(.text.usart1_stop), (26 bytes).
    Removing usart.o(.ARM.exidx.text.usart1_stop), (8 bytes).
    Removing usart.o(.text.usart1_send), (18 bytes).
    Removing usart.o(.ARM.exidx.text.usart1_send), (8 bytes).
    Removing usart.o(.text.usart1_receive), (52 bytes).
    Removing usart.o(.ARM.exidx.text.usart1_receive), (8 bytes).
    Removing usart.o(.text.USART1_Init), (236 bytes).
    Removing usart.o(.ARM.exidx.text.USART1_Init), (8 bytes).
    Removing usart.o(.text.__io_putchar), (20 bytes).
    Removing usart.o(.ARM.exidx.text.__io_putchar), (8 bytes).
    Removing usart.o(.text.USART1_SendChar), (46 bytes).
    Removing usart.o(.ARM.exidx.text.USART1_SendChar), (8 bytes).
    Removing usart.o(.text.USART1_SendString), (34 bytes).
    Removing usart.o(.ARM.exidx.text.USART1_SendString), (8 bytes).
    Removing usart.o(.text.USART1_ReceiveChar), (50 bytes).
    Removing usart.o(.ARM.exidx.text.USART1_ReceiveChar), (8 bytes).
    Removing usart.o(.ARM.exidx.text.fputc), (8 bytes).
    Removing usart.o(.text.usart1_start), (26 bytes).
    Removing usart.o(.ARM.exidx.text.usart1_start), (8 bytes).
    Removing usart.o(.rodata.str1.1), (38 bytes).
    Removing usart.o(.data.debug), (44 bytes).
    Removing dev_frame.o(.text), (0 bytes).
    Removing dev_frame.o(.ARM.exidx.text.Device_Registration), (8 bytes).
    Removing dev_frame.o(.text.Find_Device), (116 bytes).
    Removing dev_frame.o(.ARM.exidx.text.Find_Device), (8 bytes).
    Removing df_spi.o(.text), (0 bytes).
    Removing df_spi.o(.text.Soft_SPI_Init), (68 bytes).
    Removing df_spi.o(.ARM.exidx.text.Soft_SPI_Init), (8 bytes).
    Removing df_spi.o(.text.Soft_SPI_SendByte), (82 bytes).
    Removing df_spi.o(.ARM.exidx.text.Soft_SPI_SendByte), (8 bytes).
    Removing df_spi.o(.text.Soft_SPI_SwapData), (124 bytes).
    Removing df_spi.o(.ARM.exidx.text.Soft_SPI_SwapData), (8 bytes).
    Removing df_spi.o(.text.Soft_SPI_SwapBytes), (86 bytes).
    Removing df_spi.o(.ARM.exidx.text.Soft_SPI_SwapBytes), (8 bytes).
    Removing df_fonts.o(.text), (0 bytes).
    Removing df_lcd.o(.text), (0 bytes).
    Removing df_lcd.o(.text.LCD_Handler_Init), (74 bytes).
    Removing df_lcd.o(.ARM.exidx.text.LCD_Handler_Init), (8 bytes).
    Removing df_lcd.o(.ARM.exidx.text.LCD_Clear), (8 bytes).
    Removing df_lcd.o(.ARM.exidx.text.LCD_DrawPoint), (8 bytes).
    Removing df_lcd.o(.text.LCD_DrawLine), (306 bytes).
    Removing df_lcd.o(.ARM.exidx.text.LCD_DrawLine), (8 bytes).
    Removing df_lcd.o(.text.LCD_DrawRect), (210 bytes).
    Removing df_lcd.o(.ARM.exidx.text.LCD_DrawRect), (8 bytes).
    Removing df_lcd.o(.ARM.exidx.text.LCD_FillRect), (8 bytes).
    Removing df_lcd.o(.text.LCD_DrawCircle), (342 bytes).
    Removing df_lcd.o(.ARM.exidx.text.LCD_DrawCircle), (8 bytes).
    Removing df_lcd.o(.text.LCD_SetFont), (30 bytes).
    Removing df_lcd.o(.ARM.exidx.text.LCD_SetFont), (8 bytes).
    Removing df_lcd.o(.text.LCD_SetColors), (32 bytes).
    Removing df_lcd.o(.ARM.exidx.text.LCD_SetColors), (8 bytes).
    Removing df_lcd.o(.ARM.exidx.text.LCD_WriteByte), (8 bytes).
    Removing df_lcd.o(.ARM.exidx.text.LCD_ShowImg), (8 bytes).
    Removing df_lcd.o(.ARM.exidx.text.LCD_ShowChar), (8 bytes).
    Removing df_lcd.o(.text.LCD_ShowString), (154 bytes).
    Removing df_lcd.o(.ARM.exidx.text.LCD_ShowString), (8 bytes).
    Removing df_lcd.o(.text.LCD_Terminal_Enable), (34 bytes).
    Removing df_lcd.o(.ARM.exidx.text.LCD_Terminal_Enable), (8 bytes).
    Removing df_lcd.o(.text.LCD_Terminal_Clear), (38 bytes).
    Removing df_lcd.o(.ARM.exidx.text.LCD_Terminal_Clear), (8 bytes).
    Removing df_lcd.o(.ARM.exidx.text.LCD_Terminal_Scroll), (8 bytes).
    Removing df_lcd.o(.ARM.exidx.text.LCD_Scroll_Software), (8 bytes).
    Removing df_lcd.o(.ARM.exidx.text.LCD_TerminalOut), (8 bytes).
    Removing df_lcd.o(.ARM.exidx.text.LCD_Printf), (8 bytes).
    Removing df_lcd.o(.text.LCD_Update), (32 bytes).
    Removing df_lcd.o(.ARM.exidx.text.LCD_Update), (8 bytes).
    Removing df_lcd.o(.text.LCD_BindToDisplay), (176 bytes).
    Removing df_lcd.o(.ARM.exidx.text.LCD_BindToDisplay), (8 bytes).
    Removing df_lcd.o(.text.Adapter_Init), (38 bytes).
    Removing df_lcd.o(.ARM.exidx.text.Adapter_Init), (8 bytes).
    Removing df_lcd.o(.text.Adapter_Clear), (38 bytes).
    Removing df_lcd.o(.ARM.exidx.text.Adapter_Clear), (8 bytes).
    Removing df_lcd.o(.text.Adapter_SetCursor), (56 bytes).
    Removing df_lcd.o(.ARM.exidx.text.Adapter_SetCursor), (8 bytes).
    Removing df_lcd.o(.text.Adapter_WriteChar), (52 bytes).
    Removing df_lcd.o(.ARM.exidx.text.Adapter_WriteChar), (8 bytes).
    Removing df_lcd.o(.text.Adapter_WriteString), (52 bytes).
    Removing df_lcd.o(.ARM.exidx.text.Adapter_WriteString), (8 bytes).
    Removing df_lcd.o(.text.Adapter_Scroll), (48 bytes).
    Removing df_lcd.o(.ARM.exidx.text.Adapter_Scroll), (8 bytes).
    Removing df_lcd.o(.bss.g_AdapterLCD), (4 bytes).
    Removing df_lcd.o(.rodata.str1.1), (3 bytes).
    Removing df_key.o(.text), (0 bytes).
    Removing df_key.o(.text.Key_ReadBlocking), (60 bytes).
    Removing df_key.o(.ARM.exidx.text.Key_ReadBlocking), (8 bytes).
    Removing df_key.o(.text.Key_Tick), (16 bytes).
    Removing df_key.o(.ARM.exidx.text.Key_Tick), (8 bytes).
    Removing df_key.o(.text.Key_IRQHandler), (86 bytes).
    Removing df_key.o(.ARM.exidx.text.Key_IRQHandler), (8 bytes).
    Removing df_key.o(.text.Key_Event), (216 bytes).
    Removing df_key.o(.ARM.exidx.text.Key_Event), (8 bytes).
    Removing df_key.o(.bss.Key_Event.Default_Pressed_CallBack_Run_Flag), (1 bytes).
    Removing df_iic.o(.text), (0 bytes).
    Removing df_iic.o(.ARM.exidx.text.Soft_IIC_Init), (8 bytes).
    Removing df_iic.o(.ARM.exidx.text.Soft_IIC_Start), (8 bytes).
    Removing df_iic.o(.ARM.exidx.text.Soft_IIC_Stop), (8 bytes).
    Removing df_iic.o(.ARM.exidx.text.Soft_IIC_Wait_Ack), (8 bytes).
    Removing df_iic.o(.text.Soft_IIC_Ack), (50 bytes).
    Removing df_iic.o(.ARM.exidx.text.Soft_IIC_Ack), (8 bytes).
    Removing df_iic.o(.text.Soft_IIC_NAck), (52 bytes).
    Removing df_iic.o(.ARM.exidx.text.Soft_IIC_NAck), (8 bytes).
    Removing df_iic.o(.ARM.exidx.text.Soft_IIC_Send_Byte), (8 bytes).
    Removing df_iic.o(.text.Soft_IIC_Receive_Byte), (136 bytes).
    Removing df_iic.o(.ARM.exidx.text.Soft_IIC_Receive_Byte), (8 bytes).
    Removing df_iic.o(.ARM.exidx.text.Soft_IIC_Write_Byte), (8 bytes).
    Removing df_iic.o(.text.Soft_IIC_Read_Byte), (104 bytes).
    Removing df_iic.o(.ARM.exidx.text.Soft_IIC_Read_Byte), (8 bytes).
    Removing df_iic.o(.ARM.exidx.text.Soft_IIC_Write_Len), (8 bytes).
    Removing df_iic.o(.text.Soft_IIC_Read_Len), (204 bytes).
    Removing df_iic.o(.ARM.exidx.text.Soft_IIC_Read_Len), (8 bytes).
    Removing df_iic.o(.text.Soft_IIC_Cheak), (72 bytes).
    Removing df_iic.o(.ARM.exidx.text.Soft_IIC_Cheak), (8 bytes).
    Removing df_iic.o(.rodata.str1.1), (22 bytes).
    Removing df_display.o(.text), (0 bytes).
    Removing df_display.o(.text.Display_Register), (94 bytes).
    Removing df_display.o(.ARM.exidx.text.Display_Register), (8 bytes).
    Removing df_display.o(.text.Display_Select), (80 bytes).
    Removing df_display.o(.ARM.exidx.text.Display_Select), (8 bytes).
    Removing df_display.o(.text.Display_Output), (542 bytes).
    Removing df_display.o(.ARM.exidx.text.Display_Output), (8 bytes).
    Removing df_display.o(.text.Display_Printf), (90 bytes).
    Removing df_display.o(.ARM.exidx.text.Display_Printf), (8 bytes).
    Removing df_display.o(.text.Display_Clear), (134 bytes).
    Removing df_display.o(.ARM.exidx.text.Display_Clear), (8 bytes).
    Removing df_display.o(.data.Display), (24 bytes).
    Removing df_display.o(.bss.dev_head), (4 bytes).
    Removing df_display.o(.bss.current_dev), (4 bytes).
    Removing df_display.o(.rodata.str1.1), (3 bytes).
    Removing shell.o(.text), (0 bytes).
    Removing shell.o(.text.MCU_Shell_Init), (476 bytes).
    Removing shell.o(.ARM.exidx.text.MCU_Shell_Init), (8 bytes).
    Removing shell.o(.text.BIE_UART), (258 bytes).
    Removing shell.o(.ARM.exidx.text.BIE_UART), (8 bytes).
    Removing shell.o(.text.Shell_Deal), (480 bytes).
    Removing shell.o(.ARM.exidx.text.Shell_Deal), (8 bytes).
    Removing shell.o(.text.Cmd_match), (590 bytes).
    Removing shell.o(.ARM.exidx.text.Cmd_match), (8 bytes).
    Removing shell.o(.text.Task_Switch), (138 bytes).
    Removing shell.o(.ARM.exidx.text.Task_Switch), (8 bytes).
    Removing shell.o(.text.Task_Switch_Tick_Handler), (44 bytes).
    Removing shell.o(.ARM.exidx.text.Task_Switch_Tick_Handler), (8 bytes).
    Removing shell.o(.rodata.str1.1), (1191 bytes).
    Removing shell.o(.data.MCU_Shell_Init.default_log), (28 bytes).
    Removing shell.o(.data.syscmd), (80 bytes).
    Removing shell.o(.bss.Cmd), (24 bytes).
    Removing stde.o(.text), (0 bytes).
    Removing stde.o(.text.Stde_DataTypeDef_Init), (104 bytes).
    Removing stde.o(.ARM.exidx.text.Stde_DataTypeDef_Init), (8 bytes).
    Removing stde.o(.text.STDE_UART), (402 bytes).
    Removing stde.o(.ARM.exidx.text.STDE_UART), (8 bytes).
    Removing stde.o(.text.StdeUSART_Deal), (182 bytes).
    Removing stde.o(.ARM.exidx.text.StdeUSART_Deal), (8 bytes).
    Removing terminal_link.o(.text), (0 bytes).
    Removing terminal_link.o(.text.Wirte_Char), (196 bytes).
    Removing terminal_link.o(.ARM.exidx.text.Wirte_Char), (8 bytes).
    Removing terminal_link.o(.text.Read_Char), (80 bytes).
    Removing terminal_link.o(.ARM.exidx.text.Read_Char), (8 bytes).
    Removing terminal_link.o(.text.Clear_Char), (182 bytes).
    Removing terminal_link.o(.ARM.exidx.text.Clear_Char), (8 bytes).
    Removing terminal_link.o(.text.Clear_Screen), (84 bytes).
    Removing terminal_link.o(.ARM.exidx.text.Clear_Screen), (8 bytes).
    Removing terminal_link.o(.text.__Wirte_String), (84 bytes).
    Removing terminal_link.o(.ARM.exidx.text.__Wirte_String), (8 bytes).
    Removing terminal_link.o(.text.Wirte_String), (56 bytes).
    Removing terminal_link.o(.ARM.exidx.text.Wirte_String), (8 bytes).
    Removing terminal_link.o(.text.Graphics_UpMove), (204 bytes).
    Removing terminal_link.o(.ARM.exidx.text.Graphics_UpMove), (8 bytes).
    Removing terminal_link.o(.text.Graphics_Swap), (242 bytes).
    Removing terminal_link.o(.ARM.exidx.text.Graphics_Swap), (8 bytes).
    Removing terminal_link.o(.text.Read_String), (82 bytes).
    Removing terminal_link.o(.ARM.exidx.text.Read_String), (8 bytes).
    Removing terminal_link.o(.text.refresh_Allscreen), (154 bytes).
    Removing terminal_link.o(.ARM.exidx.text.refresh_Allscreen), (8 bytes).
    Removing terminal_link.o(.text.refresh_Partscreen), (520 bytes).
    Removing terminal_link.o(.ARM.exidx.text.refresh_Partscreen), (8 bytes).
    Removing terminal_link.o(.text.loading_bar), (268 bytes).
    Removing terminal_link.o(.ARM.exidx.text.loading_bar), (8 bytes).
    Removing terminal_link.o(.bss.Graphics_Memory), (24000 bytes).
    Removing terminal_link.o(.rodata.str1.1), (80 bytes).
    Removing filter.o(.text), (0 bytes).
    Removing pid.o(.text), (0 bytes).
    Removing dcmplt.o(.text), (54 bytes).
    Removing dcmpge.o(.text), (54 bytes).
    Removing dflti.o(.text), (34 bytes).
    Removing dfltui.o(.text), (26 bytes).
    Removing dfixi.o(.text), (62 bytes).
    Removing dfixui.o(.text), (50 bytes).
    Removing d2f.o(.text), (56 bytes).
    Removing fepilogue.o(.text), (110 bytes).
    Removing dneg.o(.text), (6 bytes).
    Removing drnd.o(.text), (136 bytes).
    Removing cdcmple.o(.text), (48 bytes).
    Removing dsqrt.o(.text), (162 bytes).

549 unused section(s) (total 71332 bytes) removed from the image.

==============================================================================

Image Symbol Table

    Local Symbols

    Symbol Name                              Value     Ov Type        Size  Object(Section)

    ../BSP/stm32f4/CORE/startup_stm32f40_41xxx.s 0x00000000   Number         0  startup_stm32f40_41xxx.o ABSOLUTE
    ../clib/../cmprslib/zerorunl.c           0x00000000   Number         0  __dczerorl.o ABSOLUTE
    ../clib/division.s                       0x00000000   Number         0  aeabi_sdiv.o ABSOLUTE
    ../clib/microlib/division.c              0x00000000   Number         0  ldiv.o ABSOLUTE
    ../clib/microlib/division.c              0x00000000   Number         0  uidiv.o ABSOLUTE
    ../clib/microlib/division.c              0x00000000   Number         0  uldiv.o ABSOLUTE
    ../clib/microlib/errno.c                 0x00000000   Number         0  errno.o ABSOLUTE
    ../clib/microlib/init/entry.s            0x00000000   Number         0  entry.o ABSOLUTE
    ../clib/microlib/init/entry.s            0x00000000   Number         0  entry2.o ABSOLUTE
    ../clib/microlib/init/entry.s            0x00000000   Number         0  entry5.o ABSOLUTE
    ../clib/microlib/init/entry.s            0x00000000   Number         0  entry7a.o ABSOLUTE
    ../clib/microlib/init/entry.s            0x00000000   Number         0  entry7b.o ABSOLUTE
    ../clib/microlib/init/entry.s            0x00000000   Number         0  entry8a.o ABSOLUTE
    ../clib/microlib/init/entry.s            0x00000000   Number         0  entry8b.o ABSOLUTE
    ../clib/microlib/init/entry.s            0x00000000   Number         0  entry9a.o ABSOLUTE
    ../clib/microlib/init/entry.s            0x00000000   Number         0  entry9b.o ABSOLUTE
    ../clib/microlib/init/entry.s            0x00000000   Number         0  entry10a.o ABSOLUTE
    ../clib/microlib/init/entry.s            0x00000000   Number         0  entry10b.o ABSOLUTE
    ../clib/microlib/init/entry.s            0x00000000   Number         0  entry11a.o ABSOLUTE
    ../clib/microlib/init/entry.s            0x00000000   Number         0  entry11b.o ABSOLUTE
    ../clib/microlib/longlong.c              0x00000000   Number         0  llshl.o ABSOLUTE
    ../clib/microlib/longlong.c              0x00000000   Number         0  llushr.o ABSOLUTE
    ../clib/microlib/longlong.c              0x00000000   Number         0  llsshr.o ABSOLUTE
    ../clib/microlib/printf/printf.c         0x00000000   Number         0  printfa.o ABSOLUTE
    ../clib/microlib/stdio/fflush.c          0x00000000   Number         0  fflush.o ABSOLUTE
    ../clib/microlib/stdio/streams.c         0x00000000   Number         0  stdout.o ABSOLUTE
    ../clib/microlib/string/memcmp.c         0x00000000   Number         0  memcmp.o ABSOLUTE
    ../clib/microlib/string/memcpy.c         0x00000000   Number         0  memcpya.o ABSOLUTE
    ../clib/microlib/string/memcpy.c         0x00000000   Number         0  memcpyb.o ABSOLUTE
    ../clib/microlib/string/memset.c         0x00000000   Number         0  memseta.o ABSOLUTE
    ../clib/microlib/string/strcmp.c         0x00000000   Number         0  strcmp.o ABSOLUTE
    ../clib/microlib/string/strtok.c         0x00000000   Number         0  strtok.o ABSOLUTE
    ../clib/microlib/string/strtok.c         0x00000000   Number         0  strtok_r.o ABSOLUTE
    ../clib/microlib/stubs.s                 0x00000000   Number         0  iusefp.o ABSOLUTE
    ../fplib/microlib/d2f.c                  0x00000000   Number         0  d2f.o ABSOLUTE
    ../fplib/microlib/f2d.c                  0x00000000   Number         0  f2d.o ABSOLUTE
    ../fplib/microlib/fpadd.c                0x00000000   Number         0  dadd.o ABSOLUTE
    ../fplib/microlib/fpcmp.c                0x00000000   Number         0  dcmplt.o ABSOLUTE
    ../fplib/microlib/fpcmp.c                0x00000000   Number         0  dcmpge.o ABSOLUTE
    ../fplib/microlib/fpdiv.c                0x00000000   Number         0  ddiv.o ABSOLUTE
    ../fplib/microlib/fpepilogue.c           0x00000000   Number         0  fepilogue.o ABSOLUTE
    ../fplib/microlib/fpepilogue.c           0x00000000   Number         0  depilogue.o ABSOLUTE
    ../fplib/microlib/fpfix.c                0x00000000   Number         0  dfixi.o ABSOLUTE
    ../fplib/microlib/fpfix.c                0x00000000   Number         0  dfixui.o ABSOLUTE
    ../fplib/microlib/fpfix.c                0x00000000   Number         0  dfixul.o ABSOLUTE
    ../fplib/microlib/fpflt.c                0x00000000   Number         0  dflti.o ABSOLUTE
    ../fplib/microlib/fpflt.c                0x00000000   Number         0  dfltui.o ABSOLUTE
    ../fplib/microlib/fpmul.c                0x00000000   Number         0  dmul.o ABSOLUTE
    ../fplib/microlib/fpneg.c                0x00000000   Number         0  dneg.o ABSOLUTE
    ../fplib/microlib/fprnd.c                0x00000000   Number         0  drnd.o ABSOLUTE
    ../fplib/microlib/fpsqrt.c               0x00000000   Number         0  dsqrt.o ABSOLUTE
    ../mathlib/asin.c                        0x00000000   Number         0  asin.o ABSOLUTE
    ../mathlib/atan.c                        0x00000000   Number         0  atan.o ABSOLUTE
    ../mathlib/atan2.c                       0x00000000   Number         0  atan2.o ABSOLUTE
    ../mathlib/dunder.c                      0x00000000   Number         0  dunder.o ABSOLUTE
    ../mathlib/fabs.c                        0x00000000   Number         0  fabs.o ABSOLUTE
    ../mathlib/fpclassify.c                  0x00000000   Number         0  fpclassify.o ABSOLUTE
    ../mathlib/poly.c                        0x00000000   Number         0  poly.o ABSOLUTE
    ../mathlib/qnan.c                        0x00000000   Number         0  qnan.o ABSOLUTE
    ../mathlib/round.c                       0x00000000   Number         0  round.o ABSOLUTE
    ../mathlib/sqrt.c                        0x00000000   Number         0  sqrt.o ABSOLUTE
    Systick.c                                0x00000000   Number         0  systick.o ABSOLUTE
    adc.c                                    0x00000000   Number         0  adc.o ABSOLUTE
    cdcmple.s                                0x00000000   Number         0  cdcmple.o ABSOLUTE
    cdrcmple.s                               0x00000000   Number         0  cdrcmple.o ABSOLUTE
    control.c                                0x00000000   Number         0  control.o ABSOLUTE
    dc.s                                     0x00000000   Number         0  dc.o ABSOLUTE
    delay.c                                  0x00000000   Number         0  delay.o ABSOLUTE
    dev_frame.c                              0x00000000   Number         0  dev_frame.o ABSOLUTE
    df_display.c                             0x00000000   Number         0  df_display.o ABSOLUTE
    df_fonts.c                               0x00000000   Number         0  df_fonts.o ABSOLUTE
    df_iic.c                                 0x00000000   Number         0  df_iic.o ABSOLUTE
    df_key.c                                 0x00000000   Number         0  df_key.o ABSOLUTE
    df_lcd.c                                 0x00000000   Number         0  df_lcd.o ABSOLUTE
    df_spi.c                                 0x00000000   Number         0  df_spi.o ABSOLUTE
    filter.c                                 0x00000000   Number         0  filter.o ABSOLUTE
    fonts.c                                  0x00000000   Number         0  fonts.o ABSOLUTE
    handlers.s                               0x00000000   Number         0  handlers.o ABSOLUTE
    i2c_bus.c                                0x00000000   Number         0  i2c_bus.o ABSOLUTE
    i2c_dev.c                                0x00000000   Number         0  i2c_dev.o ABSOLUTE
    init.c                                   0x00000000   Number         0  init.o ABSOLUTE
    init.s                                   0x00000000   Number         0  init.o ABSOLUTE
    inv_mpu.c                                0x00000000   Number         0  inv_mpu.o ABSOLUTE
    inv_mpu_dmp_motion_driver.c              0x00000000   Number         0  inv_mpu_dmp_motion_driver.o ABSOLUTE
    led.c                                    0x00000000   Number         0  led.o ABSOLUTE
    main.c                                   0x00000000   Number         0  main.o ABSOLUTE
    misc.c                                   0x00000000   Number         0  misc.o ABSOLUTE
    nvic.c                                   0x00000000   Number         0  nvic.o ABSOLUTE
    pid.c                                    0x00000000   Number         0  pid.o ABSOLUTE
    sh1106.c                                 0x00000000   Number         0  sh1106.o ABSOLUTE
    shell.c                                  0x00000000   Number         0  shell.o ABSOLUTE
    ssd1306.c                                0x00000000   Number         0  ssd1306.o ABSOLUTE
    st7789.c                                 0x00000000   Number         0  st7789.o ABSOLUTE
    stde.c                                   0x00000000   Number         0  stde.o ABSOLUTE
    stm32f4xx_it.c                           0x00000000   Number         0  stm32f4xx_it.o ABSOLUTE
    system_stm32f4xx.c                       0x00000000   Number         0  system_stm32f4xx.o ABSOLUTE
    terminal_link.c                          0x00000000   Number         0  terminal_link.o ABSOLUTE
    usart.c                                  0x00000000   Number         0  usart.o ABSOLUTE
    RESET                                    0x08000000   Section      392  startup_stm32f40_41xxx.o(RESET)
    .ARM.Collect$$$$00000000                 0x08000188   Section        0  entry.o(.ARM.Collect$$$$00000000)
    .ARM.Collect$$$$00000001                 0x08000188   Section        4  entry2.o(.ARM.Collect$$$$00000001)
    .ARM.Collect$$$$00000004                 0x0800018c   Section        4  entry5.o(.ARM.Collect$$$$00000004)
    .ARM.Collect$$$$00000008                 0x08000190   Section        0  entry7b.o(.ARM.Collect$$$$00000008)
    .ARM.Collect$$$$0000000A                 0x08000190   Section        0  entry8b.o(.ARM.Collect$$$$0000000A)
    .ARM.Collect$$$$0000000B                 0x08000190   Section        8  entry9a.o(.ARM.Collect$$$$0000000B)
    __lit__00000000                          0x08000198   Data           4  entry2.o(.ARM.Collect$$$$00002712)
    .ARM.Collect$$$$0000000D                 0x08000198   Section        0  entry10a.o(.ARM.Collect$$$$0000000D)
    .ARM.Collect$$$$0000000F                 0x08000198   Section        0  entry11a.o(.ARM.Collect$$$$0000000F)
    .ARM.Collect$$$$00002712                 0x08000198   Section        4  entry2.o(.ARM.Collect$$$$00002712)
    $v0                                      0x0800019c   Number         0  startup_stm32f40_41xxx.o(.text)
    .text                                    0x0800019c   Section       36  startup_stm32f40_41xxx.o(.text)
    .text                                    0x080001c0   Section        0  dadd.o(.text)
    .text                                    0x0800030e   Section        0  dmul.o(.text)
    .text                                    0x080003f2   Section        0  ddiv.o(.text)
    .text                                    0x080004d0   Section        0  f2d.o(.text)
    .text                                    0x080004f6   Section        0  uidiv.o(.text)
    .text                                    0x08000522   Section        0  uldiv.o(.text)
    .text                                    0x08000584   Section        0  llshl.o(.text)
    .text                                    0x080005a2   Section        0  llushr.o(.text)
    .text                                    0x080005c2   Section        0  llsshr.o(.text)
    .text                                    0x080005e6   Section        0  iusefp.o(.text)
    .text                                    0x080005e6   Section        0  depilogue.o(.text)
    .text                                    0x080006a0   Section        0  dfixul.o(.text)
    .text                                    0x080006d0   Section       48  cdrcmple.o(.text)
    .text                                    0x08000700   Section       48  init.o(.text)
    .text                                    0x08000730   Section        0  __dczerorl.o(.text)
    [Anonymous Symbol]                       0x0800076c   Section        0  stm32f4xx_it.o(.text.BusFault_Handler)
    [Anonymous Symbol]                       0x08000770   Section        0  stm32f4xx_it.o(.text.DebugMon_Handler)
    [Anonymous Symbol]                       0x08000774   Section        0  dev_frame.o(.text.Device_Registration)
    [Anonymous Symbol]                       0x08000834   Section        0  stm32f4xx_it.o(.text.HardFault_Handler)
    [Anonymous Symbol]                       0x08000838   Section        0  df_lcd.o(.text.LCD_Clear)
    [Anonymous Symbol]                       0x080008e0   Section        0  df_lcd.o(.text.LCD_DrawPoint)
    [Anonymous Symbol]                       0x08000934   Section        0  df_lcd.o(.text.LCD_FillRect)
    [Anonymous Symbol]                       0x080009f4   Section        0  df_lcd.o(.text.LCD_Printf)
    LCD_Scroll_Software                      0x08000a3d   Thumb Code   192  df_lcd.o(.text.LCD_Scroll_Software)
    [Anonymous Symbol]                       0x08000a3c   Section        0  df_lcd.o(.text.LCD_Scroll_Software)
    [Anonymous Symbol]                       0x08000afc   Section        0  df_lcd.o(.text.LCD_ShowChar)
    [Anonymous Symbol]                       0x08000ba4   Section        0  df_lcd.o(.text.LCD_ShowImg)
    [Anonymous Symbol]                       0x08000c60   Section        0  df_lcd.o(.text.LCD_TerminalOut)
    [Anonymous Symbol]                       0x08000d34   Section        0  df_lcd.o(.text.LCD_Terminal_Scroll)
    [Anonymous Symbol]                       0x08000d7c   Section        0  df_lcd.o(.text.LCD_WriteByte)
    [Anonymous Symbol]                       0x08000e0c   Section        0  stm32f4xx_it.o(.text.MemManage_Handler)
    [Anonymous Symbol]                       0x08000e10   Section        0  stm32f4xx_it.o(.text.NMI_Handler)
    NVIC_EncodePriority                      0x08000e15   Thumb Code   108  nvic.o(.text.NVIC_EncodePriority)
    [Anonymous Symbol]                       0x08000e14   Section        0  nvic.o(.text.NVIC_EncodePriority)
    [Anonymous Symbol]                       0x08000e80   Section        0  stm32f4xx_it.o(.text.PendSV_Handler)
    [Anonymous Symbol]                       0x08000e84   Section        0  sh1106.o(.text.SH1106_Clear)
    [Anonymous Symbol]                       0x08000ee4   Section        0  sh1106.o(.text.SH1106_ClearArea)
    [Anonymous Symbol]                       0x08000fac   Section        0  sh1106.o(.text.SH1106_DrawPoint)
    [Anonymous Symbol]                       0x08001014   Section        0  i2c_dev.o(.text.SH1106_FillRect)
    [Anonymous Symbol]                       0x0800105c   Section        0  sh1106.o(.text.SH1106_GetPoint)
    [Anonymous Symbol]                       0x080010cc   Section        0  sh1106.o(.text.SH1106_Init)
    [Anonymous Symbol]                       0x08001224   Section        0  sh1106.o(.text.SH1106_SetCursor)
    [Anonymous Symbol]                       0x08001280   Section        0  i2c_dev.o(.text.SH1106_SetPixel)
    [Anonymous Symbol]                       0x080012b8   Section        0  sh1106.o(.text.SH1106_Update)
    [Anonymous Symbol]                       0x08001310   Section        0  stm32f4xx_it.o(.text.SVC_Handler)
    SetSysClock                              0x08001315   Thumb Code   308  system_stm32f4xx.o(.text.SetSysClock)
    [Anonymous Symbol]                       0x08001314   Section        0  system_stm32f4xx.o(.text.SetSysClock)
    [Anonymous Symbol]                       0x08001448   Section        0  df_iic.o(.text.Soft_IIC_Init)
    [Anonymous Symbol]                       0x08001474   Section        0  df_iic.o(.text.Soft_IIC_Send_Byte)
    [Anonymous Symbol]                       0x080014d8   Section        0  df_iic.o(.text.Soft_IIC_Start)
    [Anonymous Symbol]                       0x0800150c   Section        0  df_iic.o(.text.Soft_IIC_Stop)
    [Anonymous Symbol]                       0x08001540   Section        0  df_iic.o(.text.Soft_IIC_Wait_Ack)
    [Anonymous Symbol]                       0x080015b0   Section        0  df_iic.o(.text.Soft_IIC_Write_Byte)
    [Anonymous Symbol]                       0x08001634   Section        0  df_iic.o(.text.Soft_IIC_Write_Len)
    [Anonymous Symbol]                       0x080016e4   Section        0  stm32f4xx_it.o(.text.SysTick_Handler)
    [Anonymous Symbol]                       0x080016e8   Section        0  system_stm32f4xx.o(.text.SystemInit)
    [Anonymous Symbol]                       0x0800175c   Section        0  stm32f4xx_it.o(.text.UsageFault_Handler)
    __NVIC_EnableIRQ                         0x08001761   Thumb Code    48  nvic.o(.text.__NVIC_EnableIRQ)
    [Anonymous Symbol]                       0x08001760   Section        0  nvic.o(.text.__NVIC_EnableIRQ)
    __NVIC_SetPriority                       0x08001791   Thumb Code    66  nvic.o(.text.__NVIC_SetPriority)
    [Anonymous Symbol]                       0x08001790   Section        0  nvic.o(.text.__NVIC_SetPriority)
    __NVIC_SetPriorityGrouping               0x080017d5   Thumb Code    60  nvic.o(.text.__NVIC_SetPriorityGrouping)
    [Anonymous Symbol]                       0x080017d4   Section        0  nvic.o(.text.__NVIC_SetPriorityGrouping)
    [Anonymous Symbol]                       0x08001810   Section        0  delay.o(.text.delay_ms)
    [Anonymous Symbol]                       0x08001850   Section        0  delay.o(.text.delay_us)
    [Anonymous Symbol]                       0x0800188c   Section        0  usart.o(.text.fputc)
    [Anonymous Symbol]                       0x080018a8   Section        0  i2c_bus.o(.text.iic1_pins_config)
    [Anonymous Symbol]                       0x0800195c   Section        0  i2c_bus.o(.text.iic1_read_sda)
    [Anonymous Symbol]                       0x0800196c   Section        0  i2c_bus.o(.text.iic1_scl)
    [Anonymous Symbol]                       0x080019a0   Section        0  i2c_bus.o(.text.iic1_sda)
    [Anonymous Symbol]                       0x080019d4   Section        0  i2c_bus.o(.text.iic1_sda_in)
    [Anonymous Symbol]                       0x08001a00   Section        0  i2c_bus.o(.text.iic1_sda_out)
    [Anonymous Symbol]                       0x08001a2c   Section        0  led.o(.text.led_init)
    [Anonymous Symbol]                       0x08001ab4   Section        0  led.o(.text.led_off)
    [Anonymous Symbol]                       0x08001ad8   Section        0  led.o(.text.led_on)
    [Anonymous Symbol]                       0x08001b00   Section        0  led.o(.text.led_toggle)
    [Anonymous Symbol]                       0x08001b2c   Section        0  main.o(.text.main)
    [Anonymous Symbol]                       0x08001b80   Section        0  nvic.o(.text.nvic_init)
    [Anonymous Symbol]                       0x08001bb0   Section        0  i2c_dev.o(.text.sh1106_dev_init)
    i.__0printf                              0x08001c90   Section        0  printfa.o(i.__0printf)
    i.__0vsnprintf                           0x08001cb0   Section        0  printfa.o(i.__0vsnprintf)
    i.__scatterload_copy                     0x08001ce4   Section       14  handlers.o(i.__scatterload_copy)
    i.__scatterload_null                     0x08001cf2   Section        2  handlers.o(i.__scatterload_null)
    i.__scatterload_zeroinit                 0x08001cf4   Section       14  handlers.o(i.__scatterload_zeroinit)
    _fp_digits                               0x08001d05   Thumb Code   366  printfa.o(i._fp_digits)
    i._fp_digits                             0x08001d04   Section        0  printfa.o(i._fp_digits)
    _printf_core                             0x08001e89   Thumb Code  1744  printfa.o(i._printf_core)
    i._printf_core                           0x08001e88   Section        0  printfa.o(i._printf_core)
    _printf_post_padding                     0x08002565   Thumb Code    36  printfa.o(i._printf_post_padding)
    i._printf_post_padding                   0x08002564   Section        0  printfa.o(i._printf_post_padding)
    _printf_pre_padding                      0x08002589   Thumb Code    46  printfa.o(i._printf_pre_padding)
    i._printf_pre_padding                    0x08002588   Section        0  printfa.o(i._printf_pre_padding)
    _snputc                                  0x080025b7   Thumb Code    22  printfa.o(i._snputc)
    i._snputc                                0x080025b6   Section        0  printfa.o(i._snputc)
    .L.str                                   0x08002bbc   Data           6  main.o(.rodata.str1.1)
    [Anonymous Symbol]                       0x08002bbc   Section        0  main.o(.rodata.str1.1)
    .L.str.6                                 0x08002bc2   Data          26  i2c_dev.o(.rodata.str1.1)
    [Anonymous Symbol]                       0x08002bc2   Section        0  i2c_dev.o(.rodata.str1.1)
    .L.str.5                                 0x08002bf7   Data          14  i2c_dev.o(.rodata.str1.1)
    .L.str.3                                 0x08002c05   Data          63  i2c_dev.o(.rodata.str1.1)
    .L.str.1                                 0x08002c84   Data          65  i2c_dev.o(.rodata.str1.1)
    .L.str                                   0x08002d07   Data          55  i2c_dev.o(.rodata.str1.1)
    .L.str.7                                 0x08002d1d   Data          56  i2c_dev.o(.rodata.str1.1)
    .L.str.8                                 0x08002d55   Data          66  i2c_dev.o(.rodata.str1.1)
    .L.str.4                                 0x08002d76   Data          54  i2c_dev.o(.rodata.str1.1)
    .L.str.9                                 0x08002d97   Data          71  i2c_dev.o(.rodata.str1.1)
    .L.str.2                                 0x08002dac   Data          70  i2c_dev.o(.rodata.str1.1)
    .L.str.10                                0x08002dde   Data          64  i2c_dev.o(.rodata.str1.1)
    .L.str.11                                0x08002e1e   Data          27  i2c_dev.o(.rodata.str1.1)
    [Anonymous Symbol]                       0x08002e39   Section        0  led.o(.rodata.str1.1)
    .L.str.1                                 0x08002e45   Data          50  dev_frame.o(.rodata.str1.1)
    [Anonymous Symbol]                       0x08002e45   Section        0  dev_frame.o(.rodata.str1.1)
    .L.str                                   0x08002e77   Data          55  dev_frame.o(.rodata.str1.1)
    .data                                    0x20000000   Section        4  stdout.o(.data)
    STACK                                    0x20000538   Section     1024  startup_stm32f40_41xxx.o(STACK)

    Global Symbols

    Symbol Name                              Value     Ov Type        Size  Object(Section)

    BuildAttributes$$THM_ISAv4$E$P$D$K$B$S$7EM$VFPi3$EXTD16$VFPS$VFMA$PE$A:L22UL41UL21$X:L11$S22US41US21$IEEE1$IW$~IW$USESV6$~STKCKD$USESV7$~SHL$OTIME$ROPI$IEEEX$EBA8$MICROLIB$REQ8$PRES8$EABIv2 0x00000000   Number         0  anon$$obj.o ABSOLUTE
    __cpp_initialize__aeabi_                  - Undefined Weak Reference
    __cxa_finalize                            - Undefined Weak Reference
    _clock_init                               - Undefined Weak Reference
    _microlib_exit                            - Undefined Weak Reference
    __Vectors_Size                           0x00000188   Number         0  startup_stm32f40_41xxx.o ABSOLUTE
    __Vectors                                0x08000000   Data           4  startup_stm32f40_41xxx.o(RESET)
    __Vectors_End                            0x08000188   Data           0  startup_stm32f40_41xxx.o(RESET)
    __main                                   0x08000189   Thumb Code     0  entry.o(.ARM.Collect$$$$00000000)
    _main_stk                                0x08000189   Thumb Code     0  entry2.o(.ARM.Collect$$$$00000001)
    _main_scatterload                        0x0800018d   Thumb Code     0  entry5.o(.ARM.Collect$$$$00000004)
    __main_after_scatterload                 0x08000191   Thumb Code     0  entry5.o(.ARM.Collect$$$$00000004)
    _main_clock                              0x08000191   Thumb Code     0  entry7b.o(.ARM.Collect$$$$00000008)
    _main_cpp_init                           0x08000191   Thumb Code     0  entry8b.o(.ARM.Collect$$$$0000000A)
    _main_init                               0x08000191   Thumb Code     0  entry9a.o(.ARM.Collect$$$$0000000B)
    __rt_final_cpp                           0x08000199   Thumb Code     0  entry10a.o(.ARM.Collect$$$$0000000D)
    __rt_final_exit                          0x08000199   Thumb Code     0  entry11a.o(.ARM.Collect$$$$0000000F)
    Reset_Handler                            0x0800019d   Thumb Code     8  startup_stm32f40_41xxx.o(.text)
    ADC_IRQHandler                           0x080001b7   Thumb Code     0  startup_stm32f40_41xxx.o(.text)
    CAN1_RX0_IRQHandler                      0x080001b7   Thumb Code     0  startup_stm32f40_41xxx.o(.text)
    CAN1_RX1_IRQHandler                      0x080001b7   Thumb Code     0  startup_stm32f40_41xxx.o(.text)
    CAN1_SCE_IRQHandler                      0x080001b7   Thumb Code     0  startup_stm32f40_41xxx.o(.text)
    CAN1_TX_IRQHandler                       0x080001b7   Thumb Code     0  startup_stm32f40_41xxx.o(.text)
    CAN2_RX0_IRQHandler                      0x080001b7   Thumb Code     0  startup_stm32f40_41xxx.o(.text)
    CAN2_RX1_IRQHandler                      0x080001b7   Thumb Code     0  startup_stm32f40_41xxx.o(.text)
    CAN2_SCE_IRQHandler                      0x080001b7   Thumb Code     0  startup_stm32f40_41xxx.o(.text)
    CAN2_TX_IRQHandler                       0x080001b7   Thumb Code     0  startup_stm32f40_41xxx.o(.text)
    CRYP_IRQHandler                          0x080001b7   Thumb Code     0  startup_stm32f40_41xxx.o(.text)
    DCMI_IRQHandler                          0x080001b7   Thumb Code     0  startup_stm32f40_41xxx.o(.text)
    DMA1_Stream0_IRQHandler                  0x080001b7   Thumb Code     0  startup_stm32f40_41xxx.o(.text)
    DMA1_Stream1_IRQHandler                  0x080001b7   Thumb Code     0  startup_stm32f40_41xxx.o(.text)
    DMA1_Stream2_IRQHandler                  0x080001b7   Thumb Code     0  startup_stm32f40_41xxx.o(.text)
    DMA1_Stream3_IRQHandler                  0x080001b7   Thumb Code     0  startup_stm32f40_41xxx.o(.text)
    DMA1_Stream4_IRQHandler                  0x080001b7   Thumb Code     0  startup_stm32f40_41xxx.o(.text)
    DMA1_Stream5_IRQHandler                  0x080001b7   Thumb Code     0  startup_stm32f40_41xxx.o(.text)
    DMA1_Stream6_IRQHandler                  0x080001b7   Thumb Code     0  startup_stm32f40_41xxx.o(.text)
    DMA1_Stream7_IRQHandler                  0x080001b7   Thumb Code     0  startup_stm32f40_41xxx.o(.text)
    DMA2_Stream0_IRQHandler                  0x080001b7   Thumb Code     0  startup_stm32f40_41xxx.o(.text)
    DMA2_Stream1_IRQHandler                  0x080001b7   Thumb Code     0  startup_stm32f40_41xxx.o(.text)
    DMA2_Stream2_IRQHandler                  0x080001b7   Thumb Code     0  startup_stm32f40_41xxx.o(.text)
    DMA2_Stream3_IRQHandler                  0x080001b7   Thumb Code     0  startup_stm32f40_41xxx.o(.text)
    DMA2_Stream4_IRQHandler                  0x080001b7   Thumb Code     0  startup_stm32f40_41xxx.o(.text)
    DMA2_Stream5_IRQHandler                  0x080001b7   Thumb Code     0  startup_stm32f40_41xxx.o(.text)
    DMA2_Stream6_IRQHandler                  0x080001b7   Thumb Code     0  startup_stm32f40_41xxx.o(.text)
    DMA2_Stream7_IRQHandler                  0x080001b7   Thumb Code     0  startup_stm32f40_41xxx.o(.text)
    ETH_IRQHandler                           0x080001b7   Thumb Code     0  startup_stm32f40_41xxx.o(.text)
    ETH_WKUP_IRQHandler                      0x080001b7   Thumb Code     0  startup_stm32f40_41xxx.o(.text)
    EXTI0_IRQHandler                         0x080001b7   Thumb Code     0  startup_stm32f40_41xxx.o(.text)
    EXTI15_10_IRQHandler                     0x080001b7   Thumb Code     0  startup_stm32f40_41xxx.o(.text)
    EXTI1_IRQHandler                         0x080001b7   Thumb Code     0  startup_stm32f40_41xxx.o(.text)
    EXTI2_IRQHandler                         0x080001b7   Thumb Code     0  startup_stm32f40_41xxx.o(.text)
    EXTI3_IRQHandler                         0x080001b7   Thumb Code     0  startup_stm32f40_41xxx.o(.text)
    EXTI4_IRQHandler                         0x080001b7   Thumb Code     0  startup_stm32f40_41xxx.o(.text)
    EXTI9_5_IRQHandler                       0x080001b7   Thumb Code     0  startup_stm32f40_41xxx.o(.text)
    FLASH_IRQHandler                         0x080001b7   Thumb Code     0  startup_stm32f40_41xxx.o(.text)
    FPU_IRQHandler                           0x080001b7   Thumb Code     0  startup_stm32f40_41xxx.o(.text)
    FSMC_IRQHandler                          0x080001b7   Thumb Code     0  startup_stm32f40_41xxx.o(.text)
    HASH_RNG_IRQHandler                      0x080001b7   Thumb Code     0  startup_stm32f40_41xxx.o(.text)
    I2C1_ER_IRQHandler                       0x080001b7   Thumb Code     0  startup_stm32f40_41xxx.o(.text)
    I2C1_EV_IRQHandler                       0x080001b7   Thumb Code     0  startup_stm32f40_41xxx.o(.text)
    I2C2_ER_IRQHandler                       0x080001b7   Thumb Code     0  startup_stm32f40_41xxx.o(.text)
    I2C2_EV_IRQHandler                       0x080001b7   Thumb Code     0  startup_stm32f40_41xxx.o(.text)
    I2C3_ER_IRQHandler                       0x080001b7   Thumb Code     0  startup_stm32f40_41xxx.o(.text)
    I2C3_EV_IRQHandler                       0x080001b7   Thumb Code     0  startup_stm32f40_41xxx.o(.text)
    OTG_FS_IRQHandler                        0x080001b7   Thumb Code     0  startup_stm32f40_41xxx.o(.text)
    OTG_FS_WKUP_IRQHandler                   0x080001b7   Thumb Code     0  startup_stm32f40_41xxx.o(.text)
    OTG_HS_EP1_IN_IRQHandler                 0x080001b7   Thumb Code     0  startup_stm32f40_41xxx.o(.text)
    OTG_HS_EP1_OUT_IRQHandler                0x080001b7   Thumb Code     0  startup_stm32f40_41xxx.o(.text)
    OTG_HS_IRQHandler                        0x080001b7   Thumb Code     0  startup_stm32f40_41xxx.o(.text)
    OTG_HS_WKUP_IRQHandler                   0x080001b7   Thumb Code     0  startup_stm32f40_41xxx.o(.text)
    PVD_IRQHandler                           0x080001b7   Thumb Code     0  startup_stm32f40_41xxx.o(.text)
    RCC_IRQHandler                           0x080001b7   Thumb Code     0  startup_stm32f40_41xxx.o(.text)
    RTC_Alarm_IRQHandler                     0x080001b7   Thumb Code     0  startup_stm32f40_41xxx.o(.text)
    RTC_WKUP_IRQHandler                      0x080001b7   Thumb Code     0  startup_stm32f40_41xxx.o(.text)
    SDIO_IRQHandler                          0x080001b7   Thumb Code     0  startup_stm32f40_41xxx.o(.text)
    SPI1_IRQHandler                          0x080001b7   Thumb Code     0  startup_stm32f40_41xxx.o(.text)
    SPI2_IRQHandler                          0x080001b7   Thumb Code     0  startup_stm32f40_41xxx.o(.text)
    SPI3_IRQHandler                          0x080001b7   Thumb Code     0  startup_stm32f40_41xxx.o(.text)
    TAMP_STAMP_IRQHandler                    0x080001b7   Thumb Code     0  startup_stm32f40_41xxx.o(.text)
    TIM1_BRK_TIM9_IRQHandler                 0x080001b7   Thumb Code     0  startup_stm32f40_41xxx.o(.text)
    TIM1_CC_IRQHandler                       0x080001b7   Thumb Code     0  startup_stm32f40_41xxx.o(.text)
    TIM1_TRG_COM_TIM11_IRQHandler            0x080001b7   Thumb Code     0  startup_stm32f40_41xxx.o(.text)
    TIM1_UP_TIM10_IRQHandler                 0x080001b7   Thumb Code     0  startup_stm32f40_41xxx.o(.text)
    TIM2_IRQHandler                          0x080001b7   Thumb Code     0  startup_stm32f40_41xxx.o(.text)
    TIM3_IRQHandler                          0x080001b7   Thumb Code     0  startup_stm32f40_41xxx.o(.text)
    TIM4_IRQHandler                          0x080001b7   Thumb Code     0  startup_stm32f40_41xxx.o(.text)
    TIM5_IRQHandler                          0x080001b7   Thumb Code     0  startup_stm32f40_41xxx.o(.text)
    TIM6_DAC_IRQHandler                      0x080001b7   Thumb Code     0  startup_stm32f40_41xxx.o(.text)
    TIM7_IRQHandler                          0x080001b7   Thumb Code     0  startup_stm32f40_41xxx.o(.text)
    TIM8_BRK_TIM12_IRQHandler                0x080001b7   Thumb Code     0  startup_stm32f40_41xxx.o(.text)
    TIM8_CC_IRQHandler                       0x080001b7   Thumb Code     0  startup_stm32f40_41xxx.o(.text)
    TIM8_TRG_COM_TIM14_IRQHandler            0x080001b7   Thumb Code     0  startup_stm32f40_41xxx.o(.text)
    TIM8_UP_TIM13_IRQHandler                 0x080001b7   Thumb Code     0  startup_stm32f40_41xxx.o(.text)
    UART4_IRQHandler                         0x080001b7   Thumb Code     0  startup_stm32f40_41xxx.o(.text)
    UART5_IRQHandler                         0x080001b7   Thumb Code     0  startup_stm32f40_41xxx.o(.text)
    USART1_IRQHandler                        0x080001b7   Thumb Code     0  startup_stm32f40_41xxx.o(.text)
    USART2_IRQHandler                        0x080001b7   Thumb Code     0  startup_stm32f40_41xxx.o(.text)
    USART3_IRQHandler                        0x080001b7   Thumb Code     0  startup_stm32f40_41xxx.o(.text)
    USART6_IRQHandler                        0x080001b7   Thumb Code     0  startup_stm32f40_41xxx.o(.text)
    WWDG_IRQHandler                          0x080001b7   Thumb Code     0  startup_stm32f40_41xxx.o(.text)
    __aeabi_dadd                             0x080001c1   Thumb Code   322  dadd.o(.text)
    __aeabi_dsub                             0x08000303   Thumb Code     6  dadd.o(.text)
    __aeabi_drsub                            0x08000309   Thumb Code     6  dadd.o(.text)
    __aeabi_dmul                             0x0800030f   Thumb Code   228  dmul.o(.text)
    __aeabi_ddiv                             0x080003f3   Thumb Code   222  ddiv.o(.text)
    __aeabi_f2d                              0x080004d1   Thumb Code    38  f2d.o(.text)
    __aeabi_uidiv                            0x080004f7   Thumb Code     0  uidiv.o(.text)
    __aeabi_uidivmod                         0x080004f7   Thumb Code    44  uidiv.o(.text)
    __aeabi_uldivmod                         0x08000523   Thumb Code    98  uldiv.o(.text)
    __aeabi_llsl                             0x08000585   Thumb Code    30  llshl.o(.text)
    _ll_shift_l                              0x08000585   Thumb Code     0  llshl.o(.text)
    __aeabi_llsr                             0x080005a3   Thumb Code    32  llushr.o(.text)
    _ll_ushift_r                             0x080005a3   Thumb Code     0  llushr.o(.text)
    __aeabi_lasr                             0x080005c3   Thumb Code    36  llsshr.o(.text)
    _ll_sshift_r                             0x080005c3   Thumb Code     0  llsshr.o(.text)
    __I$use$fp                               0x080005e7   Thumb Code     0  iusefp.o(.text)
    _double_round                            0x080005e7   Thumb Code    30  depilogue.o(.text)
    _double_epilogue                         0x08000605   Thumb Code   156  depilogue.o(.text)
    __aeabi_d2ulz                            0x080006a1   Thumb Code    48  dfixul.o(.text)
    __aeabi_cdrcmple                         0x080006d1   Thumb Code    48  cdrcmple.o(.text)
    __scatterload                            0x08000701   Thumb Code    38  init.o(.text)
    __scatterload_rt2                        0x08000701   Thumb Code     0  init.o(.text)
    __decompress                             0x08000731   Thumb Code     0  __dczerorl.o(.text)
    __decompress0                            0x08000731   Thumb Code    58  __dczerorl.o(.text)
    BusFault_Handler                         0x0800076d   Thumb Code     4  stm32f4xx_it.o(.text.BusFault_Handler)
    DebugMon_Handler                         0x08000771   Thumb Code     2  stm32f4xx_it.o(.text.DebugMon_Handler)
    Device_Registration                      0x08000775   Thumb Code   190  dev_frame.o(.text.Device_Registration)
    HardFault_Handler                        0x08000835   Thumb Code     4  stm32f4xx_it.o(.text.HardFault_Handler)
    LCD_Clear                                0x08000839   Thumb Code   168  df_lcd.o(.text.LCD_Clear)
    LCD_DrawPoint                            0x080008e1   Thumb Code    82  df_lcd.o(.text.LCD_DrawPoint)
    LCD_FillRect                             0x08000935   Thumb Code   192  df_lcd.o(.text.LCD_FillRect)
    LCD_Printf                               0x080009f5   Thumb Code    70  df_lcd.o(.text.LCD_Printf)
    LCD_ShowChar                             0x08000afd   Thumb Code   168  df_lcd.o(.text.LCD_ShowChar)
    LCD_ShowImg                              0x08000ba5   Thumb Code   188  df_lcd.o(.text.LCD_ShowImg)
    LCD_TerminalOut                          0x08000c61   Thumb Code   212  df_lcd.o(.text.LCD_TerminalOut)
    LCD_Terminal_Scroll                      0x08000d35   Thumb Code    70  df_lcd.o(.text.LCD_Terminal_Scroll)
    LCD_WriteByte                            0x08000d7d   Thumb Code   144  df_lcd.o(.text.LCD_WriteByte)
    MemManage_Handler                        0x08000e0d   Thumb Code     4  stm32f4xx_it.o(.text.MemManage_Handler)
    NMI_Handler                              0x08000e11   Thumb Code     2  stm32f4xx_it.o(.text.NMI_Handler)
    PendSV_Handler                           0x08000e81   Thumb Code     2  stm32f4xx_it.o(.text.PendSV_Handler)
    SH1106_Clear                             0x08000e85   Thumb Code    94  sh1106.o(.text.SH1106_Clear)
    SH1106_ClearArea                         0x08000ee5   Thumb Code   200  sh1106.o(.text.SH1106_ClearArea)
    SH1106_DrawPoint                         0x08000fad   Thumb Code   104  sh1106.o(.text.SH1106_DrawPoint)
    SH1106_FillRect                          0x08001015   Thumb Code    72  i2c_dev.o(.text.SH1106_FillRect)
    SH1106_GetPoint                          0x0800105d   Thumb Code   110  sh1106.o(.text.SH1106_GetPoint)
    SH1106_Init                              0x080010cd   Thumb Code   342  sh1106.o(.text.SH1106_Init)
    SH1106_SetCursor                         0x08001225   Thumb Code    92  sh1106.o(.text.SH1106_SetCursor)
    SH1106_SetPixel                          0x08001281   Thumb Code    56  i2c_dev.o(.text.SH1106_SetPixel)
    SH1106_Update                            0x080012b9   Thumb Code    88  sh1106.o(.text.SH1106_Update)
    SVC_Handler                              0x08001311   Thumb Code     2  stm32f4xx_it.o(.text.SVC_Handler)
    Soft_IIC_Init                            0x08001449   Thumb Code    44  df_iic.o(.text.Soft_IIC_Init)
    Soft_IIC_Send_Byte                       0x08001475   Thumb Code   100  df_iic.o(.text.Soft_IIC_Send_Byte)
    Soft_IIC_Start                           0x080014d9   Thumb Code    52  df_iic.o(.text.Soft_IIC_Start)
    Soft_IIC_Stop                            0x0800150d   Thumb Code    52  df_iic.o(.text.Soft_IIC_Stop)
    Soft_IIC_Wait_Ack                        0x08001541   Thumb Code   110  df_iic.o(.text.Soft_IIC_Wait_Ack)
    Soft_IIC_Write_Byte                      0x080015b1   Thumb Code   130  df_iic.o(.text.Soft_IIC_Write_Byte)
    Soft_IIC_Write_Len                       0x08001635   Thumb Code   174  df_iic.o(.text.Soft_IIC_Write_Len)
    SysTick_Handler                          0x080016e5   Thumb Code     2  stm32f4xx_it.o(.text.SysTick_Handler)
    SystemInit                               0x080016e9   Thumb Code   116  system_stm32f4xx.o(.text.SystemInit)
    UsageFault_Handler                       0x0800175d   Thumb Code     4  stm32f4xx_it.o(.text.UsageFault_Handler)
    delay_ms                                 0x08001811   Thumb Code    64  delay.o(.text.delay_ms)
    delay_us                                 0x08001851   Thumb Code    60  delay.o(.text.delay_us)
    fputc                                    0x0800188d   Thumb Code    28  usart.o(.text.fputc)
    iic1_pins_config                         0x080018a9   Thumb Code   178  i2c_bus.o(.text.iic1_pins_config)
    iic1_read_sda                            0x0800195d   Thumb Code    16  i2c_bus.o(.text.iic1_read_sda)
    iic1_scl                                 0x0800196d   Thumb Code    50  i2c_bus.o(.text.iic1_scl)
    iic1_sda                                 0x080019a1   Thumb Code    50  i2c_bus.o(.text.iic1_sda)
    iic1_sda_in                              0x080019d5   Thumb Code    42  i2c_bus.o(.text.iic1_sda_in)
    iic1_sda_out                             0x08001a01   Thumb Code    42  i2c_bus.o(.text.iic1_sda_out)
    led_init                                 0x08001a2d   Thumb Code   134  led.o(.text.led_init)
    led_off                                  0x08001ab5   Thumb Code    36  led.o(.text.led_off)
    led_on                                   0x08001ad9   Thumb Code    38  led.o(.text.led_on)
    led_toggle                               0x08001b01   Thumb Code    42  led.o(.text.led_toggle)
    main                                     0x08001b2d   Thumb Code    80  main.o(.text.main)
    nvic_init                                0x08001b81   Thumb Code    48  nvic.o(.text.nvic_init)
    sh1106_dev_init                          0x08001bb1   Thumb Code   224  i2c_dev.o(.text.sh1106_dev_init)
    __0printf                                0x08001c91   Thumb Code    22  printfa.o(i.__0printf)
    __1printf                                0x08001c91   Thumb Code     0  printfa.o(i.__0printf)
    __2printf                                0x08001c91   Thumb Code     0  printfa.o(i.__0printf)
    __c89printf                              0x08001c91   Thumb Code     0  printfa.o(i.__0printf)
    printf                                   0x08001c91   Thumb Code     0  printfa.o(i.__0printf)
    __0vsnprintf                             0x08001cb1   Thumb Code    46  printfa.o(i.__0vsnprintf)
    __1vsnprintf                             0x08001cb1   Thumb Code     0  printfa.o(i.__0vsnprintf)
    __2vsnprintf                             0x08001cb1   Thumb Code     0  printfa.o(i.__0vsnprintf)
    __c89vsnprintf                           0x08001cb1   Thumb Code     0  printfa.o(i.__0vsnprintf)
    vsnprintf                                0x08001cb1   Thumb Code     0  printfa.o(i.__0vsnprintf)
    __scatterload_copy                       0x08001ce5   Thumb Code    14  handlers.o(i.__scatterload_copy)
    __scatterload_null                       0x08001cf3   Thumb Code     2  handlers.o(i.__scatterload_null)
    __scatterload_zeroinit                   0x08001cf5   Thumb Code    14  handlers.o(i.__scatterload_zeroinit)
    Consolas_Font8x16_Table                  0x080025cc   Data        1520  df_fonts.o(.rodata.Consolas_Font8x16_Table)
    Region$$Table$$Base                      0x08002eb0   Number         0  anon$$obj.o(Region$$Table)
    Region$$Table$$Limit                     0x08002ed0   Number         0  anon$$obj.o(Region$$Table)
    __stdout                                 0x20000000   Data           4  stdout.o(.data)
    Consolas_Font_8x16                       0x20000004   Data           8  df_fonts.o(.data.Consolas_Font_8x16)
    Dev_info_poor                            0x2000000c   Data         176  init.o(.data.Dev_info_poor)
    delay                                    0x200000bc   Data          16  delay.o(.data.delay)
    i2c1_bus                                 0x200000cc   Data          32  i2c_bus.o(.data.i2c1_bus)
    lcd_sh1106                               0x200000ec   Data          44  init.o(.data.lcd_sh1106)
    led                                      0x20000118   Data          24  led.o(.data.led)
    SH1106_DisplayBuf                        0x20000130   Data        1024  sh1106.o(.bss.SH1106_DisplayBuf)
    pitch                                    0x20000530   Data           4  main.o(.bss.pitch)
    __initial_sp                             0x20000938   Data           0  startup_stm32f40_41xxx.o(STACK)



==============================================================================

Memory Map of the image

  Image Entry point : 0x08000189

  Load Region LR_IROM1 (Base: 0x08000000, Size: 0x00003000, Max: 0x00080000, ABSOLUTE, COMPRESSED[0x00002f70])

    Execution Region ER_IROM1 (Exec base: 0x08000000, Load base: 0x08000000, Size: 0x00002ed0, Max: 0x00080000, ABSOLUTE)

    Exec Addr    Load Addr    Size         Type   Attr      Idx    E Section Name        Object

    0x08000000   0x08000000   0x00000188   Data   RO           69    RESET               startup_stm32f40_41xxx.o
    0x08000188   0x08000188   0x00000000   Code   RO          796  * .ARM.Collect$$$$00000000  mc_w.l(entry.o)
    0x08000188   0x08000188   0x00000004   Code   RO          908    .ARM.Collect$$$$00000001  mc_w.l(entry2.o)
    0x0800018c   0x0800018c   0x00000004   Code   RO          911    .ARM.Collect$$$$00000004  mc_w.l(entry5.o)
    0x08000190   0x08000190   0x00000000   Code   RO          913    .ARM.Collect$$$$00000008  mc_w.l(entry7b.o)
    0x08000190   0x08000190   0x00000000   Code   RO          915    .ARM.Collect$$$$0000000A  mc_w.l(entry8b.o)
    0x08000190   0x08000190   0x00000008   Code   RO          916    .ARM.Collect$$$$0000000B  mc_w.l(entry9a.o)
    0x08000198   0x08000198   0x00000000   Code   RO          918    .ARM.Collect$$$$0000000D  mc_w.l(entry10a.o)
    0x08000198   0x08000198   0x00000000   Code   RO          920    .ARM.Collect$$$$0000000F  mc_w.l(entry11a.o)
    0x08000198   0x08000198   0x00000004   Code   RO          909    .ARM.Collect$$$$00002712  mc_w.l(entry2.o)
    0x0800019c   0x0800019c   0x00000024   Code   RO           70    .text               startup_stm32f40_41xxx.o
    0x080001c0   0x080001c0   0x0000014e   Code   RO          848    .text               mf_w.l(dadd.o)
    0x0800030e   0x0800030e   0x000000e4   Code   RO          850    .text               mf_w.l(dmul.o)
    0x080003f2   0x080003f2   0x000000de   Code   RO          852    .text               mf_w.l(ddiv.o)
    0x080004d0   0x080004d0   0x00000026   Code   RO          866    .text               mf_w.l(f2d.o)
    0x080004f6   0x080004f6   0x0000002c   Code   RO          931    .text               mc_w.l(uidiv.o)
    0x08000522   0x08000522   0x00000062   Code   RO          933    .text               mc_w.l(uldiv.o)
    0x08000584   0x08000584   0x0000001e   Code   RO          935    .text               mc_w.l(llshl.o)
    0x080005a2   0x080005a2   0x00000020   Code   RO          937    .text               mc_w.l(llushr.o)
    0x080005c2   0x080005c2   0x00000024   Code   RO          939    .text               mc_w.l(llsshr.o)
    0x080005e6   0x080005e6   0x00000000   Code   RO          948    .text               mc_w.l(iusefp.o)
    0x080005e6   0x080005e6   0x000000ba   Code   RO          951    .text               mf_w.l(depilogue.o)
    0x080006a0   0x080006a0   0x00000030   Code   RO          957    .text               mf_w.l(dfixul.o)
    0x080006d0   0x080006d0   0x00000030   Code   RO          961    .text               mf_w.l(cdrcmple.o)
    0x08000700   0x08000700   0x00000030   Code   RO          963    .text               mc_w.l(init.o)
    0x08000730   0x08000730   0x0000003a   Code   RO          975    .text               mc_w.l(__dczerorl.o)
    0x0800076a   0x0800076a   0x00000002   PAD
    0x0800076c   0x0800076c   0x00000004   Code   RO           34    .text.BusFault_Handler  stm32f4xx_it.o
    0x08000770   0x08000770   0x00000002   Code   RO           40    .text.DebugMon_Handler  stm32f4xx_it.o
    0x08000772   0x08000772   0x00000002   PAD
    0x08000774   0x08000774   0x000000be   Code   RO          540    .text.Device_Registration  dev_frame.o
    0x08000832   0x08000832   0x00000002   PAD
    0x08000834   0x08000834   0x00000004   Code   RO           30    .text.HardFault_Handler  stm32f4xx_it.o
    0x08000838   0x08000838   0x000000a8   Code   RO          576    .text.LCD_Clear     df_lcd.o
    0x080008e0   0x080008e0   0x00000052   Code   RO          578    .text.LCD_DrawPoint  df_lcd.o
    0x08000932   0x08000932   0x00000002   PAD
    0x08000934   0x08000934   0x000000c0   Code   RO          584    .text.LCD_FillRect  df_lcd.o
    0x080009f4   0x080009f4   0x00000046   Code   RO          610    .text.LCD_Printf    df_lcd.o
    0x08000a3a   0x08000a3a   0x00000002   PAD
    0x08000a3c   0x08000a3c   0x000000c0   Code   RO          606    .text.LCD_Scroll_Software  df_lcd.o
    0x08000afc   0x08000afc   0x000000a8   Code   RO          596    .text.LCD_ShowChar  df_lcd.o
    0x08000ba4   0x08000ba4   0x000000bc   Code   RO          594    .text.LCD_ShowImg   df_lcd.o
    0x08000c60   0x08000c60   0x000000d4   Code   RO          608    .text.LCD_TerminalOut  df_lcd.o
    0x08000d34   0x08000d34   0x00000046   Code   RO          604    .text.LCD_Terminal_Scroll  df_lcd.o
    0x08000d7a   0x08000d7a   0x00000002   PAD
    0x08000d7c   0x08000d7c   0x00000090   Code   RO          592    .text.LCD_WriteByte  df_lcd.o
    0x08000e0c   0x08000e0c   0x00000004   Code   RO           32    .text.MemManage_Handler  stm32f4xx_it.o
    0x08000e10   0x08000e10   0x00000002   Code   RO           28    .text.NMI_Handler   stm32f4xx_it.o
    0x08000e12   0x08000e12   0x00000002   PAD
    0x08000e14   0x08000e14   0x0000006c   Code   RO          487    .text.NVIC_EncodePriority  nvic.o
    0x08000e80   0x08000e80   0x00000002   Code   RO           42    .text.PendSV_Handler  stm32f4xx_it.o
    0x08000e82   0x08000e82   0x00000002   PAD
    0x08000e84   0x08000e84   0x0000005e   Code   RO          279    .text.SH1106_Clear  sh1106.o
    0x08000ee2   0x08000ee2   0x00000002   PAD
    0x08000ee4   0x08000ee4   0x000000c8   Code   RO          295    .text.SH1106_ClearArea  sh1106.o
    0x08000fac   0x08000fac   0x00000068   Code   RO          319    .text.SH1106_DrawPoint  sh1106.o
    0x08001014   0x08001014   0x00000048   Code   RO          427    .text.SH1106_FillRect  i2c_dev.o
    0x0800105c   0x0800105c   0x0000006e   Code   RO          321    .text.SH1106_GetPoint  sh1106.o
    0x080010ca   0x080010ca   0x00000002   PAD
    0x080010cc   0x080010cc   0x00000156   Code   RO          277    .text.SH1106_Init   sh1106.o
    0x08001222   0x08001222   0x00000002   PAD
    0x08001224   0x08001224   0x0000005c   Code   RO          285    .text.SH1106_SetCursor  sh1106.o
    0x08001280   0x08001280   0x00000038   Code   RO          425    .text.SH1106_SetPixel  i2c_dev.o
    0x080012b8   0x080012b8   0x00000058   Code   RO          281    .text.SH1106_Update  sh1106.o
    0x08001310   0x08001310   0x00000002   Code   RO           38    .text.SVC_Handler   stm32f4xx_it.o
    0x08001312   0x08001312   0x00000002   PAD
    0x08001314   0x08001314   0x00000134   Code   RO           55    .text.SetSysClock   system_stm32f4xx.o
    0x08001448   0x08001448   0x0000002c   Code   RO          653    .text.Soft_IIC_Init  df_iic.o
    0x08001474   0x08001474   0x00000064   Code   RO          665    .text.Soft_IIC_Send_Byte  df_iic.o
    0x080014d8   0x080014d8   0x00000034   Code   RO          655    .text.Soft_IIC_Start  df_iic.o
    0x0800150c   0x0800150c   0x00000034   Code   RO          657    .text.Soft_IIC_Stop  df_iic.o
    0x08001540   0x08001540   0x0000006e   Code   RO          659    .text.Soft_IIC_Wait_Ack  df_iic.o
    0x080015ae   0x080015ae   0x00000002   PAD
    0x080015b0   0x080015b0   0x00000082   Code   RO          669    .text.Soft_IIC_Write_Byte  df_iic.o
    0x08001632   0x08001632   0x00000002   PAD
    0x08001634   0x08001634   0x000000ae   Code   RO          673    .text.Soft_IIC_Write_Len  df_iic.o
    0x080016e2   0x080016e2   0x00000002   PAD
    0x080016e4   0x080016e4   0x00000002   Code   RO           44    .text.SysTick_Handler  stm32f4xx_it.o
    0x080016e6   0x080016e6   0x00000002   PAD
    0x080016e8   0x080016e8   0x00000074   Code   RO           53    .text.SystemInit    system_stm32f4xx.o
    0x0800175c   0x0800175c   0x00000004   Code   RO           36    .text.UsageFault_Handler  stm32f4xx_it.o
    0x08001760   0x08001760   0x00000030   Code   RO          489    .text.__NVIC_EnableIRQ  nvic.o
    0x08001790   0x08001790   0x00000042   Code   RO          485    .text.__NVIC_SetPriority  nvic.o
    0x080017d2   0x080017d2   0x00000002   PAD
    0x080017d4   0x080017d4   0x0000003c   Code   RO          483    .text.__NVIC_SetPriorityGrouping  nvic.o
    0x08001810   0x08001810   0x00000040   Code   RO          391    .text.delay_ms      delay.o
    0x08001850   0x08001850   0x0000003c   Code   RO          395    .text.delay_us      delay.o
    0x0800188c   0x0800188c   0x0000001c   Code   RO          527    .text.fputc         usart.o
    0x080018a8   0x080018a8   0x000000b2   Code   RO          405    .text.iic1_pins_config  i2c_bus.o
    0x0800195a   0x0800195a   0x00000002   PAD
    0x0800195c   0x0800195c   0x00000010   Code   RO          415    .text.iic1_read_sda  i2c_bus.o
    0x0800196c   0x0800196c   0x00000032   Code   RO          407    .text.iic1_scl      i2c_bus.o
    0x0800199e   0x0800199e   0x00000002   PAD
    0x080019a0   0x080019a0   0x00000032   Code   RO          409    .text.iic1_sda      i2c_bus.o
    0x080019d2   0x080019d2   0x00000002   PAD
    0x080019d4   0x080019d4   0x0000002a   Code   RO          411    .text.iic1_sda_in   i2c_bus.o
    0x080019fe   0x080019fe   0x00000002   PAD
    0x08001a00   0x08001a00   0x0000002a   Code   RO          413    .text.iic1_sda_out  i2c_bus.o
    0x08001a2a   0x08001a2a   0x00000002   PAD
    0x08001a2c   0x08001a2c   0x00000086   Code   RO          447    .text.led_init      led.o
    0x08001ab2   0x08001ab2   0x00000002   PAD
    0x08001ab4   0x08001ab4   0x00000024   Code   RO          451    .text.led_off       led.o
    0x08001ad8   0x08001ad8   0x00000026   Code   RO          449    .text.led_on        led.o
    0x08001afe   0x08001afe   0x00000002   PAD
    0x08001b00   0x08001b00   0x0000002a   Code   RO          453    .text.led_toggle    led.o
    0x08001b2a   0x08001b2a   0x00000002   PAD
    0x08001b2c   0x08001b2c   0x00000054   Code   RO           15    .text.main          main.o
    0x08001b80   0x08001b80   0x00000030   Code   RO          481    .text.nvic_init     nvic.o
    0x08001bb0   0x08001bb0   0x000000e0   Code   RO          431    .text.sh1106_dev_init  i2c_dev.o
    0x08001c90   0x08001c90   0x00000020   Code   RO          821    i.__0printf         mc_w.l(printfa.o)
    0x08001cb0   0x08001cb0   0x00000034   Code   RO          826    i.__0vsnprintf      mc_w.l(printfa.o)
    0x08001ce4   0x08001ce4   0x0000000e   Code   RO          969    i.__scatterload_copy  mc_w.l(handlers.o)
    0x08001cf2   0x08001cf2   0x00000002   Code   RO          970    i.__scatterload_null  mc_w.l(handlers.o)
    0x08001cf4   0x08001cf4   0x0000000e   Code   RO          971    i.__scatterload_zeroinit  mc_w.l(handlers.o)
    0x08001d02   0x08001d02   0x00000002   PAD
    0x08001d04   0x08001d04   0x00000184   Code   RO          828    i._fp_digits        mc_w.l(printfa.o)
    0x08001e88   0x08001e88   0x000006dc   Code   RO          829    i._printf_core      mc_w.l(printfa.o)
    0x08002564   0x08002564   0x00000024   Code   RO          830    i._printf_post_padding  mc_w.l(printfa.o)
    0x08002588   0x08002588   0x0000002e   Code   RO          831    i._printf_pre_padding  mc_w.l(printfa.o)
    0x080025b6   0x080025b6   0x00000016   Code   RO          832    i._snputc           mc_w.l(printfa.o)
    0x080025cc   0x080025cc   0x000005f0   Data   RO          567    .rodata.Consolas_Font8x16_Table  df_fonts.o
    0x08002bbc   0x08002bbc   0x00000006   Data   RO           17    .rodata.str1.1      main.o
    0x08002bc2   0x08002bc2   0x00000277   Data   RO          439    .rodata.str1.1      i2c_dev.o
    0x08002e39   0x08002e39   0x0000000c   Data   RO          456    .rodata.str1.1      led.o
    0x08002e45   0x08002e45   0x00000069   Data   RO          544    .rodata.str1.1      dev_frame.o
    0x08002eae   0x08002eae   0x00000002   PAD
    0x08002eb0   0x08002eb0   0x00000020   Data   RO          968    Region$$Table       anon$$obj.o


    Execution Region RW_IRAM1 (Exec base: 0x20000000, Load base: 0x08002ed0, Size: 0x00000938, Max: 0x00020000, ABSOLUTE, COMPRESSED[0x000000a0])

    Exec Addr    Load Addr    Size         Type   Attr      Idx    E Section Name        Object

    0x20000000   COMPRESSED   0x00000004   Data   RW          801    .data               mc_w.l(stdout.o)
    0x20000004   COMPRESSED   0x00000008   Data   RW          568    .data.Consolas_Font_8x16  df_fonts.o
    0x2000000c   COMPRESSED   0x000000b0   Data   RW            7    .data.Dev_info_poor  init.o
    0x200000bc   COMPRESSED   0x00000010   Data   RW          397    .data.delay         delay.o
    0x200000cc   COMPRESSED   0x00000020   Data   RW          417    .data.i2c1_bus      i2c_bus.o
    0x200000ec   COMPRESSED   0x0000002c   Data   RW            6    .data.lcd_sh1106    init.o
    0x20000118   COMPRESSED   0x00000018   Data   RW          455    .data.led           led.o
    0x20000130        -       0x00000400   Zero   RW          336    .bss.SH1106_DisplayBuf  sh1106.o
    0x20000530        -       0x00000004   Zero   RW           18    .bss.pitch          main.o
    0x20000534   COMPRESSED   0x00000004   PAD
    0x20000538        -       0x00000400   Zero   RW           67    STACK               startup_stm32f40_41xxx.o


==============================================================================

Image component sizes


      Code (inc. data)   RO Data    RW Data    ZI Data      Debug   Object Name

       124          0          0         16          0       1446   delay.o
       190          0        105          0          0       1564   dev_frame.o
         0          0       1520          8          0        846   df_fonts.o
       662          0          0          0          0       3804   df_iic.o
      1486          0          0          0          0       9465   df_lcd.o
       378          0          0         32          0       2708   i2c_bus.o
       352          0        631          0          0       3113   i2c_dev.o
         0          0          0        220          0       2567   init.o
       250          0         12         24          0       2597   led.o
        84          4          6          0          4        577   main.o
       330          0          0          0          0       4778   nvic.o
      1030          0          0          0       1024      13435   sh1106.o
        36          8        392          0       1024        864   startup_stm32f40_41xxx.o
        26          0          0          0          0        994   stm32f4xx_it.o
       424          0          0          0          0       3279   system_stm32f4xx.o
        28          0          0          0          0       4289   usart.o

    ----------------------------------------------------------------------
      5448         12       2700        300       2056      56326   Object Totals
         0          0         32          0          0          0   (incl. Generated)
        48          0          2          0          4          0   (incl. Padding)

    ----------------------------------------------------------------------

      Code (inc. data)   RO Data    RW Data    ZI Data      Debug   Library Member Name

        58          0          0          0          0          0   __dczerorl.o
         0          0          0          0          0          0   entry.o
         0          0          0          0          0          0   entry10a.o
         0          0          0          0          0          0   entry11a.o
         8          4          0          0          0          0   entry2.o
         4          0          0          0          0          0   entry5.o
         0          0          0          0          0          0   entry7b.o
         0          0          0          0          0          0   entry8b.o
         8          4          0          0          0          0   entry9a.o
        30          0          0          0          0          0   handlers.o
        48         10          0          0          0         68   init.o
         0          0          0          0          0          0   iusefp.o
        30          0          0          0          0         68   llshl.o
        36          0          0          0          0         68   llsshr.o
        32          0          0          0          0         68   llushr.o
      2332         96          0          0          0        600   printfa.o
         0          0          0          4          0          0   stdout.o
        44          0          0          0          0         80   uidiv.o
        98          0          0          0          0         92   uldiv.o
        48          0          0          0          0         68   cdrcmple.o
       334          0          0          0          0        148   dadd.o
       222          0          0          0          0        100   ddiv.o
       186          0          0          0          0        176   depilogue.o
        48          0          0          0          0         68   dfixul.o
       228          0          0          0          0         96   dmul.o
        38          0          0          0          0         68   f2d.o

    ----------------------------------------------------------------------
      3836        114          0          4          0       1768   Library Totals
         4          0          0          0          0          0   (incl. Padding)

    ----------------------------------------------------------------------

      Code (inc. data)   RO Data    RW Data    ZI Data      Debug   Library Name

      2728        114          0          4          0       1044   mc_w.l
      1104          0          0          0          0        724   mf_w.l

    ----------------------------------------------------------------------
      3836        114          0          4          0       1768   Library Totals

    ----------------------------------------------------------------------

==============================================================================


      Code (inc. data)   RO Data    RW Data    ZI Data      Debug   

      9284        126       2700        304       2056      57254   Grand Totals
      9284        126       2700        160       2056      57254   ELF Image Totals (compressed)
      9284        126       2700        160          0          0   ROM Totals

==============================================================================

    Total RO  Size (Code + RO Data)                11984 (  11.70kB)
    Total RW  Size (RW Data + ZI Data)              2360 (   2.30kB)
    Total ROM Size (Code + RO Data + RW Data)      12144 (  11.86kB)

==============================================================================

