Component: Arm Compiler for Embedded 6.24 Tool: armlink [5f371500]

==============================================================================

Section Cross References

    init.o(.data.Shell) refers to usart.o(.text.USART1_ReceiveChar) for USART1_ReceiveChar
    init.o(.data.STM32F103C8T6_Device) refers to init.o(.rodata.str1.1) for [Anonymous Symbol]
    init.o(.data.lcd_sh1106) refers to i2c_dev.o(.text.SH1106_SetPixel) for SH1106_SetPixel
    init.o(.data.lcd_sh1106) refers to sh1106.o(.text.SH1106_GetPoint) for SH1106_GetPoint
    init.o(.data.lcd_sh1106) refers to i2c_dev.o(.text.SH1106_FillRect) for SH1106_FillRect
    init.o(.data.lcd_sh1106) refers to sh1106.o(.text.SH1106_Update) for SH1106_Update
    init.o(.data.lcd_sh1106) refers to df_fonts.o(.data.Consolas_Font_8x16) for Consolas_Font_8x16
    init.o(.data.Dev_info_poor) refers to init.o(.data.lcd_sh1106) for lcd_sh1106
    init.o(.data.Dev_info_poor) refers to i2c_dev.o(.text.sh1106_dev_init) for sh1106_dev_init
    init.o(.data.Dev_info_poor) refers to nvic.o(.text.nvic_init) for nvic_init
    init.o(.data.Dev_info_poor) refers to led.o(.text.led_init) for led_init
    init.o(.data.Dev_info_poor) refers to led.o(.text.led_on) for led_on
    init.o(.data.Dev_info_poor) refers to led.o(.text.led_off) for led_off
    main.o(.text.main) refers to init.o(.data.Dev_info_poor) for Dev_info_poor
    main.o(.text.main) refers to dev_frame.o(.text.Device_Registration) for Device_Registration
    main.o(.text.main) refers to main.o(.bss.pitch) for pitch
    main.o(.text.main) refers to f2d.o(.text) for __aeabi_f2d
    main.o(.text.main) refers to printfa.o(i.__0printf) for __2printf
    main.o(.text.main) refers to fadd.o(.text) for __aeabi_fadd
    main.o(.ARM.exidx.text.main) refers to main.o(.text.main) for [Anonymous Symbol]
    stm32f10x_it.o(.ARM.exidx.text.NMI_Handler) refers to stm32f10x_it.o(.text.NMI_Handler) for [Anonymous Symbol]
    stm32f10x_it.o(.ARM.exidx.text.HardFault_Handler) refers to stm32f10x_it.o(.text.HardFault_Handler) for [Anonymous Symbol]
    stm32f10x_it.o(.ARM.exidx.text.MemManage_Handler) refers to stm32f10x_it.o(.text.MemManage_Handler) for [Anonymous Symbol]
    stm32f10x_it.o(.ARM.exidx.text.BusFault_Handler) refers to stm32f10x_it.o(.text.BusFault_Handler) for [Anonymous Symbol]
    stm32f10x_it.o(.ARM.exidx.text.UsageFault_Handler) refers to stm32f10x_it.o(.text.UsageFault_Handler) for [Anonymous Symbol]
    stm32f10x_it.o(.ARM.exidx.text.SVC_Handler) refers to stm32f10x_it.o(.text.SVC_Handler) for [Anonymous Symbol]
    stm32f10x_it.o(.ARM.exidx.text.DebugMon_Handler) refers to stm32f10x_it.o(.text.DebugMon_Handler) for [Anonymous Symbol]
    stm32f10x_it.o(.ARM.exidx.text.PendSV_Handler) refers to stm32f10x_it.o(.text.PendSV_Handler) for [Anonymous Symbol]
    stm32f10x_it.o(.text.SysTick_Handler) refers to irq.o(.text.SysTick_CallBack) for SysTick_CallBack
    stm32f10x_it.o(.ARM.exidx.text.SysTick_Handler) refers to stm32f10x_it.o(.text.SysTick_Handler) for [Anonymous Symbol]
    system_stm32f10x.o(.ARM.exidx.text.SystemInit) refers to system_stm32f10x.o(.text.SystemInit) for [Anonymous Symbol]
    system_stm32f10x.o(.text.SystemCoreClockUpdate) refers to system_stm32f10x.o(.data.SystemCoreClock) for SystemCoreClock
    system_stm32f10x.o(.text.SystemCoreClockUpdate) refers to system_stm32f10x.o(.rodata.AHBPrescTable) for AHBPrescTable
    system_stm32f10x.o(.ARM.exidx.text.SystemCoreClockUpdate) refers to system_stm32f10x.o(.text.SystemCoreClockUpdate) for [Anonymous Symbol]
    startup_stm32f10x_md.o(RESET) refers to startup_stm32f10x_md.o(STACK) for __initial_sp
    startup_stm32f10x_md.o(RESET) refers to startup_stm32f10x_md.o(.text) for Reset_Handler
    startup_stm32f10x_md.o(RESET) refers to stm32f10x_it.o(.text.NMI_Handler) for NMI_Handler
    startup_stm32f10x_md.o(RESET) refers to stm32f10x_it.o(.text.HardFault_Handler) for HardFault_Handler
    startup_stm32f10x_md.o(RESET) refers to stm32f10x_it.o(.text.MemManage_Handler) for MemManage_Handler
    startup_stm32f10x_md.o(RESET) refers to stm32f10x_it.o(.text.BusFault_Handler) for BusFault_Handler
    startup_stm32f10x_md.o(RESET) refers to stm32f10x_it.o(.text.UsageFault_Handler) for UsageFault_Handler
    startup_stm32f10x_md.o(RESET) refers to stm32f10x_it.o(.text.SVC_Handler) for SVC_Handler
    startup_stm32f10x_md.o(RESET) refers to stm32f10x_it.o(.text.DebugMon_Handler) for DebugMon_Handler
    startup_stm32f10x_md.o(RESET) refers to stm32f10x_it.o(.text.PendSV_Handler) for PendSV_Handler
    startup_stm32f10x_md.o(RESET) refers to stm32f10x_it.o(.text.SysTick_Handler) for SysTick_Handler
    startup_stm32f10x_md.o(RESET) refers to irq.o(.text.USART1_IRQHandler) for USART1_IRQHandler
    startup_stm32f10x_md.o(.text) refers to system_stm32f10x.o(.text.SystemInit) for SystemInit
    startup_stm32f10x_md.o(.text) refers to entry.o(.ARM.Collect$$$$00000000) for __main
[...]
    Removing inv_mpu.o(.ARM.exidx.text.mpu_read_fifo), (8 bytes).
    Removing inv_mpu.o(.text.mpu_read_fifo_stream), (190 bytes).
    Removing inv_mpu.o(.ARM.exidx.text.mpu_read_fifo_stream), (8 bytes).
    Removing inv_mpu.o(.text.mpu_set_int_level), (18 bytes).
    Removing inv_mpu.o(.ARM.exidx.text.mpu_set_int_level), (8 bytes).
    Removing inv_mpu.o(.text.mpu_run_self_test), (2100 bytes).
    Removing inv_mpu.o(.ARM.exidx.text.mpu_run_self_test), (8 bytes).
    Removing inv_mpu.o(.text.mpu_set_dmp_state), (224 bytes).
    Removing inv_mpu.o(.ARM.exidx.text.mpu_set_dmp_state), (8 bytes).
    Removing inv_mpu.o(.text.get_st_biases), (830 bytes).
    Removing inv_mpu.o(.ARM.exidx.text.get_st_biases), (8 bytes).
    Removing inv_mpu.o(.text.mpu_write_mem), (128 bytes).
    Removing inv_mpu.o(.ARM.exidx.text.mpu_write_mem), (8 bytes).
    Removing inv_mpu.o(.text.mpu_read_mem), (128 bytes).
    Removing inv_mpu.o(.ARM.exidx.text.mpu_read_mem), (8 bytes).
    Removing inv_mpu.o(.text.mpu_load_firmware), (322 bytes).
    Removing inv_mpu.o(.ARM.exidx.text.mpu_load_firmware), (8 bytes).
    Removing inv_mpu.o(.text.mpu_get_dmp_state), (20 bytes).
    Removing inv_mpu.o(.ARM.exidx.text.mpu_get_dmp_state), (8 bytes).
    Removing inv_mpu.o(.text.setup_compass), (6 bytes).
    Removing inv_mpu.o(.ARM.exidx.text.setup_compass), (8 bytes).
    Removing inv_mpu.o(.text.mpu_get_compass_reg), (6 bytes).
    Removing inv_mpu.o(.ARM.exidx.text.mpu_get_compass_reg), (8 bytes).
    Removing inv_mpu.o(.text.mpu_get_compass_fsr), (6 bytes).
    Removing inv_mpu.o(.ARM.exidx.text.mpu_get_compass_fsr), (8 bytes).
    Removing inv_mpu.o(.text.mpu_lp_motion_interrupt), (1060 bytes).
    Removing inv_mpu.o(.ARM.exidx.text.mpu_lp_motion_interrupt), (8 bytes).
    Removing inv_mpu.o(.text.run_self_test), (18 bytes).
    Removing inv_mpu.o(.ARM.exidx.text.run_self_test), (8 bytes).
    Removing inv_mpu.o(.text.inv_orientation_matrix_to_scalar), (220 bytes).
    Removing inv_mpu.o(.ARM.exidx.text.inv_orientation_matrix_to_scalar), (8 bytes).
    Removing inv_mpu.o(.text.inv_row_2_scale), (58 bytes).
    Removing inv_mpu.o(.ARM.exidx.text.inv_row_2_scale), (8 bytes).
    Removing inv_mpu.o(.text.mpu_dmp_init), (246 bytes).
    Removing inv_mpu.o(.ARM.exidx.text.mpu_dmp_init), (8 bytes).
    Removing inv_mpu.o(.text.mpu_dmp_get_data), (504 bytes).
    Removing inv_mpu.o(.ARM.exidx.text.mpu_dmp_get_data), (8 bytes).
    Removing inv_mpu.o(.rodata.reg), (27 bytes).
    Removing inv_mpu.o(.rodata.hw), (12 bytes).
    Removing inv_mpu.o(.rodata.test), (40 bytes).
    Removing inv_mpu.o(.rodata.str1.1), (76 bytes).
    Removing inv_mpu.o(.rodata.cst8), (24 bytes).
    Removing inv_mpu.o(.rodata..Lswitch.table.mpu_lp_motion_interrupt.11), (12 bytes).
    Removing inv_mpu.o(.data..L_MergedGlobals), (56 bytes).
    Removing inv_mpu_dmp_motion_driver.o(.text), (0 bytes).
    Removing inv_mpu_dmp_motion_driver.o(.text.dmp_load_motion_driver_firmware), (22 bytes).
    Removing inv_mpu_dmp_motion_driver.o(.ARM.exidx.text.dmp_load_motion_driver_firmware), (8 bytes).
    Removing inv_mpu_dmp_motion_driver.o(.text.dmp_set_orientation), (232 bytes).
    Removing inv_mpu_dmp_motion_driver.o(.ARM.exidx.text.dmp_set_orientation), (8 bytes).
    Removing inv_mpu_dmp_motion_driver.o(.text.dmp_set_gyro_bias), (224 bytes).
    Removing inv_mpu_dmp_motion_driver.o(.ARM.exidx.text.dmp_set_gyro_bias), (8 bytes).
    Removing inv_mpu_dmp_motion_driver.o(.text.dmp_set_accel_bias), (192 bytes).
    Removing inv_mpu_dmp_motion_driver.o(.ARM.exidx.text.dmp_set_accel_bias), (8 bytes).
    Removing inv_mpu_dmp_motion_driver.o(.text.dmp_set_fifo_rate), (112 bytes).
    Removing inv_mpu_dmp_motion_driver.o(.ARM.exidx.text.dmp_set_fifo_rate), (8 bytes).
    Removing inv_mpu_dmp_motion_driver.o(.text.dmp_get_fifo_rate), (18 bytes).
    Removing inv_mpu_dmp_motion_driver.o(.ARM.exidx.text.dmp_get_fifo_rate), (8 bytes).
    Removing inv_mpu_dmp_motion_driver.o(.text.dmp_set_tap_thresh), (314 bytes).
    Removing inv_mpu_dmp_motion_driver.o(.ARM.exidx.text.dmp_set_tap_thresh), (8 bytes).
    Removing inv_mpu_dmp_motion_driver.o(.text.dmp_set_tap_axes), (56 bytes).
    Removing inv_mpu_dmp_motion_driver.o(.ARM.exidx.text.dmp_set_tap_axes), (8 bytes).
    Removing inv_mpu_dmp_motion_driver.o(.text.dmp_set_tap_count), (40 bytes).
    Removing inv_mpu_dmp_motion_driver.o(.ARM.exidx.text.dmp_set_tap_count), (8 bytes).
    Removing inv_mpu_dmp_motion_driver.o(.text.dmp_set_tap_time), (36 bytes).
    Removing inv_mpu_dmp_motion_driver.o(.ARM.exidx.text.dmp_set_tap_time), (8 bytes).
    Removing inv_mpu_dmp_motion_driver.o(.text.dmp_set_tap_time_multi), (36 bytes).
    Removing inv_mpu_dmp_motion_driver.o(.ARM.exidx.text.dmp_set_tap_time_multi), (8 bytes).
    Removing inv_mpu_dmp_motion_driver.o(.text.dmp_set_shake_reject_thresh), (44 bytes).
    Removing inv_mpu_dmp_motion_driver.o(.ARM.exidx.text.dmp_set_shake_reject_thresh), (8 bytes).
    Removing inv_mpu_dmp_motion_driver.o(.text.dmp_set_shake_reject_time), (36 bytes).
    Removing inv_mpu_dmp_motion_driver.o(.ARM.exidx.text.dmp_set_shake_reject_time), (8 bytes).
    Removing inv_mpu_dmp_motion_driver.o(.text.dmp_set_shake_reject_timeout), (36 bytes).
    Removing inv_mpu_dmp_motion_driver.o(.ARM.exidx.text.dmp_set_shake_reject_timeout), (8 bytes).
    Removing inv_mpu_dmp_motion_driver.o(.text.dmp_get_pedometer_step_count), (52 bytes).
    Removing inv_mpu_dmp_motion_driver.o(.ARM.exidx.text.dmp_get_pedometer_step_count), (8 bytes).
    Removing inv_mpu_dmp_motion_driver.o(.text.dmp_set_pedometer_step_count), (24 bytes).
    Removing inv_mpu_dmp_motion_driver.o(.ARM.exidx.text.dmp_set_pedometer_step_count), (8 bytes).
    Removing inv_mpu_dmp_motion_driver.o(.text.dmp_get_pedometer_walk_time), (58 bytes).
    Removing inv_mpu_dmp_motion_driver.o(.ARM.exidx.text.dmp_get_pedometer_walk_time), (8 bytes).
    Removing inv_mpu_dmp_motion_driver.o(.text.dmp_set_pedometer_walk_time), (38 bytes).
    Removing inv_mpu_dmp_motion_driver.o(.ARM.exidx.text.dmp_set_pedometer_walk_time), (8 bytes).
    Removing inv_mpu_dmp_motion_driver.o(.text.dmp_enable_feature), (672 bytes).
    Removing inv_mpu_dmp_motion_driver.o(.ARM.exidx.text.dmp_enable_feature), (8 bytes).
    Removing inv_mpu_dmp_motion_driver.o(.text.dmp_enable_gyro_cal), (72 bytes).
    Removing inv_mpu_dmp_motion_driver.o(.ARM.exidx.text.dmp_enable_gyro_cal), (8 bytes).
    Removing inv_mpu_dmp_motion_driver.o(.text.dmp_enable_lp_quat), (42 bytes).
    Removing inv_mpu_dmp_motion_driver.o(.ARM.exidx.text.dmp_enable_lp_quat), (8 bytes).
    Removing inv_mpu_dmp_motion_driver.o(.text.dmp_enable_6x_lp_quat), (42 bytes).
    Removing inv_mpu_dmp_motion_driver.o(.ARM.exidx.text.dmp_enable_6x_lp_quat), (8 bytes).
    Removing inv_mpu_dmp_motion_driver.o(.text.dmp_get_enabled_features), (18 bytes).
    Removing inv_mpu_dmp_motion_driver.o(.ARM.exidx.text.dmp_get_enabled_features), (8 bytes).
    Removing inv_mpu_dmp_motion_driver.o(.text.dmp_set_interrupt_mode), (92 bytes).
    Removing inv_mpu_dmp_motion_driver.o(.ARM.exidx.text.dmp_set_interrupt_mode), (8 bytes).
    Removing inv_mpu_dmp_motion_driver.o(.text.dmp_read_fifo), (440 bytes).
    Removing inv_mpu_dmp_motion_driver.o(.ARM.exidx.text.dmp_read_fifo), (8 bytes).
    Removing inv_mpu_dmp_motion_driver.o(.text.dmp_register_tap_cb), (16 bytes).
    Removing inv_mpu_dmp_motion_driver.o(.ARM.exidx.text.dmp_register_tap_cb), (8 bytes).
    Removing inv_mpu_dmp_motion_driver.o(.text.dmp_register_android_orient_cb), (16 bytes).
    Removing inv_mpu_dmp_motion_driver.o(.ARM.exidx.text.dmp_register_android_orient_cb), (8 bytes).
    Removing inv_mpu_dmp_motion_driver.o(.rodata.dmp_memory), (3062 bytes).
    Removing inv_mpu_dmp_motion_driver.o(.rodata..L__const.dmp_set_orientation.gyro_axes), (3 bytes).
    Removing inv_mpu_dmp_motion_driver.o(.rodata..L__const.dmp_set_orientation.accel_axes), (3 bytes).
    Removing inv_mpu_dmp_motion_driver.o(.bss.dmp.2), (2 bytes).
    Removing inv_mpu_dmp_motion_driver.o(.bss.dmp.4), (2 bytes).
    Removing inv_mpu_dmp_motion_driver.o(.rodata..L__const.dmp_set_fifo_rate.regs_end), (12 bytes).
    Removing inv_mpu_dmp_motion_driver.o(.rodata..L__unnamed_1), (12 bytes).
    Removing inv_mpu_dmp_motion_driver.o(.rodata..L__unnamed_2), (12 bytes).
    Removing inv_mpu_dmp_motion_driver.o(.rodata.str1.4), (24 bytes).
    Removing inv_mpu_dmp_motion_driver.o(.bss..L_MergedGlobals), (16 bytes).
    Removing adc.o(.text), (0 bytes).
    Removing adc.o(.text.adc1_init), (84 bytes).
    Removing adc.o(.ARM.exidx.text.adc1_init), (8 bytes).
    Removing adc.o(.text.adc1_enable), (20 bytes).
    Removing adc.o(.ARM.exidx.text.adc1_enable), (8 bytes).
    Removing adc.o(.text.adc1_disable), (36 bytes).
    Removing adc.o(.ARM.exidx.text.adc1_disable), (8 bytes).
    Removing adc.o(.text.adc1_get_value), (60 bytes).
    Removing adc.o(.ARM.exidx.text.adc1_get_value), (8 bytes).
    Removing adc.o(.data.adc1), (20 bytes).
    Removing adc.o(.rodata.str1.1), (5 bytes).
    Removing delay.o(.text), (0 bytes).
    Removing delay.o(.ARM.exidx.text.delay_ms), (8 bytes).
    Removing delay.o(.text.__delay_ms), (168 bytes).
    Removing delay.o(.ARM.exidx.text.__delay_ms), (8 bytes).
    Removing delay.o(.ARM.exidx.text.delay_us), (8 bytes).
    Removing i2c_bus.o(.text), (0 bytes).
    Removing i2c_bus.o(.ARM.exidx.text.iic1_pins_config), (8 bytes).
    Removing i2c_bus.o(.ARM.exidx.text.iic1_scl), (8 bytes).
    Removing i2c_bus.o(.ARM.exidx.text.iic1_sda), (8 bytes).
    Removing i2c_bus.o(.ARM.exidx.text.iic1_sda_in), (8 bytes).
    Removing i2c_bus.o(.ARM.exidx.text.iic1_sda_out), (8 bytes).
    Removing i2c_bus.o(.ARM.exidx.text.iic1_read_sda), (8 bytes).
    Removing led.o(.text), (0 bytes).
    Removing led.o(.ARM.exidx.text.led_init), (8 bytes).
    Removing led.o(.ARM.exidx.text.led_on), (8 bytes).
    Removing led.o(.ARM.exidx.text.led_off), (8 bytes).
    Removing led.o(.ARM.exidx.text.led_toggle), (8 bytes).
    Removing misc.o(.text), (0 bytes).
    Removing misc.o(.ARM.exidx.text.NVIC_PriorityGroupConfig), (8 bytes).
    Removing misc.o(.text.NVIC_SetVectorTable), (24 bytes).
    Removing misc.o(.ARM.exidx.text.NVIC_SetVectorTable), (8 bytes).
    Removing misc.o(.text.NVIC_SystemLPConfig), (24 bytes).
    Removing misc.o(.ARM.exidx.text.NVIC_SystemLPConfig), (8 bytes).
    Removing misc.o(.text.SysTick_CLKSourceConfig), (24 bytes).
    Removing misc.o(.ARM.exidx.text.SysTick_CLKSourceConfig), (8 bytes).
    Removing nvic.o(.text), (0 bytes).
    Removing nvic.o(.text.NVIC_Init), (34 bytes).
    Removing nvic.o(.ARM.exidx.text.NVIC_Init), (8 bytes).
    Removing nvic.o(.ARM.exidx.text.nvic_init), (8 bytes).
    Removing systick.o(.text), (0 bytes).
    Removing systick.o(.text.Systick_Init), (50 bytes).
    Removing systick.o(.ARM.exidx.text.Systick_Init), (8 bytes).
    Removing systick.o(.text.systick_init), (50 bytes).
    Removing systick.o(.ARM.exidx.text.systick_init), (8 bytes).
    Removing usart.o(.text), (0 bytes).
    Removing usart.o(.text.usart1_init), (186 bytes).
    Removing usart.o(.ARM.exidx.text.usart1_init), (8 bytes).
    Removing usart.o(.text.usart1_stop), (48 bytes).
    Removing usart.o(.ARM.exidx.text.usart1_stop), (8 bytes).
    Removing usart.o(.text.usart1_send), (60 bytes).
    Removing usart.o(.ARM.exidx.text.usart1_send), (8 bytes).
    Removing usart.o(.text.usart1_receive), (52 bytes).
    Removing usart.o(.ARM.exidx.text.usart1_receive), (8 bytes).
    Removing usart.o(.text.USART1_Init), (106 bytes).
    Removing usart.o(.ARM.exidx.text.USART1_Init), (8 bytes).
    Removing usart.o(.text.__io_putchar), (40 bytes).
    Removing usart.o(.ARM.exidx.text.__io_putchar), (8 bytes).
    Removing usart.o(.text.USART1_SendChar), (38 bytes).
    Removing usart.o(.ARM.exidx.text.USART1_SendChar), (8 bytes).
    Removing usart.o(.text.USART1_SendString), (62 bytes).
    Removing usart.o(.ARM.exidx.text.USART1_SendString), (8 bytes).
    Removing usart.o(.ARM.exidx.text.USART1_ReceiveChar), (8 bytes).
    Removing usart.o(.ARM.exidx.text.fputc), (8 bytes).
    Removing usart.o(.text.usart1_start), (20 bytes).
    Removing usart.o(.ARM.exidx.text.usart1_start), (8 bytes).
    Removing usart.o(.rodata.str1.1), (38 bytes).
    Removing usart.o(.data.debug), (44 bytes).
    Removing flash.o(.text), (0 bytes).
    Removing flash_example.o(.text), (0 bytes).
    Removing i2c_dev.o(.text), (0 bytes).
    Removing i2c_dev.o(.ARM.exidx.text.SH1106_SetPixel), (8 bytes).
    Removing i2c_dev.o(.ARM.exidx.text.SH1106_FillRect), (8 bytes).
    Removing i2c_dev.o(.text.SSD1306_SetPixel), (2 bytes).
    Removing i2c_dev.o(.ARM.exidx.text.SSD1306_SetPixel), (8 bytes).
    Removing i2c_dev.o(.ARM.exidx.text.sh1106_dev_init), (8 bytes).
    Removing i2c_dev.o(.text.ssd1306_dev_init), (224 bytes).
    Removing i2c_dev.o(.ARM.exidx.text.ssd1306_dev_init), (8 bytes).
    Removing i2c_dev.o(.text.mpu6050_i2c_write), (34 bytes).
    Removing i2c_dev.o(.ARM.exidx.text.mpu6050_i2c_write), (8 bytes).
    Removing i2c_dev.o(.text.mpu6050_i2c_read), (34 bytes).
    Removing i2c_dev.o(.ARM.exidx.text.mpu6050_i2c_read), (8 bytes).
    Removing irq.o(.text), (0 bytes).
    Removing irq.o(.ARM.exidx.text.SysTick_CallBack), (8 bytes).
    Removing irq.o(.ARM.exidx.text.USART1_IRQHandler), (8 bytes).
    Removing dev_frame.o(.text), (0 bytes).
    Removing dev_frame.o(.ARM.exidx.text.Device_Registration), (8 bytes).
    Removing dev_frame.o(.text.Find_Device), (62 bytes).
    Removing dev_frame.o(.ARM.exidx.text.Find_Device), (8 bytes).
    Removing df_spi.o(.text), (0 bytes).
    Removing df_spi.o(.text.Soft_SPI_Init), (46 bytes).
    Removing df_spi.o(.ARM.exidx.text.Soft_SPI_Init), (8 bytes).
    Removing df_spi.o(.text.Soft_SPI_SendByte), (168 bytes).
    Removing df_spi.o(.ARM.exidx.text.Soft_SPI_SendByte), (8 bytes).
    Removing df_spi.o(.text.Soft_SPI_SwapData), (242 bytes).
    Removing df_spi.o(.ARM.exidx.text.Soft_SPI_SwapData), (8 bytes).
    Removing df_spi.o(.text.Soft_SPI_SwapBytes), (168 bytes).
    Removing df_spi.o(.ARM.exidx.text.Soft_SPI_SwapBytes), (8 bytes).
    Removing df_lcd.o(.text), (0 bytes).
    Removing df_lcd.o(.text.LCD_Handler_Init), (30 bytes).
    Removing df_lcd.o(.ARM.exidx.text.LCD_Handler_Init), (8 bytes).
    Removing df_lcd.o(.ARM.exidx.text.LCD_Clear), (8 bytes).
    Removing df_lcd.o(.text.LCD_DrawPoint), (46 bytes).
    Removing df_lcd.o(.ARM.exidx.text.LCD_DrawPoint), (8 bytes).
    Removing df_lcd.o(.text.LCD_DrawLine), (196 bytes).
    Removing df_lcd.o(.ARM.exidx.text.LCD_DrawLine), (8 bytes).
    Removing df_lcd.o(.text.LCD_DrawRect), (428 bytes).
    Removing df_lcd.o(.ARM.exidx.text.LCD_DrawRect), (8 bytes).
    Removing df_lcd.o(.text.LCD_FillRect), (160 bytes).
    Removing df_lcd.o(.ARM.exidx.text.LCD_FillRect), (8 bytes).
    Removing df_lcd.o(.text.LCD_DrawCircle), (448 bytes).
    Removing df_lcd.o(.ARM.exidx.text.LCD_DrawCircle), (8 bytes).
    Removing df_lcd.o(.text.LCD_SetFont), (10 bytes).
    Removing df_lcd.o(.ARM.exidx.text.LCD_SetFont), (8 bytes).
    Removing df_lcd.o(.text.LCD_SetColors), (10 bytes).
    Removing df_lcd.o(.ARM.exidx.text.LCD_SetColors), (8 bytes).
    Removing df_lcd.o(.ARM.exidx.text.LCD_WriteByte), (8 bytes).
    Removing df_lcd.o(.text.LCD_ShowImg), (104 bytes).
    Removing df_lcd.o(.ARM.exidx.text.LCD_ShowImg), (8 bytes).
    Removing df_lcd.o(.text.LCD_ShowChar), (622 bytes).
    Removing df_lcd.o(.ARM.exidx.text.LCD_ShowChar), (8 bytes).
    Removing df_lcd.o(.text.LCD_ShowString), (708 bytes).
    Removing df_lcd.o(.ARM.exidx.text.LCD_ShowString), (8 bytes).
    Removing df_lcd.o(.text.LCD_Terminal_Enable), (10 bytes).
    Removing df_lcd.o(.ARM.exidx.text.LCD_Terminal_Enable), (8 bytes).
    Removing df_lcd.o(.text.LCD_Terminal_Clear), (132 bytes).
    Removing df_lcd.o(.ARM.exidx.text.LCD_Terminal_Clear), (8 bytes).
    Removing df_lcd.o(.ARM.exidx.text.LCD_Terminal_Scroll), (8 bytes).
    Removing df_lcd.o(.ARM.exidx.text.LCD_TerminalOut), (8 bytes).
    Removing df_lcd.o(.ARM.exidx.text.LCD_Printf), (8 bytes).
    Removing df_lcd.o(.text.LCD_Update), (14 bytes).
    Removing df_lcd.o(.ARM.exidx.text.LCD_Update), (8 bytes).
    Removing df_lcd.o(.text.LCD_BindToDisplay), (110 bytes).
    Removing df_lcd.o(.ARM.exidx.text.LCD_BindToDisplay), (8 bytes).
    Removing df_lcd.o(.text.Adapter_Init), (132 bytes).
    Removing df_lcd.o(.ARM.exidx.text.Adapter_Init), (8 bytes).
    Removing df_lcd.o(.text.Adapter_Clear), (132 bytes).
    Removing df_lcd.o(.ARM.exidx.text.Adapter_Clear), (8 bytes).
    Removing df_lcd.o(.text.Adapter_SetCursor), (22 bytes).
    Removing df_lcd.o(.ARM.exidx.text.Adapter_SetCursor), (8 bytes).
    Removing df_lcd.o(.text.Adapter_WriteChar), (624 bytes).
    Removing df_lcd.o(.ARM.exidx.text.Adapter_WriteChar), (8 bytes).
    Removing df_lcd.o(.text.Adapter_WriteString), (36 bytes).
    Removing df_lcd.o(.ARM.exidx.text.Adapter_WriteString), (8 bytes).
    Removing df_lcd.o(.text.Adapter_Scroll), (32 bytes).
    Removing df_lcd.o(.ARM.exidx.text.Adapter_Scroll), (8 bytes).
    Removing df_lcd.o(.bss.g_AdapterLCD), (4 bytes).
    Removing df_key.o(.text), (0 bytes).
    Removing df_key.o(.text.Key_ReadBlocking), (28 bytes).
    Removing df_key.o(.ARM.exidx.text.Key_ReadBlocking), (8 bytes).
    Removing df_key.o(.text.Key_Tick), (8 bytes).
    Removing df_key.o(.ARM.exidx.text.Key_Tick), (8 bytes).
    Removing df_key.o(.text.Key_IRQHandler), (58 bytes).
    Removing df_key.o(.ARM.exidx.text.Key_IRQHandler), (8 bytes).
    Removing df_key.o(.text.Key_Event), (118 bytes).
    Removing df_key.o(.ARM.exidx.text.Key_Event), (8 bytes).
    Removing df_key.o(.bss.Key_Event.Default_Pressed_CallBack_Run_Flag), (1 bytes).
    Removing df_iic.o(.text), (0 bytes).
    Removing df_iic.o(.ARM.exidx.text.Soft_IIC_Init), (8 bytes).
    Removing df_iic.o(.text.Soft_IIC_Start), (36 bytes).
    Removing df_iic.o(.ARM.exidx.text.Soft_IIC_Start), (8 bytes).
    Removing df_iic.o(.text.Soft_IIC_Stop), (36 bytes).
    Removing df_iic.o(.ARM.exidx.text.Soft_IIC_Stop), (8 bytes).
    Removing df_iic.o(.text.Soft_IIC_Wait_Ack), (90 bytes).
    Removing df_iic.o(.ARM.exidx.text.Soft_IIC_Wait_Ack), (8 bytes).
    Removing df_iic.o(.text.Soft_IIC_Ack), (36 bytes).
    Removing df_iic.o(.ARM.exidx.text.Soft_IIC_Ack), (8 bytes).
    Removing df_iic.o(.text.Soft_IIC_NAck), (36 bytes).
    Removing df_iic.o(.ARM.exidx.text.Soft_IIC_NAck), (8 bytes).
    Removing df_iic.o(.ARM.exidx.text.Soft_IIC_Send_Byte), (8 bytes).
    Removing df_iic.o(.text.Soft_IIC_Receive_Byte), (298 bytes).
    Removing df_iic.o(.ARM.exidx.text.Soft_IIC_Receive_Byte), (8 bytes).
    Removing df_iic.o(.ARM.exidx.text.Soft_IIC_Write_Byte), (8 bytes).
    Removing df_iic.o(.text.Soft_IIC_Read_Byte), (376 bytes).
    Removing df_iic.o(.ARM.exidx.text.Soft_IIC_Read_Byte), (8 bytes).
    Removing df_iic.o(.ARM.exidx.text.Soft_IIC_Write_Len), (8 bytes).
    Removing df_iic.o(.text.Soft_IIC_Read_Len), (432 bytes).
    Removing df_iic.o(.ARM.exidx.text.Soft_IIC_Read_Len), (8 bytes).
    Removing df_iic.o(.text.Soft_IIC_Cheak), (158 bytes).
    Removing df_iic.o(.ARM.exidx.text.Soft_IIC_Cheak), (8 bytes).
    Removing df_display.o(.text), (0 bytes).
    Removing df_display.o(.text.Display_Register), (50 bytes).
    Removing df_display.o(.ARM.exidx.text.Display_Register), (8 bytes).
    Removing df_display.o(.text.Display_Select), (46 bytes).
    Removing df_display.o(.ARM.exidx.text.Display_Select), (8 bytes).
    Removing df_display.o(.text.Display_Output), (244 bytes).
    Removing df_display.o(.ARM.exidx.text.Display_Output), (8 bytes).
    Removing df_display.o(.text.Display_Printf), (82 bytes).
    Removing df_display.o(.ARM.exidx.text.Display_Printf), (8 bytes).
    Removing df_display.o(.text.Display_Clear), (50 bytes).
    Removing df_display.o(.ARM.exidx.text.Display_Clear), (8 bytes).
    Removing df_display.o(.data.Display), (24 bytes).
    Removing df_display.o(.bss..L_MergedGlobals), (8 bytes).
    Removing df_fonts.o(.text), (0 bytes).
    Removing shell.o(.text), (0 bytes).
    Removing shell.o(.text.MCU_Shell_Init), (524 bytes).
    Removing shell.o(.ARM.exidx.text.MCU_Shell_Init), (8 bytes).
    Removing shell.o(.ARM.exidx.text.BIE_UART), (8 bytes).
    Removing shell.o(.ARM.exidx.text.Shell_Deal), (8 bytes).
    Removing shell.o(.ARM.exidx.text.Cmd_match), (8 bytes).
    Removing shell.o(.text.Task_Switch), (84 bytes).
    Removing shell.o(.ARM.exidx.text.Task_Switch), (8 bytes).
    Removing shell.o(.text.Task_Switch_Tick_Handler), (34 bytes).
    Removing shell.o(.ARM.exidx.text.Task_Switch_Tick_Handler), (8 bytes).
    Removing stde.o(.text), (0 bytes).
    Removing stde.o(.text.Stde_DataTypeDef_Init), (12 bytes).
    Removing stde.o(.ARM.exidx.text.Stde_DataTypeDef_Init), (8 bytes).
    Removing stde.o(.text.STDE_UART), (262 bytes).
    Removing stde.o(.ARM.exidx.text.STDE_UART), (8 bytes).
    Removing stde.o(.text.StdeUSART_Deal), (206 bytes).
    Removing stde.o(.ARM.exidx.text.StdeUSART_Deal), (8 bytes).
    Removing terminal_link.o(.text), (0 bytes).
    Removing terminal_link.o(.text.Wirte_Char), (50 bytes).
    Removing terminal_link.o(.ARM.exidx.text.Wirte_Char), (8 bytes).
    Removing terminal_link.o(.text.Read_Char), (40 bytes).
    Removing terminal_link.o(.ARM.exidx.text.Read_Char), (8 bytes).
    Removing terminal_link.o(.text.Clear_Char), (48 bytes).
    Removing terminal_link.o(.ARM.exidx.text.Clear_Char), (8 bytes).
    Removing terminal_link.o(.text.Clear_Screen), (242 bytes).
    Removing terminal_link.o(.ARM.exidx.text.Clear_Screen), (8 bytes).
    Removing terminal_link.o(.text.__Wirte_String), (100 bytes).
    Removing terminal_link.o(.ARM.exidx.text.__Wirte_String), (8 bytes).
    Removing terminal_link.o(.text.Wirte_String), (110 bytes).
    Removing terminal_link.o(.ARM.exidx.text.Wirte_String), (8 bytes).
    Removing terminal_link.o(.text.Graphics_UpMove), (540 bytes).
    Removing terminal_link.o(.ARM.exidx.text.Graphics_UpMove), (8 bytes).
    Removing terminal_link.o(.text.Graphics_Swap), (68 bytes).
    Removing terminal_link.o(.ARM.exidx.text.Graphics_Swap), (8 bytes).
    Removing terminal_link.o(.text.Read_String), (206 bytes).
    Removing terminal_link.o(.ARM.exidx.text.Read_String), (8 bytes).
    Removing terminal_link.o(.text.refresh_Allscreen), (48 bytes).
    Removing terminal_link.o(.ARM.exidx.text.refresh_Allscreen), (8 bytes).
    Removing terminal_link.o(.text.refresh_Partscreen), (648 bytes).
    Removing terminal_link.o(.ARM.exidx.text.refresh_Partscreen), (8 bytes).
    Removing terminal_link.o(.text.loading_bar), (384 bytes).
    Removing terminal_link.o(.ARM.exidx.text.loading_bar), (8 bytes).
    Removing terminal_link.o(.bss.Graphics_Memory), (24000 bytes).
    Removing terminal_link.o(.rodata.str1.1), (54 bytes).
    Removing filter.o(.text), (0 bytes).
    Removing pid.o(.text), (0 bytes).
    Removing fmul.o(.text), (100 bytes).
    Removing fdiv.o(.text), (124 bytes).
    Removing fcmple.o(.text), (28 bytes).
    Removing fcmplt.o(.text), (28 bytes).
    Removing fcmpgt.o(.text), (28 bytes).
    Removing fcmpeq.o(.text), (28 bytes).
    Removing dcmple.o(.text), (54 bytes).
    Removing dcmplt.o(.text), (54 bytes).
    Removing dcmpgt.o(.text), (54 bytes).
    Removing fflti.o(.text), (18 bytes).
    Removing ffltui.o(.text), (10 bytes).
    Removing dflti.o(.text), (34 bytes).
    Removing dfltui.o(.text), (26 bytes).
    Removing ffixi.o(.text), (50 bytes).
    Removing dfixi.o(.text), (62 bytes).
    Removing dfixui.o(.text), (50 bytes).
    Removing d2f.o(.text), (56 bytes).
    Removing dscalb.o(.text), (46 bytes).
    Removing drnd.o(.text), (136 bytes).
    Removing cdcmple.o(.text), (48 bytes).
    Removing dsqrt.o(.text), (162 bytes).

530 unused section(s) (total 79288 bytes) removed from the image.

==============================================================================

Image Symbol Table

    Local Symbols

    Symbol Name                              Value     Ov Type        Size  Object(Section)

    ../BSP/stm32f1/CORE/startup_stm32f10x_md.s 0x00000000   Number         0  startup_stm32f10x_md.o ABSOLUTE
    ../clib/../cmprslib/zerorunl2.c          0x00000000   Number         0  __dczerorl2.o ABSOLUTE
    ../clib/division.s                       0x00000000   Number         0  aeabi_sdiv.o ABSOLUTE
    ../clib/microlib/division.c              0x00000000   Number         0  ldiv.o ABSOLUTE
    ../clib/microlib/division.c              0x00000000   Number         0  uidiv.o ABSOLUTE
    ../clib/microlib/division.c              0x00000000   Number         0  uldiv.o ABSOLUTE
    ../clib/microlib/errno.c                 0x00000000   Number         0  errno.o ABSOLUTE
    ../clib/microlib/init/entry.s            0x00000000   Number         0  entry.o ABSOLUTE
    ../clib/microlib/init/entry.s            0x00000000   Number         0  entry2.o ABSOLUTE
    ../clib/microlib/init/entry.s            0x00000000   Number         0  entry5.o ABSOLUTE
    ../clib/microlib/init/entry.s            0x00000000   Number         0  entry7a.o ABSOLUTE
    ../clib/microlib/init/entry.s            0x00000000   Number         0  entry7b.o ABSOLUTE
    ../clib/microlib/init/entry.s            0x00000000   Number         0  entry8a.o ABSOLUTE
    ../clib/microlib/init/entry.s            0x00000000   Number         0  entry8b.o ABSOLUTE
    ../clib/microlib/init/entry.s            0x00000000   Number         0  entry9a.o ABSOLUTE
    ../clib/microlib/init/entry.s            0x00000000   Number         0  entry9b.o ABSOLUTE
    ../clib/microlib/init/entry.s            0x00000000   Number         0  entry10a.o ABSOLUTE
    ../clib/microlib/init/entry.s            0x00000000   Number         0  entry10b.o ABSOLUTE
    ../clib/microlib/init/entry.s            0x00000000   Number         0  entry11a.o ABSOLUTE
    ../clib/microlib/init/entry.s            0x00000000   Number         0  entry11b.o ABSOLUTE
    ../clib/microlib/longlong.c              0x00000000   Number         0  llshl.o ABSOLUTE
    ../clib/microlib/longlong.c              0x00000000   Number         0  llushr.o ABSOLUTE
    ../clib/microlib/longlong.c              0x00000000   Number         0  llsshr.o ABSOLUTE
    ../clib/microlib/printf/printf.c         0x00000000   Number         0  printfb.o ABSOLUTE
    ../clib/microlib/printf/printf.c         0x00000000   Number         0  printf0.o ABSOLUTE
    ../clib/microlib/printf/printf.c         0x00000000   Number         0  printf1.o ABSOLUTE
    ../clib/microlib/printf/printf.c         0x00000000   Number         0  printf2.o ABSOLUTE
    ../clib/microlib/printf/printf.c         0x00000000   Number         0  printf3.o ABSOLUTE
    ../clib/microlib/printf/printf.c         0x00000000   Number         0  printf4.o ABSOLUTE
    ../clib/microlib/printf/printf.c         0x00000000   Number         0  printf5.o ABSOLUTE
    ../clib/microlib/printf/printf.c         0x00000000   Number         0  printf6.o ABSOLUTE
    ../clib/microlib/printf/printf.c         0x00000000   Number         0  printf7.o ABSOLUTE
    ../clib/microlib/printf/printf.c         0x00000000   Number         0  printf8.o ABSOLUTE
    ../clib/microlib/printf/printf.c         0x00000000   Number         0  printfa.o ABSOLUTE
    ../clib/microlib/printf/stubs.s          0x00000000   Number         0  printfstubs.o ABSOLUTE
    ../clib/microlib/stdio/fflush.c          0x00000000   Number         0  fflush.o ABSOLUTE
    ../clib/microlib/stdio/putchar.c         0x00000000   Number         0  putchar.o ABSOLUTE
    ../clib/microlib/stdio/puts.c            0x00000000   Number         0  puts.o ABSOLUTE
    ../clib/microlib/stdio/puts.c            0x00000000   Number         0  puts_e.o ABSOLUTE
    ../clib/microlib/stdio/streams.c         0x00000000   Number         0  stdout.o ABSOLUTE
    ../clib/microlib/string/memcmp.c         0x00000000   Number         0  memcmp.o ABSOLUTE
    ../clib/microlib/string/memcpy.c         0x00000000   Number         0  memcpya.o ABSOLUTE
    ../clib/microlib/string/memcpy.c         0x00000000   Number         0  memcpyb.o ABSOLUTE
    ../clib/microlib/string/memset.c         0x00000000   Number         0  memseta.o ABSOLUTE
    ../clib/microlib/string/strcmp.c         0x00000000   Number         0  strcmp.o ABSOLUTE
    ../clib/microlib/string/strtok.c         0x00000000   Number         0  strtok.o ABSOLUTE
    ../clib/microlib/string/strtok.c         0x00000000   Number         0  strtok_r.o ABSOLUTE
    ../clib/microlib/stubs.s                 0x00000000   Number         0  iusefp.o ABSOLUTE
    ../fplib/microlib/d2f.c                  0x00000000   Number         0  d2f.o ABSOLUTE
    ../fplib/microlib/f2d.c                  0x00000000   Number         0  f2d.o ABSOLUTE
    ../fplib/microlib/fpadd.c                0x00000000   Number         0  fadd.o ABSOLUTE
    ../fplib/microlib/fpadd.c                0x00000000   Number         0  dadd.o ABSOLUTE
    ../fplib/microlib/fpcmp.c                0x00000000   Number         0  fcmple.o ABSOLUTE
    ../fplib/microlib/fpcmp.c                0x00000000   Number         0  fcmplt.o ABSOLUTE
    ../fplib/microlib/fpcmp.c                0x00000000   Number         0  fcmpgt.o ABSOLUTE
    ../fplib/microlib/fpcmp.c                0x00000000   Number         0  fcmpeq.o ABSOLUTE
    ../fplib/microlib/fpcmp.c                0x00000000   Number         0  dcmple.o ABSOLUTE
    ../fplib/microlib/fpcmp.c                0x00000000   Number         0  dcmplt.o ABSOLUTE
    ../fplib/microlib/fpcmp.c                0x00000000   Number         0  dcmpgt.o ABSOLUTE
    ../fplib/microlib/fpdiv.c                0x00000000   Number         0  fdiv.o ABSOLUTE
    ../fplib/microlib/fpdiv.c                0x00000000   Number         0  ddiv.o ABSOLUTE
    ../fplib/microlib/fpepilogue.c           0x00000000   Number         0  fepilogue.o ABSOLUTE
    ../fplib/microlib/fpepilogue.c           0x00000000   Number         0  depilogue.o ABSOLUTE
    ../fplib/microlib/fpfix.c                0x00000000   Number         0  ffixi.o ABSOLUTE
    ../fplib/microlib/fpfix.c                0x00000000   Number         0  dfixi.o ABSOLUTE
    ../fplib/microlib/fpfix.c                0x00000000   Number         0  dfixui.o ABSOLUTE
    ../fplib/microlib/fpfix.c                0x00000000   Number         0  dfixul.o ABSOLUTE
    ../fplib/microlib/fpflt.c                0x00000000   Number         0  fflti.o ABSOLUTE
    ../fplib/microlib/fpflt.c                0x00000000   Number         0  ffltui.o ABSOLUTE
    ../fplib/microlib/fpflt.c                0x00000000   Number         0  dflti.o ABSOLUTE
    ../fplib/microlib/fpflt.c                0x00000000   Number         0  dfltui.o ABSOLUTE
    ../fplib/microlib/fpmul.c                0x00000000   Number         0  fmul.o ABSOLUTE
    ../fplib/microlib/fpmul.c                0x00000000   Number         0  dmul.o ABSOLUTE
    ../fplib/microlib/fprnd.c                0x00000000   Number         0  drnd.o ABSOLUTE
    ../fplib/microlib/fpscalb.c              0x00000000   Number         0  dscalb.o ABSOLUTE
    ../fplib/microlib/fpsqrt.c               0x00000000   Number         0  dsqrt.o ABSOLUTE
    ../mathlib/asin.c                        0x00000000   Number         0  asin.o ABSOLUTE
    ../mathlib/atan.c                        0x00000000   Number         0  atan.o ABSOLUTE
    ../mathlib/atan2.c                       0x00000000   Number         0  atan2.o ABSOLUTE
    ../mathlib/dunder.c                      0x00000000   Number         0  dunder.o ABSOLUTE
    ../mathlib/fpclassify.c                  0x00000000   Number         0  fpclassify.o ABSOLUTE
    ../mathlib/poly.c                        0x00000000   Number         0  poly.o ABSOLUTE
    ../mathlib/qnan.c                        0x00000000   Number         0  qnan.o ABSOLUTE
    ../mathlib/round.c                       0x00000000   Number         0  round.o ABSOLUTE
    ../mathlib/sqrt.c                        0x00000000   Number         0  sqrt.o ABSOLUTE
    Systick.c                                0x00000000   Number         0  systick.o ABSOLUTE
    adc.c                                    0x00000000   Number         0  adc.o ABSOLUTE
    cdcmple.s                                0x00000000   Number         0  cdcmple.o ABSOLUTE
    cdrcmple.s                               0x00000000   Number         0  cdrcmple.o ABSOLUTE
    control.c                                0x00000000   Number         0  control.o ABSOLUTE
    dc.s                                     0x00000000   Number         0  dc.o ABSOLUTE
    delay.c                                  0x00000000   Number         0  delay.o ABSOLUTE
    dev_frame.c                              0x00000000   Number         0  dev_frame.o ABSOLUTE
    df_display.c                             0x00000000   Number         0  df_display.o ABSOLUTE
    df_fonts.c                               0x00000000   Number         0  df_fonts.o ABSOLUTE
    df_iic.c                                 0x00000000   Number         0  df_iic.o ABSOLUTE
    df_key.c                                 0x00000000   Number         0  df_key.o ABSOLUTE
    df_lcd.c                                 0x00000000   Number         0  df_lcd.o ABSOLUTE
    df_spi.c                                 0x00000000   Number         0  df_spi.o ABSOLUTE
    filter.c                                 0x00000000   Number         0  filter.o ABSOLUTE
    flash.c                                  0x00000000   Number         0  flash.o ABSOLUTE
    flash_example.c                          0x00000000   Number         0  flash_example.o ABSOLUTE
    fonts.c                                  0x00000000   Number         0  fonts.o ABSOLUTE
    handlers.s                               0x00000000   Number         0  handlers.o ABSOLUTE
    i2c_bus.c                                0x00000000   Number         0  i2c_bus.o ABSOLUTE
    i2c_dev.c                                0x00000000   Number         0  i2c_dev.o ABSOLUTE
    init.c                                   0x00000000   Number         0  init.o ABSOLUTE
    init.s                                   0x00000000   Number         0  init.o ABSOLUTE
    inv_mpu.c                                0x00000000   Number         0  inv_mpu.o ABSOLUTE
    inv_mpu_dmp_motion_driver.c              0x00000000   Number         0  inv_mpu_dmp_motion_driver.o ABSOLUTE
    irq.c                                    0x00000000   Number         0  irq.o ABSOLUTE
    led.c                                    0x00000000   Number         0  led.o ABSOLUTE
    main.c                                   0x00000000   Number         0  main.o ABSOLUTE
    misc.c                                   0x00000000   Number         0  misc.o ABSOLUTE
    nvic.c                                   0x00000000   Number         0  nvic.o ABSOLUTE
    pid.c                                    0x00000000   Number         0  pid.o ABSOLUTE
    sh1106.c                                 0x00000000   Number         0  sh1106.o ABSOLUTE
    shell.c                                  0x00000000   Number         0  shell.o ABSOLUTE
    ssd1306.c                                0x00000000   Number         0  ssd1306.o ABSOLUTE
    st7789.c                                 0x00000000   Number         0  st7789.o ABSOLUTE
    stde.c                                   0x00000000   Number         0  stde.o ABSOLUTE
    stm32f10x_it.c                           0x00000000   Number         0  stm32f10x_it.o ABSOLUTE
    system_stm32f10x.c                       0x00000000   Number         0  system_stm32f10x.o ABSOLUTE
    terminal_link.c                          0x00000000   Number         0  terminal_link.o ABSOLUTE
    usart.c                                  0x00000000   Number         0  usart.o ABSOLUTE
    RESET                                    0x08000000   Section      236  startup_stm32f10x_md.o(RESET)
    .ARM.Collect$$$$00000000                 0x080000ec   Section        0  entry.o(.ARM.Collect$$$$00000000)
    .ARM.Collect$$$$00000001                 0x080000ec   Section        4  entry2.o(.ARM.Collect$$$$00000001)
    .ARM.Collect$$$$00000004                 0x080000f0   Section        4  entry5.o(.ARM.Collect$$$$00000004)
    .ARM.Collect$$$$00000008                 0x080000f4   Section        0  entry7b.o(.ARM.Collect$$$$00000008)
    .ARM.Collect$$$$0000000A                 0x080000f4   Section        0  entry8b.o(.ARM.Collect$$$$0000000A)
    .ARM.Collect$$$$0000000B                 0x080000f4   Section        8  entry9a.o(.ARM.Collect$$$$0000000B)
    __lit__00000000                          0x080000fc   Data           4  entry2.o(.ARM.Collect$$$$00002712)
    .ARM.Collect$$$$0000000D                 0x080000fc   Section        0  entry10a.o(.ARM.Collect$$$$0000000D)
    .ARM.Collect$$$$0000000F                 0x080000fc   Section        0  entry11a.o(.ARM.Collect$$$$0000000F)
    .ARM.Collect$$$$00002712                 0x080000fc   Section        4  entry2.o(.ARM.Collect$$$$00002712)
    .text                                    0x08000100   Section       36  startup_stm32f10x_md.o(.text)
    .text                                    0x08000124   Section        0  fflush.o(.text)
    .text                                    0x08000128   Section        0  memseta.o(.text)
    .text                                    0x0800014c   Section        0  strcmp.o(.text)
    .text                                    0x08000168   Section        0  strtok.o(.text)
    .text                                    0x080001ac   Section        0  fadd.o(.text)
    .text                                    0x0800025c   Section        0  dadd.o(.text)
    .text                                    0x080003aa   Section        0  dmul.o(.text)
    .text                                    0x0800048e   Section        0  f2d.o(.text)
    .text                                    0x080004b4   Section        0  uidiv.o(.text)
    .text                                    0x080004e0   Section        0  uldiv.o(.text)
    .text                                    0x08000542   Section        0  llshl.o(.text)
    .text                                    0x08000560   Section        0  llushr.o(.text)
    .text                                    0x08000580   Section        0  llsshr.o(.text)
    .text                                    0x080005a4   Section        0  iusefp.o(.text)
    .text                                    0x080005a4   Section        0  fepilogue.o(.text)
    .text                                    0x08000612   Section        0  depilogue.o(.text)
    .text                                    0x080006cc   Section        0  ddiv.o(.text)
    .text                                    0x080007aa   Section        0  dfixul.o(.text)
    .text                                    0x080007dc   Section       48  cdrcmple.o(.text)
    .text                                    0x0800080c   Section       48  init.o(.text)
    .text                                    0x0800083c   Section        0  __dczerorl2.o(.text)
    [Anonymous Symbol]                       0x08000894   Section        0  shell.o(.text.BIE_UART)
    [Anonymous Symbol]                       0x08000958   Section        0  stm32f10x_it.o(.text.BusFault_Handler)
    [Anonymous Symbol]                       0x0800095c   Section        0  shell.o(.text.Cmd_match)
    [Anonymous Symbol]                       0x08000b90   Section        0  stm32f10x_it.o(.text.DebugMon_Handler)
    [Anonymous Symbol]                       0x08000b94   Section        0  dev_frame.o(.text.Device_Registration)
    [Anonymous Symbol]                       0x08000c64   Section        0  stm32f10x_it.o(.text.HardFault_Handler)
    [Anonymous Symbol]                       0x08000c68   Section        0  df_lcd.o(.text.LCD_Clear)
    [Anonymous Symbol]                       0x08000ce8   Section        0  df_lcd.o(.text.LCD_Printf)
    [Anonymous Symbol]                       0x08000d20   Section        0  df_lcd.o(.text.LCD_TerminalOut)
    [Anonymous Symbol]                       0x08001044   Section        0  df_lcd.o(.text.LCD_Terminal_Scroll)
    [Anonymous Symbol]                       0x080011e0   Section        0  df_lcd.o(.text.LCD_WriteByte)
    [Anonymous Symbol]                       0x080013f0   Section        0  stm32f10x_it.o(.text.MemManage_Handler)
    [Anonymous Symbol]                       0x080013f4   Section        0  stm32f10x_it.o(.text.NMI_Handler)
    [Anonymous Symbol]                       0x080013f8   Section        0  misc.o(.text.NVIC_PriorityGroupConfig)
    [Anonymous Symbol]                       0x0800140c   Section        0  stm32f10x_it.o(.text.PendSV_Handler)
    [Anonymous Symbol]                       0x08001410   Section        0  sh1106.o(.text.SH1106_Clear)
    [Anonymous Symbol]                       0x08001424   Section        0  sh1106.o(.text.SH1106_ClearArea)
    [Anonymous Symbol]                       0x08001510   Section        0  sh1106.o(.text.SH1106_DrawPoint)
    [Anonymous Symbol]                       0x08001544   Section        0  i2c_dev.o(.text.SH1106_FillRect)
    [Anonymous Symbol]                       0x0800155c   Section        0  sh1106.o(.text.SH1106_GetPoint)
    [Anonymous Symbol]                       0x0800158c   Section        0  sh1106.o(.text.SH1106_Init)
    [Anonymous Symbol]                       0x080016dc   Section        0  i2c_dev.o(.text.SH1106_SetPixel)
    [Anonymous Symbol]                       0x080016f0   Section        0  sh1106.o(.text.SH1106_Update)
    [Anonymous Symbol]                       0x080018b4   Section        0  stm32f10x_it.o(.text.SVC_Handler)
    [Anonymous Symbol]                       0x080018b8   Section        0  shell.o(.text.Shell_Deal)
    [Anonymous Symbol]                       0x08001ef4   Section        0  df_iic.o(.text.Soft_IIC_Init)
    [Anonymous Symbol]                       0x08001f10   Section        0  df_iic.o(.text.Soft_IIC_Send_Byte)
    [Anonymous Symbol]                       0x08001fc4   Section        0  df_iic.o(.text.Soft_IIC_Write_Byte)
    [Anonymous Symbol]                       0x080020e8   Section        0  df_iic.o(.text.Soft_IIC_Write_Len)
    [Anonymous Symbol]                       0x0800222c   Section        0  irq.o(.text.SysTick_CallBack)
    [Anonymous Symbol]                       0x0800223c   Section        0  stm32f10x_it.o(.text.SysTick_Handler)
    [Anonymous Symbol]                       0x08002240   Section        0  system_stm32f10x.o(.text.SystemInit)
    [Anonymous Symbol]                       0x08002388   Section        0  irq.o(.text.USART1_IRQHandler)
    [Anonymous Symbol]                       0x080023d0   Section        0  usart.o(.text.USART1_ReceiveChar)
    [Anonymous Symbol]                       0x080023fc   Section        0  stm32f10x_it.o(.text.UsageFault_Handler)
    [Anonymous Symbol]                       0x08002400   Section        0  delay.o(.text.delay_ms)
    [Anonymous Symbol]                       0x080024a8   Section        0  delay.o(.text.delay_us)
    [Anonymous Symbol]                       0x0800253c   Section        0  usart.o(.text.fputc)
    [Anonymous Symbol]                       0x08002558   Section        0  i2c_bus.o(.text.iic1_pins_config)
    [Anonymous Symbol]                       0x0800259c   Section        0  i2c_bus.o(.text.iic1_read_sda)
    [Anonymous Symbol]                       0x080025ac   Section        0  i2c_bus.o(.text.iic1_scl)
    [Anonymous Symbol]                       0x080025c4   Section        0  i2c_bus.o(.text.iic1_sda)
    [Anonymous Symbol]                       0x080025dc   Section        0  i2c_bus.o(.text.iic1_sda_in)
    [Anonymous Symbol]                       0x08002600   Section        0  i2c_bus.o(.text.iic1_sda_out)
    [Anonymous Symbol]                       0x0800261c   Section        0  led.o(.text.led_init)
    [Anonymous Symbol]                       0x0800265c   Section        0  led.o(.text.led_off)
    [Anonymous Symbol]                       0x0800267c   Section        0  led.o(.text.led_on)
    [Anonymous Symbol]                       0x0800269c   Section        0  led.o(.text.led_toggle)
    [Anonymous Symbol]                       0x080026c0   Section        0  main.o(.text.main)
    [Anonymous Symbol]                       0x08002704   Section        0  nvic.o(.text.nvic_init)
    [Anonymous Symbol]                       0x08002728   Section        0  i2c_dev.o(.text.sh1106_dev_init)
    i.__0printf                              0x0800282c   Section        0  printfa.o(i.__0printf)
    i.__0vsnprintf                           0x0800284c   Section        0  printfa.o(i.__0vsnprintf)
    i.__scatterload_copy                     0x08002880   Section       14  handlers.o(i.__scatterload_copy)
    i.__scatterload_null                     0x0800288e   Section        2  handlers.o(i.__scatterload_null)
    i.__scatterload_zeroinit                 0x08002890   Section       14  handlers.o(i.__scatterload_zeroinit)
    _fp_digits                               0x080028a1   Thumb Code   366  printfa.o(i._fp_digits)
    i._fp_digits                             0x080028a0   Section        0  printfa.o(i._fp_digits)
    _printf_core                             0x08002a25   Thumb Code  1744  printfa.o(i._printf_core)
    i._printf_core                           0x08002a24   Section        0  printfa.o(i._printf_core)
    _printf_post_padding                     0x08003101   Thumb Code    36  printfa.o(i._printf_post_padding)
    i._printf_post_padding                   0x08003100   Section        0  printfa.o(i._printf_post_padding)
    _printf_pre_padding                      0x08003125   Thumb Code    46  printfa.o(i._printf_pre_padding)
    i._printf_pre_padding                    0x08003124   Section        0  printfa.o(i._printf_pre_padding)
    _snputc                                  0x08003153   Thumb Code    22  printfa.o(i._snputc)
    i._snputc                                0x08003152   Section        0  printfa.o(i._snputc)
    i.putchar                                0x08003168   Section        0  putchar.o(i.putchar)
    i.puts                                   0x08003174   Section        0  puts.o(i.puts)
    [Anonymous Symbol]                       0x08003788   Section        0  init.o(.rodata.str1.1)
    [Anonymous Symbol]                       0x080037c5   Section        0  led.o(.rodata.str1.1)
    .L.str.5                                 0x080037d1   Data          14  i2c_dev.o(.rodata.str1.1)
    [Anonymous Symbol]                       0x080037d1   Section        0  i2c_dev.o(.rodata.str1.1)
    .L.str.3                                 0x080037df   Data          63  i2c_dev.o(.rodata.str1.1)
    .L.str.1                                 0x0800381e   Data          65  i2c_dev.o(.rodata.str1.1)
    .L.str                                   0x080038a1   Data          55  i2c_dev.o(.rodata.str1.1)
    .L.str.7                                 0x080038dc   Data          56  i2c_dev.o(.rodata.str1.1)
    .L.str.2                                 0x08003910   Data          70  i2c_dev.o(.rodata.str1.1)
    .L.str.8                                 0x08003914   Data          66  i2c_dev.o(.rodata.str1.1)
    .L.str.9                                 0x08003956   Data          71  i2c_dev.o(.rodata.str1.1)
    .L.str.1                                 0x0800399d   Data           8  shell.o(.rodata.str1.1)
    [Anonymous Symbol]                       0x0800399d   Section        0  shell.o(.rodata.str1.1)
    .L.str.8                                 0x080039b5   Data          22  shell.o(.rodata.str1.1)
    .L.str.12                                0x080039cb   Data          13  shell.o(.rodata.str1.1)
    .L.str.14                                0x080039d8   Data          10  shell.o(.rodata.str1.1)
    .L.str.16                                0x080039e2   Data          14  shell.o(.rodata.str1.1)
    .L.str.19                                0x080039f0   Data          70  shell.o(.rodata.str1.1)
    .L.str.22                                0x08003a1e   Data          17  shell.o(.rodata.str1.1)
    .L.str.49                                0x08003a2d   Data           2  shell.o(.rodata.str1.1)
    .Lstr.66                                 0x08003a2f   Data          14  shell.o(.rodata.str1.1)
    .L.str.20                                0x08003a36   Data          54  shell.o(.rodata.str1.1)
    .Lstr.65                                 0x08003a3d   Data          13  shell.o(.rodata.str1.1)
    .L.str.29                                0x08003a55   Data           9  shell.o(.rodata.str1.1)
    .L.str.51                                0x08003a5e   Data          32  shell.o(.rodata.str1.1)
    .L.str.39                                0x08003ab4   Data          65  shell.o(.rodata.str1.1)
    .L.str.44                                0x08003af5   Data          62  shell.o(.rodata.str1.1)
    .L.str.42                                0x08003b33   Data          59  shell.o(.rodata.str1.1)
    .L.str.37                                0x08003b6e   Data          62  shell.o(.rodata.str1.1)
    .L.str.27                                0x08003bb4   Data           6  shell.o(.rodata.str1.1)
    .L.str.30                                0x08003bba   Data           5  shell.o(.rodata.str1.1)
    .L.str.32                                0x08003bbf   Data           6  shell.o(.rodata.str1.1)
    .Lstr.53                                 0x08003bc4   Data          30  shell.o(.rodata.str1.1)
    .L.str.28                                0x08003bcd   Data           6  shell.o(.rodata.str1.1)
    .L.str.31                                0x08003bd3   Data           5  shell.o(.rodata.str1.1)
    .L.str.33                                0x08003bd8   Data           5  shell.o(.rodata.str1.1)
    .Lstr.54                                 0x08003be2   Data          32  shell.o(.rodata.str1.1)
    .Lstr.55                                 0x08003c02   Data          31  shell.o(.rodata.str1.1)
    .Lstr.56                                 0x08003c21   Data          26  shell.o(.rodata.str1.1)
    .Lstr.57                                 0x08003c3b   Data          23  shell.o(.rodata.str1.1)
    .Lstr.58                                 0x08003c52   Data          27  shell.o(.rodata.str1.1)
    .Lstr.59                                 0x08003c6d   Data          23  shell.o(.rodata.str1.1)
    .Lstr.60                                 0x08003c84   Data          38  shell.o(.rodata.str1.1)
    .data                                    0x20000000   Section        4  stdout.o(.data)
    state                                    0x20000004   Data           4  strtok.o(.data)
    .data                                    0x20000004   Section        4  strtok.o(.data)
    STACK                                    0x20000600   Section     1024  startup_stm32f10x_md.o(STACK)

    Global Symbols

    Symbol Name                              Value     Ov Type        Size  Object(Section)

    BuildAttributes$$THM_ISAv4$P$D$K$B$S$PE$A:L22UL41UL21$X:L11$S22US41US21$IEEE1$IW$~IW$USESV6$~STKCKD$USESV7$~SHL$OTIME$ROPI$IEEEX$EBA8$MICROLIB$REQ8$PRES8$EABIv2 0x00000000   Number         0  anon$$obj.o ABSOLUTE
    _printf_a                                0x00000000   Number         0  printfstubs.o ABSOLUTE
    _printf_c                                0x00000000   Number         0  printfstubs.o ABSOLUTE
    _printf_charcount                        0x00000000   Number         0  printfstubs.o ABSOLUTE
    _printf_d                                0x00000000   Number         0  printfstubs.o ABSOLUTE
    _printf_e                                0x00000000   Number         0  printfstubs.o ABSOLUTE
    _printf_f                                0x00000000   Number         0  printfstubs.o ABSOLUTE
    _printf_flags                            0x00000000   Number         0  printfstubs.o ABSOLUTE
    _printf_fp_dec                           0x00000000   Number         0  printfstubs.o ABSOLUTE
    _printf_fp_hex                           0x00000000   Number         0  printfstubs.o ABSOLUTE
    _printf_g                                0x00000000   Number         0  printfstubs.o ABSOLUTE
    _printf_i                                0x00000000   Number         0  printfstubs.o ABSOLUTE
    _printf_int_dec                          0x00000000   Number         0  printfstubs.o ABSOLUTE
    _printf_l                                0x00000000   Number         0  printfstubs.o ABSOLUTE
    _printf_lc                               0x00000000   Number         0  printfstubs.o ABSOLUTE
    _printf_ll                               0x00000000   Number         0  printfstubs.o ABSOLUTE
    _printf_lld                              0x00000000   Number         0  printfstubs.o ABSOLUTE
    _printf_lli                              0x00000000   Number         0  printfstubs.o ABSOLUTE
    _printf_llo                              0x00000000   Number         0  printfstubs.o ABSOLUTE
    _printf_llu                              0x00000000   Number         0  printfstubs.o ABSOLUTE
    _printf_llx                              0x00000000   Number         0  printfstubs.o ABSOLUTE
    _printf_longlong_dec                     0x00000000   Number         0  printfstubs.o ABSOLUTE
    _printf_longlong_hex                     0x00000000   Number         0  printfstubs.o ABSOLUTE
    _printf_longlong_oct                     0x00000000   Number         0  printfstubs.o ABSOLUTE
    _printf_ls                               0x00000000   Number         0  printfstubs.o ABSOLUTE
    _printf_mbtowc                           0x00000000   Number         0  printfstubs.o ABSOLUTE
    _printf_n                                0x00000000   Number         0  printfstubs.o ABSOLUTE
    _printf_o                                0x00000000   Number         0  printfstubs.o ABSOLUTE
    _printf_p                                0x00000000   Number         0  printfstubs.o ABSOLUTE
    _printf_percent                          0x00000000   Number         0  printfstubs.o ABSOLUTE
    _printf_pre_padding                      0x00000000   Number         0  printfstubs.o ABSOLUTE
    _printf_return_value                     0x00000000   Number         0  printfstubs.o ABSOLUTE
    _printf_s                                0x00000000   Number         0  printfstubs.o ABSOLUTE
    _printf_sizespec                         0x00000000   Number         0  printfstubs.o ABSOLUTE
    _printf_str                              0x00000000   Number         0  printfstubs.o ABSOLUTE
    _printf_truncate_signed                  0x00000000   Number         0  printfstubs.o ABSOLUTE
    _printf_truncate_unsigned                0x00000000   Number         0  printfstubs.o ABSOLUTE
    _printf_u                                0x00000000   Number         0  printfstubs.o ABSOLUTE
    _printf_wc                               0x00000000   Number         0  printfstubs.o ABSOLUTE
    _printf_wctomb                           0x00000000   Number         0  printfstubs.o ABSOLUTE
    _printf_widthprec                        0x00000000   Number         0  printfstubs.o ABSOLUTE
    _printf_x                                0x00000000   Number         0  printfstubs.o ABSOLUTE
    __cpp_initialize__aeabi_                  - Undefined Weak Reference
    __cxa_finalize                            - Undefined Weak Reference
    _clock_init                               - Undefined Weak Reference
    _microlib_exit                            - Undefined Weak Reference
    __Vectors_Size                           0x000000ec   Number         0  startup_stm32f10x_md.o ABSOLUTE
    __Vectors                                0x08000000   Data           4  startup_stm32f10x_md.o(RESET)
    __Vectors_End                            0x080000ec   Data           0  startup_stm32f10x_md.o(RESET)
    __main                                   0x080000ed   Thumb Code     0  entry.o(.ARM.Collect$$$$00000000)
    _main_stk                                0x080000ed   Thumb Code     0  entry2.o(.ARM.Collect$$$$00000001)
    _main_scatterload                        0x080000f1   Thumb Code     0  entry5.o(.ARM.Collect$$$$00000004)
    __main_after_scatterload                 0x080000f5   Thumb Code     0  entry5.o(.ARM.Collect$$$$00000004)
    _main_clock                              0x080000f5   Thumb Code     0  entry7b.o(.ARM.Collect$$$$00000008)
    _main_cpp_init                           0x080000f5   Thumb Code     0  entry8b.o(.ARM.Collect$$$$0000000A)
    _main_init                               0x080000f5   Thumb Code     0  entry9a.o(.ARM.Collect$$$$0000000B)
    __rt_final_cpp                           0x080000fd   Thumb Code     0  entry10a.o(.ARM.Collect$$$$0000000D)
    __rt_final_exit                          0x080000fd   Thumb Code     0  entry11a.o(.ARM.Collect$$$$0000000F)
    Reset_Handler                            0x08000101   Thumb Code     8  startup_stm32f10x_md.o(.text)
    ADC1_2_IRQHandler                        0x0800011b   Thumb Code     0  startup_stm32f10x_md.o(.text)
    CAN1_RX1_IRQHandler                      0x0800011b   Thumb Code     0  startup_stm32f10x_md.o(.text)
    CAN1_SCE_IRQHandler                      0x0800011b   Thumb Code     0  startup_stm32f10x_md.o(.text)
    DMA1_Channel1_IRQHandler                 0x0800011b   Thumb Code     0  startup_stm32f10x_md.o(.text)
    DMA1_Channel2_IRQHandler                 0x0800011b   Thumb Code     0  startup_stm32f10x_md.o(.text)
    DMA1_Channel3_IRQHandler                 0x0800011b   Thumb Code     0  startup_stm32f10x_md.o(.text)
    DMA1_Channel4_IRQHandler                 0x0800011b   Thumb Code     0  startup_stm32f10x_md.o(.text)
    DMA1_Channel5_IRQHandler                 0x0800011b   Thumb Code     0  startup_stm32f10x_md.o(.text)
    DMA1_Channel6_IRQHandler                 0x0800011b   Thumb Code     0  startup_stm32f10x_md.o(.text)
    DMA1_Channel7_IRQHandler                 0x0800011b   Thumb Code     0  startup_stm32f10x_md.o(.text)
    EXTI0_IRQHandler                         0x0800011b   Thumb Code     0  startup_stm32f10x_md.o(.text)
    EXTI15_10_IRQHandler                     0x0800011b   Thumb Code     0  startup_stm32f10x_md.o(.text)
    EXTI1_IRQHandler                         0x0800011b   Thumb Code     0  startup_stm32f10x_md.o(.text)
    EXTI2_IRQHandler                         0x0800011b   Thumb Code     0  startup_stm32f10x_md.o(.text)
    EXTI3_IRQHandler                         0x0800011b   Thumb Code     0  startup_stm32f10x_md.o(.text)
    EXTI4_IRQHandler                         0x0800011b   Thumb Code     0  startup_stm32f10x_md.o(.text)
    EXTI9_5_IRQHandler                       0x0800011b   Thumb Code     0  startup_stm32f10x_md.o(.text)
    FLASH_IRQHandler                         0x0800011b   Thumb Code     0  startup_stm32f10x_md.o(.text)
    I2C1_ER_IRQHandler                       0x0800011b   Thumb Code     0  startup_stm32f10x_md.o(.text)
    I2C1_EV_IRQHandler                       0x0800011b   Thumb Code     0  startup_stm32f10x_md.o(.text)
    I2C2_ER_IRQHandler                       0x0800011b   Thumb Code     0  startup_stm32f10x_md.o(.text)
    I2C2_EV_IRQHandler                       0x0800011b   Thumb Code     0  startup_stm32f10x_md.o(.text)
    PVD_IRQHandler                           0x0800011b   Thumb Code     0  startup_stm32f10x_md.o(.text)
    RCC_IRQHandler                           0x0800011b   Thumb Code     0  startup_stm32f10x_md.o(.text)
    RTCAlarm_IRQHandler                      0x0800011b   Thumb Code     0  startup_stm32f10x_md.o(.text)
    RTC_IRQHandler                           0x0800011b   Thumb Code     0  startup_stm32f10x_md.o(.text)
    SPI1_IRQHandler                          0x0800011b   Thumb Code     0  startup_stm32f10x_md.o(.text)
    SPI2_IRQHandler                          0x0800011b   Thumb Code     0  startup_stm32f10x_md.o(.text)
    TAMPER_IRQHandler                        0x0800011b   Thumb Code     0  startup_stm32f10x_md.o(.text)
    TIM1_BRK_IRQHandler                      0x0800011b   Thumb Code     0  startup_stm32f10x_md.o(.text)
    TIM1_CC_IRQHandler                       0x0800011b   Thumb Code     0  startup_stm32f10x_md.o(.text)
    TIM1_TRG_COM_IRQHandler                  0x0800011b   Thumb Code     0  startup_stm32f10x_md.o(.text)
    TIM1_UP_IRQHandler                       0x0800011b   Thumb Code     0  startup_stm32f10x_md.o(.text)
    TIM2_IRQHandler                          0x0800011b   Thumb Code     0  startup_stm32f10x_md.o(.text)
    TIM3_IRQHandler                          0x0800011b   Thumb Code     0  startup_stm32f10x_md.o(.text)
    TIM4_IRQHandler                          0x0800011b   Thumb Code     0  startup_stm32f10x_md.o(.text)
    USART2_IRQHandler                        0x0800011b   Thumb Code     0  startup_stm32f10x_md.o(.text)
    USART3_IRQHandler                        0x0800011b   Thumb Code     0  startup_stm32f10x_md.o(.text)
    USBWakeUp_IRQHandler                     0x0800011b   Thumb Code     0  startup_stm32f10x_md.o(.text)
    USB_HP_CAN1_TX_IRQHandler                0x0800011b   Thumb Code     0  startup_stm32f10x_md.o(.text)
    USB_LP_CAN1_RX0_IRQHandler               0x0800011b   Thumb Code     0  startup_stm32f10x_md.o(.text)
    WWDG_IRQHandler                          0x0800011b   Thumb Code     0  startup_stm32f10x_md.o(.text)
    fflush                                   0x08000125   Thumb Code     4  fflush.o(.text)
    __aeabi_memset                           0x08000129   Thumb Code    14  memseta.o(.text)
    __aeabi_memset4                          0x08000129   Thumb Code     0  memseta.o(.text)
    __aeabi_memset8                          0x08000129   Thumb Code     0  memseta.o(.text)
    __aeabi_memclr                           0x08000137   Thumb Code     4  memseta.o(.text)
    __aeabi_memclr4                          0x08000137   Thumb Code     0  memseta.o(.text)
    __aeabi_memclr8                          0x08000137   Thumb Code     0  memseta.o(.text)
    _memset$wrapper                          0x0800013b   Thumb Code    18  memseta.o(.text)
    strcmp                                   0x0800014d   Thumb Code    28  strcmp.o(.text)
    strtok                                   0x08000169   Thumb Code    62  strtok.o(.text)
    __aeabi_fadd                             0x080001ad   Thumb Code   164  fadd.o(.text)
    __aeabi_fsub                             0x08000251   Thumb Code     6  fadd.o(.text)
    __aeabi_frsub                            0x08000257   Thumb Code     6  fadd.o(.text)
    __aeabi_dadd                             0x0800025d   Thumb Code   322  dadd.o(.text)
    __aeabi_dsub                             0x0800039f   Thumb Code     6  dadd.o(.text)
    __aeabi_drsub                            0x080003a5   Thumb Code     6  dadd.o(.text)
    __aeabi_dmul                             0x080003ab   Thumb Code   228  dmul.o(.text)
    __aeabi_f2d                              0x0800048f   Thumb Code    38  f2d.o(.text)
    __aeabi_uidiv                            0x080004b5   Thumb Code     0  uidiv.o(.text)
    __aeabi_uidivmod                         0x080004b5   Thumb Code    44  uidiv.o(.text)
    __aeabi_uldivmod                         0x080004e1   Thumb Code    98  uldiv.o(.text)
    __aeabi_llsl                             0x08000543   Thumb Code    30  llshl.o(.text)
    _ll_shift_l                              0x08000543   Thumb Code     0  llshl.o(.text)
    __aeabi_llsr                             0x08000561   Thumb Code    32  llushr.o(.text)
    _ll_ushift_r                             0x08000561   Thumb Code     0  llushr.o(.text)
    __aeabi_lasr                             0x08000581   Thumb Code    36  llsshr.o(.text)
    _ll_sshift_r                             0x08000581   Thumb Code     0  llsshr.o(.text)
    __I$use$fp                               0x080005a5   Thumb Code     0  iusefp.o(.text)
    _float_round                             0x080005a5   Thumb Code    18  fepilogue.o(.text)
    _float_epilogue                          0x080005b7   Thumb Code    92  fepilogue.o(.text)
    _double_round                            0x08000613   Thumb Code    30  depilogue.o(.text)
    _double_epilogue                         0x08000631   Thumb Code   156  depilogue.o(.text)
    __aeabi_ddiv                             0x080006cd   Thumb Code   222  ddiv.o(.text)
    __aeabi_d2ulz                            0x080007ab   Thumb Code    48  dfixul.o(.text)
    __aeabi_cdrcmple                         0x080007dd   Thumb Code    48  cdrcmple.o(.text)
    __scatterload                            0x0800080d   Thumb Code    38  init.o(.text)
    __scatterload_rt2                        0x0800080d   Thumb Code     0  init.o(.text)
    __decompress                             0x0800083d   Thumb Code     0  __dczerorl2.o(.text)
    __decompress1                            0x0800083d   Thumb Code    86  __dczerorl2.o(.text)
    BIE_UART                                 0x08000895   Thumb Code   184  shell.o(.text.BIE_UART)
    BusFault_Handler                         0x08000959   Thumb Code     2  stm32f10x_it.o(.text.BusFault_Handler)
    Cmd_match                                0x0800095d   Thumb Code   416  shell.o(.text.Cmd_match)
    DebugMon_Handler                         0x08000b91   Thumb Code     2  stm32f10x_it.o(.text.DebugMon_Handler)
    Device_Registration                      0x08000b95   Thumb Code   100  dev_frame.o(.text.Device_Registration)
    HardFault_Handler                        0x08000c65   Thumb Code     2  stm32f10x_it.o(.text.HardFault_Handler)
    LCD_Clear                                0x08000c69   Thumb Code   128  df_lcd.o(.text.LCD_Clear)
    LCD_Printf                               0x08000ce9   Thumb Code    56  df_lcd.o(.text.LCD_Printf)
    LCD_TerminalOut                          0x08000d21   Thumb Code   802  df_lcd.o(.text.LCD_TerminalOut)
    LCD_Terminal_Scroll                      0x08001045   Thumb Code   410  df_lcd.o(.text.LCD_Terminal_Scroll)
    LCD_WriteByte                            0x080011e1   Thumb Code   526  df_lcd.o(.text.LCD_WriteByte)
    MemManage_Handler                        0x080013f1   Thumb Code     2  stm32f10x_it.o(.text.MemManage_Handler)
    NMI_Handler                              0x080013f5   Thumb Code     2  stm32f10x_it.o(.text.NMI_Handler)
    NVIC_PriorityGroupConfig                 0x080013f9   Thumb Code    20  misc.o(.text.NVIC_PriorityGroupConfig)
    PendSV_Handler                           0x0800140d   Thumb Code     2  stm32f10x_it.o(.text.PendSV_Handler)
    SH1106_Clear                             0x08001411   Thumb Code    20  sh1106.o(.text.SH1106_Clear)
    SH1106_ClearArea                         0x08001425   Thumb Code   234  sh1106.o(.text.SH1106_ClearArea)
    SH1106_DrawPoint                         0x08001511   Thumb Code    50  sh1106.o(.text.SH1106_DrawPoint)
    SH1106_FillRect                          0x08001545   Thumb Code    22  i2c_dev.o(.text.SH1106_FillRect)
    SH1106_GetPoint                          0x0800155d   Thumb Code    46  sh1106.o(.text.SH1106_GetPoint)
    SH1106_Init                              0x0800158d   Thumb Code   334  sh1106.o(.text.SH1106_Init)
    SH1106_SetPixel                          0x080016dd   Thumb Code    20  i2c_dev.o(.text.SH1106_SetPixel)
    SH1106_Update                            0x080016f1   Thumb Code   452  sh1106.o(.text.SH1106_Update)
    SVC_Handler                              0x080018b5   Thumb Code     2  stm32f10x_it.o(.text.SVC_Handler)
    Shell_Deal                               0x080018b9   Thumb Code  1488  shell.o(.text.Shell_Deal)
    Soft_IIC_Init                            0x08001ef5   Thumb Code    28  df_iic.o(.text.Soft_IIC_Init)
    Soft_IIC_Send_Byte                       0x08001f11   Thumb Code   178  df_iic.o(.text.Soft_IIC_Send_Byte)
    Soft_IIC_Write_Byte                      0x08001fc5   Thumb Code   292  df_iic.o(.text.Soft_IIC_Write_Byte)
    Soft_IIC_Write_Len                       0x080020e9   Thumb Code   324  df_iic.o(.text.Soft_IIC_Write_Len)
    SysTick_CallBack                         0x0800222d   Thumb Code    14  irq.o(.text.SysTick_CallBack)
    SysTick_Handler                          0x0800223d   Thumb Code     4  stm32f10x_it.o(.text.SysTick_Handler)
    SystemInit                               0x08002241   Thumb Code   326  system_stm32f10x.o(.text.SystemInit)
    USART1_IRQHandler                        0x08002389   Thumb Code    72  irq.o(.text.USART1_IRQHandler)
    USART1_ReceiveChar                       0x080023d1   Thumb Code    42  usart.o(.text.USART1_ReceiveChar)
    UsageFault_Handler                       0x080023fd   Thumb Code     2  stm32f10x_it.o(.text.UsageFault_Handler)
    delay_ms                                 0x08002401   Thumb Code   168  delay.o(.text.delay_ms)
    delay_us                                 0x080024a9   Thumb Code   146  delay.o(.text.delay_us)
    fputc                                    0x0800253d   Thumb Code    26  usart.o(.text.fputc)
    iic1_pins_config                         0x08002559   Thumb Code    66  i2c_bus.o(.text.iic1_pins_config)
    iic1_read_sda                            0x0800259d   Thumb Code    16  i2c_bus.o(.text.iic1_read_sda)
    iic1_scl                                 0x080025ad   Thumb Code    22  i2c_bus.o(.text.iic1_scl)
    iic1_sda                                 0x080025c5   Thumb Code    22  i2c_bus.o(.text.iic1_sda)
    iic1_sda_in                              0x080025dd   Thumb Code    34  i2c_bus.o(.text.iic1_sda_in)
    iic1_sda_out                             0x08002601   Thumb Code    26  i2c_bus.o(.text.iic1_sda_out)
    led_init                                 0x0800261d   Thumb Code    64  led.o(.text.led_init)
    led_off                                  0x0800265d   Thumb Code    32  led.o(.text.led_off)
    led_on                                   0x0800267d   Thumb Code    32  led.o(.text.led_on)
    led_toggle                               0x0800269d   Thumb Code    36  led.o(.text.led_toggle)
    main                                     0x080026c1   Thumb Code    60  main.o(.text.main)
    nvic_init                                0x08002705   Thumb Code    36  nvic.o(.text.nvic_init)
    sh1106_dev_init                          0x08002729   Thumb Code   176  i2c_dev.o(.text.sh1106_dev_init)
    __0printf                                0x0800282d   Thumb Code    22  printfa.o(i.__0printf)
    __1printf                                0x0800282d   Thumb Code     0  printfa.o(i.__0printf)
    __2printf                                0x0800282d   Thumb Code     0  printfa.o(i.__0printf)
    __c89printf                              0x0800282d   Thumb Code     0  printfa.o(i.__0printf)
    printf                                   0x0800282d   Thumb Code     0  printfa.o(i.__0printf)
    __0vsnprintf                             0x0800284d   Thumb Code    46  printfa.o(i.__0vsnprintf)
    __1vsnprintf                             0x0800284d   Thumb Code     0  printfa.o(i.__0vsnprintf)
    __2vsnprintf                             0x0800284d   Thumb Code     0  printfa.o(i.__0vsnprintf)
    __c89vsnprintf                           0x0800284d   Thumb Code     0  printfa.o(i.__0vsnprintf)
    vsnprintf                                0x0800284d   Thumb Code     0  printfa.o(i.__0vsnprintf)
    __scatterload_copy                       0x08002881   Thumb Code    14  handlers.o(i.__scatterload_copy)
    __scatterload_null                       0x0800288f   Thumb Code     2  handlers.o(i.__scatterload_null)
    __scatterload_zeroinit                   0x08002891   Thumb Code    14  handlers.o(i.__scatterload_zeroinit)
    putchar                                  0x08003169   Thumb Code     6  putchar.o(i.putchar)
    puts                                     0x08003175   Thumb Code    30  puts.o(i.puts)
    Consolas_Font8x16_Table                  0x08003198   Data        1520  df_fonts.o(.rodata.Consolas_Font8x16_Table)
    Region$$Table$$Base                      0x08003be0   Number         0  anon$$obj.o(Region$$Table)
    Region$$Table$$Limit                     0x08003c00   Number         0  anon$$obj.o(Region$$Table)
    __stdout                                 0x20000000   Data           4  stdout.o(.data)
    Consolas_Font_8x16                       0x20000008   Data           8  df_fonts.o(.data.Consolas_Font_8x16)
    Dev_info_poor                            0x20000010   Data         176  init.o(.data.Dev_info_poor)
    STM32F103C8T6_Device                     0x200000c0   Data          28  init.o(.data.STM32F103C8T6_Device)
    Shell                                    0x200000dc   Data          32  init.o(.data.Shell)
    delay                                    0x200000fc   Data          16  delay.o(.data.delay)
    i2c1_bus                                 0x2000010c   Data          32  i2c_bus.o(.data.i2c1_bus)
    lcd_sh1106                               0x2000012c   Data          44  init.o(.data.lcd_sh1106)
    led                                      0x20000158   Data          24  led.o(.data.led)
    syscmd                                   0x20000170   Data          80  shell.o(.data.syscmd)
    Cmd                                      0x200001c0   Data          24  shell.o(.bss.Cmd)
    SH1106_DisplayBuf                        0x200001d8   Data        1024  sh1106.o(.bss.SH1106_DisplayBuf)
    Shell_Sysfpoint                          0x200005d8   Data          12  init.o(.bss.Shell_Sysfpoint)
    env_vars                                 0x200005e4   Data          20  init.o(.bss.env_vars)
    pitch                                    0x200005f8   Data           4  main.o(.bss.pitch)
    __initial_sp                             0x20000a00   Data           0  startup_stm32f10x_md.o(STACK)



==============================================================================

Memory Map of the image

  Image Entry point : 0x080000ed

  Load Region LR_IROM1 (Base: 0x08000000, Size: 0x00003dc0, Max: 0x00010000, ABSOLUTE, COMPRESSED[0x00003cb8])

    Execution Region ER_IROM1 (Exec base: 0x08000000, Load base: 0x08000000, Size: 0x00003c00, Max: 0x00010000, ABSOLUTE)

    Exec Addr    Load Addr    Size         Type   Attr      Idx    E Section Name        Object

    0x08000000   0x08000000   0x000000ec   Data   RO           67    RESET               startup_stm32f10x_md.o
    0x080000ec   0x080000ec   0x00000000   Code   RO          786  * .ARM.Collect$$$$00000000  mc_w.l(entry.o)
    0x080000ec   0x080000ec   0x00000004   Code   RO         1147    .ARM.Collect$$$$00000001  mc_w.l(entry2.o)
    0x080000f0   0x080000f0   0x00000004   Code   RO         1150    .ARM.Collect$$$$00000004  mc_w.l(entry5.o)
    0x080000f4   0x080000f4   0x00000000   Code   RO         1152    .ARM.Collect$$$$00000008  mc_w.l(entry7b.o)
    0x080000f4   0x080000f4   0x00000000   Code   RO         1154    .ARM.Collect$$$$0000000A  mc_w.l(entry8b.o)
    0x080000f4   0x080000f4   0x00000008   Code   RO         1155    .ARM.Collect$$$$0000000B  mc_w.l(entry9a.o)
    0x080000fc   0x080000fc   0x00000000   Code   RO         1157    .ARM.Collect$$$$0000000D  mc_w.l(entry10a.o)
    0x080000fc   0x080000fc   0x00000000   Code   RO         1159    .ARM.Collect$$$$0000000F  mc_w.l(entry11a.o)
    0x080000fc   0x080000fc   0x00000004   Code   RO         1148    .ARM.Collect$$$$00002712  mc_w.l(entry2.o)
    0x08000100   0x08000100   0x00000024   Code   RO           68    .text               startup_stm32f10x_md.o
    0x08000124   0x08000124   0x00000004   Code   RO          795    .text               mc_w.l(fflush.o)
    0x08000128   0x08000128   0x00000024   Code   RO          802    .text               mc_w.l(memseta.o)
    0x0800014c   0x0800014c   0x0000001c   Code   RO          804    .text               mc_w.l(strcmp.o)
    0x08000168   0x08000168   0x00000044   Code   RO          808    .text               mc_w.l(strtok.o)
    0x080001ac   0x080001ac   0x000000b0   Code   RO         1077    .text               mf_w.l(fadd.o)
    0x0800025c   0x0800025c   0x0000014e   Code   RO         1083    .text               mf_w.l(dadd.o)
    0x080003aa   0x080003aa   0x000000e4   Code   RO         1085    .text               mf_w.l(dmul.o)
    0x0800048e   0x0800048e   0x00000026   Code   RO         1115    .text               mf_w.l(f2d.o)
    0x080004b4   0x080004b4   0x0000002c   Code   RO         1170    .text               mc_w.l(uidiv.o)
    0x080004e0   0x080004e0   0x00000062   Code   RO         1172    .text               mc_w.l(uldiv.o)
    0x08000542   0x08000542   0x0000001e   Code   RO         1174    .text               mc_w.l(llshl.o)
    0x08000560   0x08000560   0x00000020   Code   RO         1176    .text               mc_w.l(llushr.o)
    0x08000580   0x08000580   0x00000024   Code   RO         1178    .text               mc_w.l(llsshr.o)
    0x080005a4   0x080005a4   0x00000000   Code   RO         1187    .text               mc_w.l(iusefp.o)
    0x080005a4   0x080005a4   0x0000006e   Code   RO         1188    .text               mf_w.l(fepilogue.o)
    0x08000612   0x08000612   0x000000ba   Code   RO         1190    .text               mf_w.l(depilogue.o)
    0x080006cc   0x080006cc   0x000000de   Code   RO         1192    .text               mf_w.l(ddiv.o)
    0x080007aa   0x080007aa   0x00000030   Code   RO         1198    .text               mf_w.l(dfixul.o)
    0x080007da   0x080007da   0x00000002   PAD
    0x080007dc   0x080007dc   0x00000030   Code   RO         1202    .text               mf_w.l(cdrcmple.o)
    0x0800080c   0x0800080c   0x00000030   Code   RO         1204    .text               mc_w.l(init.o)
    0x0800083c   0x0800083c   0x00000056   Code   RO         1216    .text               mc_w.l(__dczerorl2.o)
    0x08000892   0x08000892   0x00000002   PAD
    0x08000894   0x08000894   0x000000c4   Code   RO          705    .text.BIE_UART      shell.o
    0x08000958   0x08000958   0x00000002   Code   RO           33    .text.BusFault_Handler  stm32f10x_it.o
    0x0800095a   0x0800095a   0x00000002   PAD
    0x0800095c   0x0800095c   0x00000234   Code   RO          709    .text.Cmd_match     shell.o
    0x08000b90   0x08000b90   0x00000002   Code   RO           39    .text.DebugMon_Handler  stm32f10x_it.o
    0x08000b92   0x08000b92   0x00000002   PAD
    0x08000b94   0x08000b94   0x000000d0   Code   RO          536    .text.Device_Registration  dev_frame.o
    0x08000c64   0x08000c64   0x00000002   Code   RO           29    .text.HardFault_Handler  stm32f10x_it.o
    0x08000c66   0x08000c66   0x00000002   PAD
    0x08000c68   0x08000c68   0x00000080   Code   RO          566    .text.LCD_Clear     df_lcd.o
    0x08000ce8   0x08000ce8   0x00000038   Code   RO          598    .text.LCD_Printf    df_lcd.o
    0x08000d20   0x08000d20   0x00000322   Code   RO          596    .text.LCD_TerminalOut  df_lcd.o
    0x08001042   0x08001042   0x00000002   PAD
    0x08001044   0x08001044   0x0000019a   Code   RO          594    .text.LCD_Terminal_Scroll  df_lcd.o
    0x080011de   0x080011de   0x00000002   PAD
    0x080011e0   0x080011e0   0x0000020e   Code   RO          582    .text.LCD_WriteByte  df_lcd.o
    0x080013ee   0x080013ee   0x00000002   PAD
    0x080013f0   0x080013f0   0x00000002   Code   RO           31    .text.MemManage_Handler  stm32f10x_it.o
    0x080013f2   0x080013f2   0x00000002   PAD
    0x080013f4   0x080013f4   0x00000002   Code   RO           27    .text.NMI_Handler   stm32f10x_it.o
    0x080013f6   0x080013f6   0x00000002   PAD
    0x080013f8   0x080013f8   0x00000014   Code   RO          430    .text.NVIC_PriorityGroupConfig  misc.o
    0x0800140c   0x0800140c   0x00000002   Code   RO           41    .text.PendSV_Handler  stm32f10x_it.o
    0x0800140e   0x0800140e   0x00000002   PAD
    0x08001410   0x08001410   0x00000014   Code   RO           86    .text.SH1106_Clear  sh1106.o
    0x08001424   0x08001424   0x000000ea   Code   RO          102    .text.SH1106_ClearArea  sh1106.o
    0x0800150e   0x0800150e   0x00000002   PAD
    0x08001510   0x08001510   0x00000032   Code   RO          126    .text.SH1106_DrawPoint  sh1106.o
    0x08001542   0x08001542   0x00000002   PAD
    0x08001544   0x08001544   0x00000016   Code   RO          504    .text.SH1106_FillRect  i2c_dev.o
    0x0800155a   0x0800155a   0x00000002   PAD
    0x0800155c   0x0800155c   0x0000002e   Code   RO          128    .text.SH1106_GetPoint  sh1106.o
    0x0800158a   0x0800158a   0x00000002   PAD
    0x0800158c   0x0800158c   0x0000014e   Code   RO           84    .text.SH1106_Init   sh1106.o
    0x080016da   0x080016da   0x00000002   PAD
    0x080016dc   0x080016dc   0x00000014   Code   RO          502    .text.SH1106_SetPixel  i2c_dev.o
    0x080016f0   0x080016f0   0x000001c4   Code   RO           88    .text.SH1106_Update  sh1106.o
    0x080018b4   0x080018b4   0x00000002   Code   RO           37    .text.SVC_Handler   stm32f10x_it.o
    0x080018b6   0x080018b6   0x00000002   PAD
    0x080018b8   0x080018b8   0x0000063c   Code   RO          707    .text.Shell_Deal    shell.o
    0x08001ef4   0x08001ef4   0x0000001c   Code   RO          642    .text.Soft_IIC_Init  df_iic.o
    0x08001f10   0x08001f10   0x000000b2   Code   RO          654    .text.Soft_IIC_Send_Byte  df_iic.o
    0x08001fc2   0x08001fc2   0x00000002   PAD
    0x08001fc4   0x08001fc4   0x00000124   Code   RO          658    .text.Soft_IIC_Write_Byte  df_iic.o
    0x080020e8   0x080020e8   0x00000144   Code   RO          662    .text.Soft_IIC_Write_Len  df_iic.o
    0x0800222c   0x0800222c   0x0000000e   Code   RO          525    .text.SysTick_CallBack  irq.o
    0x0800223a   0x0800223a   0x00000002   PAD
    0x0800223c   0x0800223c   0x00000004   Code   RO           43    .text.SysTick_Handler  stm32f10x_it.o
    0x08002240   0x08002240   0x00000146   Code   RO           52    .text.SystemInit    system_stm32f10x.o
    0x08002386   0x08002386   0x00000002   PAD
    0x08002388   0x08002388   0x00000048   Code   RO          527    .text.USART1_IRQHandler  irq.o
    0x080023d0   0x080023d0   0x0000002a   Code   RO          484    .text.USART1_ReceiveChar  usart.o
    0x080023fa   0x080023fa   0x00000002   PAD
    0x080023fc   0x080023fc   0x00000002   Code   RO           35    .text.UsageFault_Handler  stm32f10x_it.o
    0x080023fe   0x080023fe   0x00000002   PAD
    0x08002400   0x08002400   0x000000a8   Code   RO          377    .text.delay_ms      delay.o
    0x080024a8   0x080024a8   0x00000092   Code   RO          381    .text.delay_us      delay.o
    0x0800253a   0x0800253a   0x00000002   PAD
    0x0800253c   0x0800253c   0x0000001a   Code   RO          486    .text.fputc         usart.o
    0x08002556   0x08002556   0x00000002   PAD
    0x08002558   0x08002558   0x00000042   Code   RO          392    .text.iic1_pins_config  i2c_bus.o
    0x0800259a   0x0800259a   0x00000002   PAD
    0x0800259c   0x0800259c   0x00000010   Code   RO          402    .text.iic1_read_sda  i2c_bus.o
    0x080025ac   0x080025ac   0x00000016   Code   RO          394    .text.iic1_scl      i2c_bus.o
    0x080025c2   0x080025c2   0x00000002   PAD
    0x080025c4   0x080025c4   0x00000016   Code   RO          396    .text.iic1_sda      i2c_bus.o
    0x080025da   0x080025da   0x00000002   PAD
    0x080025dc   0x080025dc   0x00000022   Code   RO          398    .text.iic1_sda_in   i2c_bus.o
    0x080025fe   0x080025fe   0x00000002   PAD
    0x08002600   0x08002600   0x0000001a   Code   RO          400    .text.iic1_sda_out  i2c_bus.o
    0x0800261a   0x0800261a   0x00000002   PAD
    0x0800261c   0x0800261c   0x00000040   Code   RO          413    .text.led_init      led.o
    0x0800265c   0x0800265c   0x00000020   Code   RO          417    .text.led_off       led.o
    0x0800267c   0x0800267c   0x00000020   Code   RO          415    .text.led_on        led.o
    0x0800269c   0x0800269c   0x00000024   Code   RO          419    .text.led_toggle    led.o
    0x080026c0   0x080026c0   0x00000044   Code   RO           15    .text.main          main.o
    0x08002704   0x08002704   0x00000024   Code   RO          448    .text.nvic_init     nvic.o
    0x08002728   0x08002728   0x00000104   Code   RO          508    .text.sh1106_dev_init  i2c_dev.o
    0x0800282c   0x0800282c   0x00000020   Code   RO         1049    i.__0printf         mc_w.l(printfa.o)
    0x0800284c   0x0800284c   0x00000034   Code   RO         1054    i.__0vsnprintf      mc_w.l(printfa.o)
    0x08002880   0x08002880   0x0000000e   Code   RO         1210    i.__scatterload_copy  mc_w.l(handlers.o)
    0x0800288e   0x0800288e   0x00000002   Code   RO         1211    i.__scatterload_null  mc_w.l(handlers.o)
    0x08002890   0x08002890   0x0000000e   Code   RO         1212    i.__scatterload_zeroinit  mc_w.l(handlers.o)
    0x0800289e   0x0800289e   0x00000002   PAD
    0x080028a0   0x080028a0   0x00000184   Code   RO         1056    i._fp_digits        mc_w.l(printfa.o)
    0x08002a24   0x08002a24   0x000006dc   Code   RO         1057    i._printf_core      mc_w.l(printfa.o)
    0x08003100   0x08003100   0x00000024   Code   RO         1058    i._printf_post_padding  mc_w.l(printfa.o)
    0x08003124   0x08003124   0x0000002e   Code   RO         1059    i._printf_pre_padding  mc_w.l(printfa.o)
    0x08003152   0x08003152   0x00000016   Code   RO         1060    i._snputc           mc_w.l(printfa.o)
    0x08003168   0x08003168   0x0000000c   Code   RO          791    i.putchar           mc_w.l(putchar.o)
    0x08003174   0x08003174   0x00000024   Code   RO          789    i.puts              mc_w.l(puts.o)
    0x08003198   0x08003198   0x000005f0   Data   RO          696    .rodata.Consolas_Font8x16_Table  df_fonts.o
    0x08003788   0x08003788   0x0000003d   Data   RO            4    .rodata.str1.1      init.o
    0x080037c5   0x080037c5   0x0000000c   Data   RO          422    .rodata.str1.1      led.o
    0x080037d1   0x080037d1   0x000001cc   Data   RO          516    .rodata.str1.1      i2c_dev.o
    0x0800399d   0x0800399d   0x00000240   Data   RO          715    .rodata.str1.1      shell.o
    0x08003bdd   0x08003bdd   0x00000003   PAD
    0x08003be0   0x08003be0   0x00000020   Data   RO         1209    Region$$Table       anon$$obj.o


    Execution Region RW_IRAM1 (Exec base: 0x20000000, Load base: 0x08003c00, Size: 0x00000a00, Max: 0x00005000, ABSOLUTE, COMPRESSED[0x000000b8])

    Exec Addr    Load Addr    Size         Type   Attr      Idx    E Section Name        Object

    0x20000000   COMPRESSED   0x00000004   Data   RW          797    .data               mc_w.l(stdout.o)
    0x20000004   COMPRESSED   0x00000004   Data   RW          809    .data               mc_w.l(strtok.o)
    0x20000008   COMPRESSED   0x00000008   Data   RW          697    .data.Consolas_Font_8x16  df_fonts.o
    0x20000010   COMPRESSED   0x000000b0   Data   RW            7    .data.Dev_info_poor  init.o
    0x200000c0   COMPRESSED   0x0000001c   Data   RW            5    .data.STM32F103C8T6_Device  init.o
    0x200000dc   COMPRESSED   0x00000020   Data   RW            3    .data.Shell         init.o
    0x200000fc   COMPRESSED   0x00000010   Data   RW          383    .data.delay         delay.o
    0x2000010c   COMPRESSED   0x00000020   Data   RW          404    .data.i2c1_bus      i2c_bus.o
    0x2000012c   COMPRESSED   0x0000002c   Data   RW            6    .data.lcd_sh1106    init.o
    0x20000158   COMPRESSED   0x00000018   Data   RW          421    .data.led           led.o
    0x20000170   COMPRESSED   0x00000050   Data   RW          716    .data.syscmd        shell.o
    0x200001c0        -       0x00000018   Zero   RW          717    .bss.Cmd            shell.o
    0x200001d8        -       0x00000400   Zero   RW          143    .bss.SH1106_DisplayBuf  sh1106.o
    0x200005d8        -       0x0000000c   Zero   RW            9    .bss.Shell_Sysfpoint  init.o
    0x200005e4        -       0x00000014   Zero   RW            8    .bss.env_vars       init.o
    0x200005f8        -       0x00000004   Zero   RW           17    .bss.pitch          main.o
    0x200005fc   COMPRESSED   0x00000004   PAD
    0x20000600        -       0x00000400   Zero   RW           65    STACK               startup_stm32f10x_md.o


==============================================================================

Image component sizes


      Code (inc. data)   RO Data    RW Data    ZI Data      Debug   Object Name

       314          0          0         16          0       4272   delay.o
       208        108          0          0          0       1745   dev_frame.o
         0          0       1520          8          0        846   df_fonts.o
       822          0          0          0          0       9428   df_iic.o
      1922          0          0          0          0      26373   df_lcd.o
       186          0          0         32          0       2038   i2c_bus.o
       302         84        460          0          0       4406   i2c_dev.o
         0          0         61        280         32       2567   init.o
        86          0          0          0          0       1102   irq.o
       164          0         12         24          0       1949   led.o
        68          8          0          0          4        571   main.o
        20          0          0          0          0       2256   misc.o
        36          0          0          0          0       3464   nvic.o
      1136          0          0          0       1024      48921   sh1106.o
      2356        268        576         80         24       9354   shell.o
        36          8        236          0       1024        812   startup_stm32f10x_md.o
        20          0          0          0          0       1117   stm32f10x_it.o
       326          0          0          0          0       2756   system_stm32f10x.o
        68          0          0          0          0       4433   usart.o

    ----------------------------------------------------------------------
      8124        476       2900        440       2112     128410   Object Totals
         0          0         32          0          0          0   (incl. Generated)
        54          0          3          0          4          0   (incl. Padding)

    ----------------------------------------------------------------------

      Code (inc. data)   RO Data    RW Data    ZI Data      Debug   Library Member Name

        86          0          0          0          0          0   __dczerorl2.o
         0          0          0          0          0          0   entry.o
         0          0          0          0          0          0   entry10a.o
         0          0          0          0          0          0   entry11a.o
         8          4          0          0          0          0   entry2.o
         4          0          0          0          0          0   entry5.o
         0          0          0          0          0          0   entry7b.o
         0          0          0          0          0          0   entry8b.o
         8          4          0          0          0          0   entry9a.o
         4          0          0          0          0         68   fflush.o
        30          0          0          0          0          0   handlers.o
        48         10          0          0          0         68   init.o
         0          0          0          0          0          0   iusefp.o
        30          0          0          0          0         68   llshl.o
        36          0          0          0          0         68   llsshr.o
        32          0          0          0          0         68   llushr.o
        36          0          0          0          0        108   memseta.o
      2332         96          0          0          0        600   printfa.o
        12          6          0          0          0         68   putchar.o
        36          6          0          0          0         80   puts.o
         0          0          0          4          0          0   stdout.o
        28          0          0          0          0         76   strcmp.o
        68          6          0          4          0         80   strtok.o
        44          0          0          0          0         80   uidiv.o
        98          0          0          0          0         92   uldiv.o
        48          0          0          0          0         68   cdrcmple.o
       334          0          0          0          0        148   dadd.o
       222          0          0          0          0        100   ddiv.o
       186          0          0          0          0        176   depilogue.o
        48          0          0          0          0         68   dfixul.o
       228          0          0          0          0         96   dmul.o
        38          0          0          0          0         68   f2d.o
       176          0          0          0          0        140   fadd.o
       110          0          0          0          0        168   fepilogue.o

    ----------------------------------------------------------------------
      4336        132          0          8          0       2556   Library Totals
         6          0          0          0          0          0   (incl. Padding)

    ----------------------------------------------------------------------

      Code (inc. data)   RO Data    RW Data    ZI Data      Debug   Library Name

      2940        132          0          8          0       1524   mc_w.l
      1390          0          0          0          0       1032   mf_w.l

    ----------------------------------------------------------------------
      4336        132          0          8          0       2556   Library Totals

    ----------------------------------------------------------------------

==============================================================================


      Code (inc. data)   RO Data    RW Data    ZI Data      Debug   

     12460        608       2900        448       2112     129650   Grand Totals
     12460        608       2900        184       2112     129650   ELF Image Totals (compressed)
     12460        608       2900        184          0          0   ROM Totals

==============================================================================

    Total RO  Size (Code + RO Data)                15360 (  15.00kB)
    Total RW  Size (RW Data + ZI Data)              2560 (   2.50kB)
    Total ROM Size (Code + RO Data + RW Data)      15544 (  15.18kB)

==============================================================================

