Archive member included to satisfy reference by file (symbol)

Middleware/shell/libshell.a(shell.c.obj)
                              CMakeFiles/32_temp_project.elf.dir/app/main.c.obj (MCU_Shell_Init)
c:/progra~2/gnuarm~1/102021~1.10/bin/../lib/gcc/arm-none-eabi/10.3.1/../../../../arm-none-eabi/lib/thumb/v7-m/nofp\libg_nano.a(lib_a-errno.o)
                              CMakeFiles/32_temp_project.elf.dir/BSP/CORE/syscalls.c.obj (__errno)
c:/progra~2/gnuarm~1/102021~1.10/bin/../lib/gcc/arm-none-eabi/10.3.1/../../../../arm-none-eabi/lib/thumb/v7-m/nofp\libg_nano.a(lib_a-exit.o)
                              c:/progra~2/gnuarm~1/102021~1.10/bin/../lib/gcc/arm-none-eabi/10.3.1/../../../../arm-none-eabi/lib/thumb/v7-m/nofp/crt0.o (exit)
c:/progra~2/gnuarm~1/102021~1.10/bin/../lib/gcc/arm-none-eabi/10.3.1/../../../../arm-none-eabi/lib/thumb/v7-m/nofp\libg_nano.a(lib_a-fflush.o)
                              Middleware/shell/libshell.a(shell.c.obj) (fflush)
c:/progra~2/gnuarm~1/102021~1.10/bin/../lib/gcc/arm-none-eabi/10.3.1/../../../../arm-none-eabi/lib/thumb/v7-m/nofp\libg_nano.a(lib_a-findfp.o)
                              c:/progra~2/gnuarm~1/102021~1.10/bin/../lib/gcc/arm-none-eabi/10.3.1/../../../../arm-none-eabi/lib/thumb/v7-m/nofp\libg_nano.a(lib_a-fflush.o) (__sinit)
c:/progra~2/gnuarm~1/102021~1.10/bin/../lib/gcc/arm-none-eabi/10.3.1/../../../../arm-none-eabi/lib/thumb/v7-m/nofp\libg_nano.a(lib_a-fwalk.o)
                              c:/progra~2/gnuarm~1/102021~1.10/bin/../lib/gcc/arm-none-eabi/10.3.1/../../../../arm-none-eabi/lib/thumb/v7-m/nofp\libg_nano.a(lib_a-findfp.o) (_fwalk)
c:/progra~2/gnuarm~1/102021~1.10/bin/../lib/gcc/arm-none-eabi/10.3.1/../../../../arm-none-eabi/lib/thumb/v7-m/nofp\libg_nano.a(lib_a-impure.o)
                              c:/progra~2/gnuarm~1/102021~1.10/bin/../lib/gcc/arm-none-eabi/10.3.1/../../../../arm-none-eabi/lib/thumb/v7-m/nofp\libg_nano.a(lib_a-exit.o) (_global_impure_ptr)
c:/progra~2/gnuarm~1/102021~1.10/bin/../lib/gcc/arm-none-eabi/10.3.1/../../../../arm-none-eabi/lib/thumb/v7-m/nofp\libg_nano.a(lib_a-init.o)
                              c:/progra~2/gnuarm~1/102021~1.10/bin/../lib/gcc/arm-none-eabi/10.3.1/../../../../arm-none-eabi/lib/thumb/v7-m/nofp/crt0.o (__libc_init_array)
c:/progra~2/gnuarm~1/102021~1.10/bin/../lib/gcc/arm-none-eabi/10.3.1/../../../../arm-none-eabi/lib/thumb/v7-m/nofp\libg_nano.a(lib_a-lock.o)
                              c:/progra~2/gnuarm~1/102021~1.10/bin/../lib/gcc/arm-none-eabi/10.3.1/../../../../arm-none-eabi/lib/thumb/v7-m/nofp\libg_nano.a(lib_a-findfp.o) (__retarget_lock_init_recursive)
c:/progra~2/gnuarm~1/102021~1.10/bin/../lib/gcc/arm-none-eabi/10.3.1/../../../../arm-none-eabi/lib/thumb/v7-m/nofp\libg_nano.a(lib_a-memset.o)
                              c:/progra~2/gnuarm~1/102021~1.10/bin/../lib/gcc/arm-none-eabi/10.3.1/../../../../arm-none-eabi/lib/thumb/v7-m/nofp/crt0.o (memset)
c:/progra~2/gnuarm~1/102021~1.10/bin/../lib/gcc/arm-none-eabi/10.3.1/../../../../arm-none-eabi/lib/thumb/v7-m/nofp\libg_nano.a(lib_a-nano-freer.o)
                              c:/progra~2/gnuarm~1/102021~1.10/bin/../lib/gcc/arm-none-eabi/10.3.1/../../../../arm-none-eabi/lib/thumb/v7-m/nofp\libg_nano.a(lib_a-fflush.o) (_free_r)
c:/progra~2/gnuarm~1/102021~1.10/bin/../lib/gcc/arm-none-eabi/10.3.1/../../../../arm-none-eabi/lib/thumb/v7-m/nofp\libg_nano.a(lib_a-nano-mallocr.o)
                              c:/progra~2/gnuarm~1/102021~1.10/bin/../lib/gcc/arm-none-eabi/10.3.1/../../../../arm-none-eabi/lib/thumb/v7-m/nofp\libg_nano.a(lib_a-findfp.o) (_malloc_r)
c:/progra~2/gnuarm~1/102021~1.10/bin/../lib/gcc/arm-none-eabi/10.3.1/../../../../arm-none-eabi/lib/thumb/v7-m/nofp\libg_nano.a(lib_a-putchar.o)
                              Middleware/shell/libshell.a(shell.c.obj) (putchar)
c:/progra~2/gnuarm~1/102021~1.10/bin/../lib/gcc/arm-none-eabi/10.3.1/../../../../arm-none-eabi/lib/thumb/v7-m/nofp\libg_nano.a(lib_a-puts.o)
                              Middleware/shell/libshell.a(shell.c.obj) (puts)
c:/progra~2/gnuarm~1/102021~1.10/bin/../lib/gcc/arm-none-eabi/10.3.1/../../../../arm-none-eabi/lib/thumb/v7-m/nofp\libg_nano.a(lib_a-sbrkr.o)
                              c:/progra~2/gnuarm~1/102021~1.10/bin/../lib/gcc/arm-none-eabi/10.3.1/../../../../arm-none-eabi/lib/thumb/v7-m/nofp\libg_nano.a(lib_a-nano-mallocr.o) (_sbrk_r)
c:/progra~2/gnuarm~1/102021~1.10/bin/../lib/gcc/arm-none-eabi/10.3.1/../../../../arm-none-eabi/lib/thumb/v7-m/nofp\libg_nano.a(lib_a-stdio.o)
                              c:/progra~2/gnuarm~1/102021~1.10/bin/../lib/gcc/arm-none-eabi/10.3.1/../../../../arm-none-eabi/lib/thumb/v7-m/nofp\libg_nano.a(lib_a-findfp.o) (__sread)
c:/progra~2/gnuarm~1/102021~1.10/bin/../lib/gcc/arm-none-eabi/10.3.1/../../../../arm-none-eabi/lib/thumb/v7-m/nofp\libg_nano.a(lib_a-strcmp.o)
                              Middleware/shell/libshell.a(shell.c.obj) (strcmp)
[...]
Memory Configuration

Name             Origin             Length             Attributes
RAM              0x20000000         0x00002800         xrw
FLASH            0x08000000         0x00008000         xr
*default*        0x00000000         0xffffffff

Linker script and memory map

LOAD c:/progra~2/gnuarm~1/102021~1.10/bin/../lib/gcc/arm-none-eabi/10.3.1/thumb/v7-m/nofp/crti.o
LOAD c:/progra~2/gnuarm~1/102021~1.10/bin/../lib/gcc/arm-none-eabi/10.3.1/thumb/v7-m/nofp/crtbegin.o
LOAD c:/progra~2/gnuarm~1/102021~1.10/bin/../lib/gcc/arm-none-eabi/10.3.1/../../../../arm-none-eabi/lib/thumb/v7-m/nofp/crt0.o
LOAD CMakeFiles/32_temp_project.elf.dir/BSP/CORE/startup_stm32f10x_md.c.obj
LOAD CMakeFiles/32_temp_project.elf.dir/BSP/CORE/stm32f10x_it.c.obj
LOAD CMakeFiles/32_temp_project.elf.dir/BSP/CORE/syscalls.c.obj
LOAD CMakeFiles/32_temp_project.elf.dir/BSP/CORE/sysmem.c.obj
LOAD CMakeFiles/32_temp_project.elf.dir/BSP/CORE/system_stm32f10x.c.obj
LOAD CMakeFiles/32_temp_project.elf.dir/Control/filter.c.obj
LOAD CMakeFiles/32_temp_project.elf.dir/Control/pid.c.obj
LOAD CMakeFiles/32_temp_project.elf.dir/Driver/adc.c.obj
LOAD CMakeFiles/32_temp_project.elf.dir/Driver/delay.c.obj
LOAD CMakeFiles/32_temp_project.elf.dir/Driver/led.c.obj
LOAD CMakeFiles/32_temp_project.elf.dir/Driver/misc.c.obj
LOAD CMakeFiles/32_temp_project.elf.dir/Driver/nvic.c.obj
LOAD CMakeFiles/32_temp_project.elf.dir/Driver/Systick.c.obj
LOAD CMakeFiles/32_temp_project.elf.dir/Driver/usart.c.obj
LOAD CMakeFiles/32_temp_project.elf.dir/app/control.c.obj
LOAD CMakeFiles/32_temp_project.elf.dir/app/init.c.obj
LOAD CMakeFiles/32_temp_project.elf.dir/app/irq.c.obj
LOAD CMakeFiles/32_temp_project.elf.dir/app/main.c.obj
LOAD CMakeFiles/32_temp_project.elf.dir/Driver_Framework/led/df_led.c.obj
LOAD Driver_Framework/i2c/libi2c.a
LOAD Driver_Framework/key/libkey.a
LOAD Middleware/shell/libshell.a
LOAD Middleware/trans/libtrans.a
START GROUP
LOAD c:/progra~2/gnuarm~1/102021~1.10/bin/../lib/gcc/arm-none-eabi/10.3.1/thumb/v7-m/nofp\libgcc.a
LOAD c:/progra~2/gnuarm~1/102021~1.10/bin/../lib/gcc/arm-none-eabi/10.3.1/../../../../arm-none-eabi/lib/thumb/v7-m/nofp\libg_nano.a
LOAD c:/progra~2/gnuarm~1/102021~1.10/bin/../lib/gcc/arm-none-eabi/10.3.1/../../../../arm-none-eabi/lib/thumb/v7-m/nofp\libc_nano.a
END GROUP
START GROUP
LOAD c:/progra~2/gnuarm~1/102021~1.10/bin/../lib/gcc/arm-none-eabi/10.3.1/thumb/v7-m/nofp\libgcc.a
LOAD c:/progra~2/gnuarm~1/102021~1.10/bin/../lib/gcc/arm-none-eabi/10.3.1/../../../../arm-none-eabi/lib/thumb/v7-m/nofp\libc_nano.a
LOAD c:/progra~2/gnuarm~1/102021~1.10/bin/../lib/gcc/arm-none-eabi/10.3.1/../../../../arm-none-eabi/lib/thumb/v7-m/nofp\libnosys.a
END GROUP
START GROUP
LOAD c:/progra~2/gnuarm~1/102021~1.10/bin/../lib/gcc/arm-none-eabi/10.3.1/thumb/v7-m/nofp\libgcc.a
LOAD c:/progra~2/gnuarm~1/102021~1.10/bin/../lib/gcc/arm-none-eabi/10.3.1/../../../../arm-none-eabi/lib/thumb/v7-m/nofp\libc_nano.a
LOAD c:/progra~2/gnuarm~1/102021~1.10/bin/../lib/gcc/arm-none-eabi/10.3.1/../../../../arm-none-eabi/lib/thumb/v7-m/nofp\libnosys.a
END GROUP
LOAD c:/progra~2/gnuarm~1/102021~1.10/bin/../lib/gcc/arm-none-eabi/10.3.1/thumb/v7-m/nofp/crtend.o
LOAD c:/progra~2/gnuarm~1/102021~1.10/bin/../lib/gcc/arm-none-eabi/10.3.1/thumb/v7-m/nofp/crtn.o
                0x20002800                _estack = (ORIGIN (RAM) + LENGTH (RAM))
                0x00000200                _Min_Heap_Size = 0x200
                0x00000400                _Min_Stack_Size = 0x400

.isr_vector     0x08000000      0x130
                0x08000000                . = ALIGN (0x4)
 *(.isr_vector)
 .isr_vector    0x08000000      0x130 CMakeFiles/32_temp_project.elf.dir/BSP/CORE/startup_stm32f10x_md.c.obj
                0x08000000                g_pfnVectors
                0x08000130                . = ALIGN (0x4)

.text           0x08000130     0x25b0
                0x08000130                . = ALIGN (0x4)
 *(.text)
 .text          0x08000130       0x40 c:/progra~2/gnuarm~1/102021~1.10/bin/../lib/gcc/arm-none-eabi/10.3.1/thumb/v7-m/nofp/crtbegin.o
 .text          0x08000170       0x14 c:/progra~2/gnuarm~1/102021~1.10/bin/../lib/gcc/arm-none-eabi/10.3.1/../../../../arm-none-eabi/lib/thumb/v7-m/nofp\libg_nano.a(lib_a-strcmp.o)
                0x08000170                strcmp
 *(.text*)
 .text.Reset_Handler
                0x08000184       0x4c CMakeFiles/32_temp_project.elf.dir/BSP/CORE/startup_stm32f10x_md.c.obj
                0x08000184                Reset_Handler
 .text.Default_Handler
                0x080001d0        0x2 CMakeFiles/32_temp_project.elf.dir/BSP/CORE/startup_stm32f10x_md.c.obj
                0x080001d0                EXTI2_IRQHandler
                0x080001d0                TIM8_TRG_COM_IRQHandler
                0x080001d0                TIM8_CC_IRQHandler
                0x080001d0                TIM1_CC_IRQHandler
                0x080001d0                TIM6_IRQHandler
                0x080001d0                PVD_IRQHandler
                0x080001d0                SDIO_IRQHandler
                0x080001d0                EXTI3_IRQHandler
                0x080001d0                EXTI0_IRQHandler
                0x080001d0                I2C2_EV_IRQHandler
                0x080001d0                ADC1_2_IRQHandler
                0x080001d0                SPI1_IRQHandler
                0x080001d0                TAMPER_IRQHandler
                0x080001d0                TIM8_UP_IRQHandler
                0x080001d0                DMA2_Channel2_IRQHandler
                0x080001d0                DMA1_Channel4_IRQHandler
                0x080001d0                USART3_IRQHandler
                0x080001d0                RTC_IRQHandler
                0x080001d0                DMA1_Channel7_IRQHandler
                0x080001d0                CAN1_RX1_IRQHandler
                0x080001d0                UART5_IRQHandler
                0x080001d0                ADC3_IRQHandler
                0x080001d0                TIM4_IRQHandler
                0x080001d0                DMA2_Channel1_IRQHandler
                0x080001d0                I2C1_EV_IRQHandler
                0x080001d0                DMA1_Channel6_IRQHandler
                0x080001d0                UART4_IRQHandler
                0x080001d0                TIM3_IRQHandler
                0x080001d0                RCC_IRQHandler
                0x080001d0                TIM1_TRG_COM_IRQHandler
                0x080001d0                DMA1_Channel1_IRQHandler
                0x080001d0                Default_Handler
                0x080001d0                EXTI15_10_IRQHandler
                0x080001d0                TIM7_IRQHandler
                0x080001d0                TIM5_IRQHandler
                0x080001d0                EXTI9_5_IRQHandler
                0x080001d0                SPI2_IRQHandler
                0x080001d0                DMA1_Channel5_IRQHandler
                0x080001d0                EXTI4_IRQHandler
                0x080001d0                USB_LP_CAN1_RX0_IRQHandler
                0x080001d0                USB_HP_CAN1_TX_IRQHandler
                0x080001d0                DMA1_Channel3_IRQHandler
                0x080001d0                FSMC_IRQHandler
                0x080001d0                TIM1_UP_IRQHandler
                0x080001d0                WWDG_IRQHandler
                0x080001d0                TIM2_IRQHandler
                0x080001d0                TIM1_BRK_IRQHandler
                0x080001d0                EXTI1_IRQHandler
                0x080001d0                RTCAlarm_IRQHandler
                0x080001d0                DMA2_Channel4_5_IRQHandler
                0x080001d0                USART2_IRQHandler
                0x080001d0                I2C2_ER_IRQHandler
                0x080001d0                DMA1_Channel2_IRQHandler
                0x080001d0                TIM8_BRK_IRQHandler
                0x080001d0                CAN1_SCE_IRQHandler
                0x080001d0                FLASH_IRQHandler
                0x080001d0                SPI3_IRQHandler
                0x080001d0                I2C1_ER_IRQHandler
                0x080001d0                USBWakeUp_IRQHandler
                0x080001d0                DMA2_Channel3_IRQHandler
 .text.NMI_Handler
                0x080001d2        0xc CMakeFiles/32_temp_project.elf.dir/BSP/CORE/stm32f10x_it.c.obj
                0x080001d2                NMI_Handler
 .text.HardFault_Handler
                0x080001de        0x6 CMakeFiles/32_temp_project.elf.dir/BSP/CORE/stm32f10x_it.c.obj
                0x080001de                HardFault_Handler
 .text.MemManage_Handler
                0x080001e4        0x6 CMakeFiles/32_temp_project.elf.dir/BSP/CORE/stm32f10x_it.c.obj
                0x080001e4                MemManage_Handler
 .text.BusFault_Handler
                0x080001ea        0x6 CMakeFiles/32_temp_project.elf.dir/BSP/CORE/stm32f10x_it.c.obj
                0x080001ea                BusFault_Handler
 .text.UsageFault_Handler
                0x080001f0        0x6 CMakeFiles/32_temp_project.elf.dir/BSP/CORE/stm32f10x_it.c.obj
                0x080001f0                UsageFault_Handler
 .text.SVC_Handler
                0x080001f6        0xc CMakeFiles/32_temp_project.elf.dir/BSP/CORE/stm32f10x_it.c.obj
                0x080001f6                SVC_Handler
 .text.DebugMon_Handler
                0x08000202        0xc CMakeFiles/32_temp_project.elf.dir/BSP/CORE/stm32f10x_it.c.obj
                0x08000202                DebugMon_Handler
 .text.PendSV_Handler
                0x0800020e        0xc CMakeFiles/32_temp_project.elf.dir/BSP/CORE/stm32f10x_it.c.obj
                0x0800020e                PendSV_Handler
 .text.SysTick_Handler
                0x0800021a        0xc CMakeFiles/32_temp_project.elf.dir/BSP/CORE/stm32f10x_it.c.obj
                0x0800021a                SysTick_Handler
 .text._getpid  0x08000226        0xe CMakeFiles/32_temp_project.elf.dir/BSP/CORE/syscalls.c.obj
                0x08000226                _getpid
 .text._kill    0x08000234       0x20 CMakeFiles/32_temp_project.elf.dir/BSP/CORE/syscalls.c.obj
                0x08000234                _kill
 .text._exit    0x08000254       0x14 CMakeFiles/32_temp_project.elf.dir/BSP/CORE/syscalls.c.obj
                0x08000254                _exit
 .text._read    0x08000268       0x3a CMakeFiles/32_temp_project.elf.dir/BSP/CORE/syscalls.c.obj
                0x08000268                _read
 .text._write   0x080002a2       0x38 CMakeFiles/32_temp_project.elf.dir/BSP/CORE/syscalls.c.obj
                0x080002a2                _write
 .text._close   0x080002da       0x16 CMakeFiles/32_temp_project.elf.dir/BSP/CORE/syscalls.c.obj
                0x080002da                _close
 .text._fstat   0x080002f0       0x1e CMakeFiles/32_temp_project.elf.dir/BSP/CORE/syscalls.c.obj
                0x080002f0                _fstat
 .text._isatty  0x0800030e       0x14 CMakeFiles/32_temp_project.elf.dir/BSP/CORE/syscalls.c.obj
                0x0800030e                _isatty
 .text._lseek   0x08000322       0x18 CMakeFiles/32_temp_project.elf.dir/BSP/CORE/syscalls.c.obj
                0x08000322                _lseek
 *fill*         0x0800033a        0x2 
 .text._sbrk    0x0800033c       0x6c CMakeFiles/32_temp_project.elf.dir/BSP/CORE/sysmem.c.obj
                0x0800033c                _sbrk
 .text.SystemInit
                0x080003a8       0x68 CMakeFiles/32_temp_project.elf.dir/BSP/CORE/system_stm32f10x.c.obj
                0x080003a8                SystemInit
 .text.SetSysClock
                0x08000410        0xc CMakeFiles/32_temp_project.elf.dir/BSP/CORE/system_stm32f10x.c.obj
 .text.SetSysClockTo72
                0x0800041c      0x100 CMakeFiles/32_temp_project.elf.dir/BSP/CORE/system_stm32f10x.c.obj
 .text.LED_Init
                0x0800051c       0x44 CMakeFiles/32_temp_project.elf.dir/Driver/led.c.obj
                0x0800051c                LED_Init
 .text.LED_Toggle
                0x08000560       0x1c CMakeFiles/32_temp_project.elf.dir/Driver/led.c.obj
                0x08000560                LED_Toggle
 .text.NVIC_PriorityGroupConfig
                0x0800057c       0x24 CMakeFiles/32_temp_project.elf.dir/Driver/misc.c.obj
                0x0800057c                NVIC_PriorityGroupConfig
 .text.__NVIC_EnableIRQ
                0x080005a0       0x38 CMakeFiles/32_temp_project.elf.dir/Driver/nvic.c.obj
 .text.__NVIC_SetPriority
                0x080005d8       0x54 CMakeFiles/32_temp_project.elf.dir/Driver/nvic.c.obj
 .text.NVIC_Init
                0x0800062c       0x30 CMakeFiles/32_temp_project.elf.dir/Driver/nvic.c.obj
                0x0800062c                NVIC_Init
 .text.Systick_Init
                0x0800065c       0x38 CMakeFiles/32_temp_project.elf.dir/Driver/Systick.c.obj
                0x0800065c                Systick_Init
 .text.USART1_Init
                0x08000694       0x94 CMakeFiles/32_temp_project.elf.dir/Driver/usart.c.obj
                0x08000694                USART1_Init
 .text.__io_putchar
                0x08000728       0x1c CMakeFiles/32_temp_project.elf.dir/Driver/usart.c.obj
                0x08000728                __io_putchar
 .text.USART1_SendChar
                0x08000744       0x30 CMakeFiles/32_temp_project.elf.dir/Driver/usart.c.obj
                0x08000744                USART1_SendChar
 .text.USART1_SendString
                0x08000774       0x2a CMakeFiles/32_temp_project.elf.dir/Driver/usart.c.obj
                0x08000774                USART1_SendString
 *fill*         0x0800079e        0x2 
 .text.USART1_ReceiveChar
                0x080007a0       0x38 CMakeFiles/32_temp_project.elf.dir/Driver/usart.c.obj
                0x080007a0                USART1_ReceiveChar
 .text.printf   0x080007d8       0x42 CMakeFiles/32_temp_project.elf.dir/Driver/usart.c.obj
                0x080007d8                printf
 .text.SysTick_CallBack
                0x0800081a        0xc CMakeFiles/32_temp_project.elf.dir/app/irq.c.obj
                0x0800081a                SysTick_CallBack
 *fill*         0x08000826        0x2 
 .text.USART1_IRQHandler
                0x08000828       0x50 CMakeFiles/32_temp_project.elf.dir/app/irq.c.obj
                0x08000828                USART1_IRQHandler
 .text.main     0x08000878       0x38 CMakeFiles/32_temp_project.elf.dir/app/main.c.obj
                0x08000878                main
 .text.MCU_Shell_Init
                0x080008b0      0x1cc Middleware/shell/libshell.a(shell.c.obj)
                0x080008b0                MCU_Shell_Init
 .text.BIE_UART
                0x08000a7c       0xfc Middleware/shell/libshell.a(shell.c.obj)
                0x08000a7c                BIE_UART
 .text.Cmd_match
                0x08000b78      0x1d4 Middleware/shell/libshell.a(shell.c.obj)
                0x08000b78                Cmd_match
 .text.Task_Switch
                0x08000d4c       0xa6 Middleware/shell/libshell.a(shell.c.obj)
                0x08000d4c                Task_Switch
 .text.Task_Switch_Tick_Handler
                0x08000df2       0x3a Middleware/shell/libshell.a(shell.c.obj)
                0x08000df2                Task_Switch_Tick_Handler
 .text.Shell_Deal
                0x08000e2c      0x1c8 Middleware/shell/libshell.a(shell.c.obj)
                0x08000e2c                Shell_Deal
 .text.__errno  0x08000ff4        0xc c:/progra~2/gnuarm~1/102021~1.10/bin/../lib/gcc/arm-none-eabi/10.3.1/../../../../arm-none-eabi/lib/thumb/v7-m/nofp\libg_nano.a(lib_a-errno.o)
                0x08000ff4                __errno
 .text.__sflush_r
                0x08001000      0x104 c:/progra~2/gnuarm~1/102021~1.10/bin/../lib/gcc/arm-none-eabi/10.3.1/../../../../arm-none-eabi/lib/thumb/v7-m/nofp\libg_nano.a(lib_a-fflush.o)
                0x08001000                __sflush_r
 .text._fflush_r
                0x08001104       0x78 c:/progra~2/gnuarm~1/102021~1.10/bin/../lib/gcc/arm-none-eabi/10.3.1/../../../../arm-none-eabi/lib/thumb/v7-m/nofp\libg_nano.a(lib_a-fflush.o)
                0x08001104                _fflush_r
 .text.fflush   0x0800117c       0x24 c:/progra~2/gnuarm~1/102021~1.10/bin/../lib/gcc/arm-none-eabi/10.3.1/../../../../arm-none-eabi/lib/thumb/v7-m/nofp\libg_nano.a(lib_a-fflush.o)
                0x0800117c                fflush
 .text.std      0x080011a0       0x48 c:/progra~2/gnuarm~1/102021~1.10/bin/../lib/gcc/arm-none-eabi/10.3.1/../../../../arm-none-eabi/lib/thumb/v7-m/nofp\libg_nano.a(lib_a-findfp.o)
 .text._cleanup_r
                0x080011e8        0xc c:/progra~2/gnuarm~1/102021~1.10/bin/../lib/gcc/arm-none-eabi/10.3.1/../../../../arm-none-eabi/lib/thumb/v7-m/nofp\libg_nano.a(lib_a-findfp.o)
                0x080011e8                _cleanup_r
 .text.__sfmoreglue
                0x080011f4       0x2c c:/progra~2/gnuarm~1/102021~1.10/bin/../lib/gcc/arm-none-eabi/10.3.1/../../../../arm-none-eabi/lib/thumb/v7-m/nofp\libg_nano.a(lib_a-findfp.o)
                0x080011f4                __sfmoreglue
 .text.__sfp_lock_acquire
                0x08001220        0xc c:/progra~2/gnuarm~1/102021~1.10/bin/../lib/gcc/arm-none-eabi/10.3.1/../../../../arm-none-eabi/lib/thumb/v7-m/nofp\libg_nano.a(lib_a-findfp.o)
                0x08001220                __sfp_lock_acquire
 .text.__sfp_lock_release
                0x0800122c        0xc c:/progra~2/gnuarm~1/102021~1.10/bin/../lib/gcc/arm-none-eabi/10.3.1/../../../../arm-none-eabi/lib/thumb/v7-m/nofp\libg_nano.a(lib_a-findfp.o)
                0x0800122c                __sfp_lock_release
 .text.__sinit_lock_acquire
                0x08001238        0xc c:/progra~2/gnuarm~1/102021~1.10/bin/../lib/gcc/arm-none-eabi/10.3.1/../../../../arm-none-eabi/lib/thumb/v7-m/nofp\libg_nano.a(lib_a-findfp.o)
                0x08001238                __sinit_lock_acquire
 .text.__sinit_lock_release
                0x08001244        0xc c:/progra~2/gnuarm~1/102021~1.10/bin/../lib/gcc/arm-none-eabi/10.3.1/../../../../arm-none-eabi/lib/thumb/v7-m/nofp\libg_nano.a(lib_a-findfp.o)
                0x08001244                __sinit_lock_release
 .text.__sinit  0x08001250       0x70 c:/progra~2/gnuarm~1/102021~1.10/bin/../lib/gcc/arm-none-eabi/10.3.1/../../../../arm-none-eabi/lib/thumb/v7-m/nofp\libg_nano.a(lib_a-findfp.o)
                0x08001250                __sinit
 .text.__sfp    0x080012c0       0x8c c:/progra~2/gnuarm~1/102021~1.10/bin/../lib/gcc/arm-none-eabi/10.3.1/../../../../arm-none-eabi/lib/thumb/v7-m/nofp\libg_nano.a(lib_a-findfp.o)
                0x080012c0                __sfp
 .text._fwalk_reent
                0x0800134c       0x3e c:/progra~2/gnuarm~1/102021~1.10/bin/../lib/gcc/arm-none-eabi/10.3.1/../../../../arm-none-eabi/lib/thumb/v7-m/nofp\libg_nano.a(lib_a-fwalk.o)
                0x0800134c                _fwalk_reent
 *fill*         0x0800138a        0x2 
 .text.__libc_init_array
                0x0800138c       0x48 c:/progra~2/gnuarm~1/102021~1.10/bin/../lib/gcc/arm-none-eabi/10.3.1/../../../../arm-none-eabi/lib/thumb/v7-m/nofp\libg_nano.a(lib_a-init.o)
                0x0800138c                __libc_init_array
 .text.__retarget_lock_init_recursive
                0x080013d4        0x2 c:/progra~2/gnuarm~1/102021~1.10/bin/../lib/gcc/arm-none-eabi/10.3.1/../../../../arm-none-eabi/lib/thumb/v7-m/nofp\libg_nano.a(lib_a-lock.o)
                0x080013d4                __retarget_lock_init_recursive
 .text.__retarget_lock_acquire_recursive
                0x080013d6        0x2 c:/progra~2/gnuarm~1/102021~1.10/bin/../lib/gcc/arm-none-eabi/10.3.1/../../../../arm-none-eabi/lib/thumb/v7-m/nofp\libg_nano.a(lib_a-lock.o)
                0x080013d6                __retarget_lock_acquire_recursive
 .text.__retarget_lock_release_recursive
                0x080013d8        0x2 c:/progra~2/gnuarm~1/102021~1.10/bin/../lib/gcc/arm-none-eabi/10.3.1/../../../../arm-none-eabi/lib/thumb/v7-m/nofp\libg_nano.a(lib_a-lock.o)
                0x080013d8                __retarget_lock_release_recursive
 .text.memset   0x080013da       0x10 c:/progra~2/gnuarm~1/102021~1.10/bin/../lib/gcc/arm-none-eabi/10.3.1/../../../../arm-none-eabi/lib/thumb/v7-m/nofp\libg_nano.a(lib_a-memset.o)
                0x080013da                memset
 *fill*         0x080013ea        0x2 
 .text._free_r  0x080013ec       0x90 c:/progra~2/gnuarm~1/102021~1.10/bin/../lib/gcc/arm-none-eabi/10.3.1/../../../../arm-none-eabi/lib/thumb/v7-m/nofp\libg_nano.a(lib_a-nano-freer.o)
                0x080013ec                _free_r
 .text.sbrk_aligned
                0x0800147c       0x40 c:/progra~2/gnuarm~1/102021~1.10/bin/../lib/gcc/arm-none-eabi/10.3.1/../../../../arm-none-eabi/lib/thumb/v7-m/nofp\libg_nano.a(lib_a-nano-mallocr.o)
 .text._malloc_r
                0x080014bc       0xe8 c:/progra~2/gnuarm~1/102021~1.10/bin/../lib/gcc/arm-none-eabi/10.3.1/../../../../arm-none-eabi/lib/thumb/v7-m/nofp\libg_nano.a(lib_a-nano-mallocr.o)
                0x080014bc                _malloc_r
 .text.putchar  0x080015a4       0x28 c:/progra~2/gnuarm~1/102021~1.10/bin/../lib/gcc/arm-none-eabi/10.3.1/../../../../arm-none-eabi/lib/thumb/v7-m/nofp\libg_nano.a(lib_a-putchar.o)
                0x080015a4                putchar
 .text._puts_r  0x080015cc       0xdc c:/progra~2/gnuarm~1/102021~1.10/bin/../lib/gcc/arm-none-eabi/10.3.1/../../../../arm-none-eabi/lib/thumb/v7-m/nofp\libg_nano.a(lib_a-puts.o)
                0x080015cc                _puts_r
 .text.puts     0x080016a8       0x10 c:/progra~2/gnuarm~1/102021~1.10/bin/../lib/gcc/arm-none-eabi/10.3.1/../../../../arm-none-eabi/lib/thumb/v7-m/nofp\libg_nano.a(lib_a-puts.o)
                0x080016a8                puts
 .text._sbrk_r  0x080016b8       0x20 c:/progra~2/gnuarm~1/102021~1.10/bin/../lib/gcc/arm-none-eabi/10.3.1/../../../../arm-none-eabi/lib/thumb/v7-m/nofp\libg_nano.a(lib_a-sbrkr.o)
                0x080016b8                _sbrk_r
 .text.__sread  0x080016d8       0x22 c:/progra~2/gnuarm~1/102021~1.10/bin/../lib/gcc/arm-none-eabi/10.3.1/../../../../arm-none-eabi/lib/thumb/v7-m/nofp\libg_nano.a(lib_a-stdio.o)
                0x080016d8                __sread
 .text.__swrite
                0x080016fa       0x38 c:/progra~2/gnuarm~1/102021~1.10/bin/../lib/gcc/arm-none-eabi/10.3.1/../../../../arm-none-eabi/lib/thumb/v7-m/nofp\libg_nano.a(lib_a-stdio.o)
                0x080016fa                __swrite
 .text.__sseek  0x08001732       0x24 c:/progra~2/gnuarm~1/102021~1.10/bin/../lib/gcc/arm-none-eabi/10.3.1/../../../../arm-none-eabi/lib/thumb/v7-m/nofp\libg_nano.a(lib_a-stdio.o)
                0x08001732                __sseek
 .text.__sclose
                0x08001756        0x8 c:/progra~2/gnuarm~1/102021~1.10/bin/../lib/gcc/arm-none-eabi/10.3.1/../../../../arm-none-eabi/lib/thumb/v7-m/nofp\libg_nano.a(lib_a-stdio.o)
                0x08001756                __sclose
 *fill*         0x0800175e        0x2 
 .text.strtok   0x08001760       0x68 c:/progra~2/gnuarm~1/102021~1.10/bin/../lib/gcc/arm-none-eabi/10.3.1/../../../../arm-none-eabi/lib/thumb/v7-m/nofp\libg_nano.a(lib_a-strtok.o)
                0x08001760                strtok
 .text.__strtok_r
                0x080017c8       0x50 c:/progra~2/gnuarm~1/102021~1.10/bin/../lib/gcc/arm-none-eabi/10.3.1/../../../../arm-none-eabi/lib/thumb/v7-m/nofp\libg_nano.a(lib_a-strtok_r.o)
                0x080017c8                __strtok_r
 .text._vsnprintf_r
                0x08001818       0x56 c:/progra~2/gnuarm~1/102021~1.10/bin/../lib/gcc/arm-none-eabi/10.3.1/../../../../arm-none-eabi/lib/thumb/v7-m/nofp\libg_nano.a(lib_a-vsnprintf.o)
                0x08001818                _vsniprintf_r
                0x08001818                _vsnprintf_r
 *fill*         0x0800186e        0x2 
 .text.vsnprintf
                0x08001870       0x1c c:/progra~2/gnuarm~1/102021~1.10/bin/../lib/gcc/arm-none-eabi/10.3.1/../../../../arm-none-eabi/lib/thumb/v7-m/nofp\libg_nano.a(lib_a-vsnprintf.o)
                0x08001870                vsniprintf
                0x08001870                vsnprintf
 .text.__swbuf_r
                0x0800188c       0xa4 c:/progra~2/gnuarm~1/102021~1.10/bin/../lib/gcc/arm-none-eabi/10.3.1/../../../../arm-none-eabi/lib/thumb/v7-m/nofp\libg_nano.a(lib_a-wbuf.o)
                0x0800188c                __swbuf_r
 .text._write_r
                0x08001930       0x24 c:/progra~2/gnuarm~1/102021~1.10/bin/../lib/gcc/arm-none-eabi/10.3.1/../../../../arm-none-eabi/lib/thumb/v7-m/nofp\libg_nano.a(lib_a-writer.o)
                0x08001930                _write_r
 .text.__swsetup_r
                0x08001954       0xdc c:/progra~2/gnuarm~1/102021~1.10/bin/../lib/gcc/arm-none-eabi/10.3.1/../../../../arm-none-eabi/lib/thumb/v7-m/nofp\libg_nano.a(lib_a-wsetup.o)
                0x08001954                __swsetup_r
 .text.__assert_func
                0x08001a30       0x3c c:/progra~2/gnuarm~1/102021~1.10/bin/../lib/gcc/arm-none-eabi/10.3.1/../../../../arm-none-eabi/lib/thumb/v7-m/nofp\libg_nano.a(lib_a-assert.o)
                0x08001a30                __assert_func
 .text._close_r
                0x08001a6c       0x20 c:/progra~2/gnuarm~1/102021~1.10/bin/../lib/gcc/arm-none-eabi/10.3.1/../../../../arm-none-eabi/lib/thumb/v7-m/nofp\libg_nano.a(lib_a-closer.o)
                0x08001a6c                _close_r
 .text.fprintf  0x08001a8c       0x24 c:/progra~2/gnuarm~1/102021~1.10/bin/../lib/gcc/arm-none-eabi/10.3.1/../../../../arm-none-eabi/lib/thumb/v7-m/nofp\libg_nano.a(lib_a-fprintf.o)
                0x08001a8c                fiprintf
                0x08001a8c                fprintf
 .text._lseek_r
                0x08001ab0       0x24 c:/progra~2/gnuarm~1/102021~1.10/bin/../lib/gcc/arm-none-eabi/10.3.1/../../../../arm-none-eabi/lib/thumb/v7-m/nofp\libg_nano.a(lib_a-lseekr.o)
                0x08001ab0                _lseek_r
 .text.__swhatbuf_r
                0x08001ad4       0x4a c:/progra~2/gnuarm~1/102021~1.10/bin/../lib/gcc/arm-none-eabi/10.3.1/../../../../arm-none-eabi/lib/thumb/v7-m/nofp\libg_nano.a(lib_a-makebuf.o)
                0x08001ad4                __swhatbuf_r
 *fill*         0x08001b1e        0x2 
 .text.__smakebuf_r
                0x08001b20       0x80 c:/progra~2/gnuarm~1/102021~1.10/bin/../lib/gcc/arm-none-eabi/10.3.1/../../../../arm-none-eabi/lib/thumb/v7-m/nofp\libg_nano.a(lib_a-makebuf.o)
                0x08001b20                __smakebuf_r
 .text.malloc   0x08001ba0       0x10 c:/progra~2/gnuarm~1/102021~1.10/bin/../lib/gcc/arm-none-eabi/10.3.1/../../../../arm-none-eabi/lib/thumb/v7-m/nofp\libg_nano.a(lib_a-malloc.o)
                0x08001ba0                malloc
 .text.__malloc_lock
                0x08001bb0        0xc c:/progra~2/gnuarm~1/102021~1.10/bin/../lib/gcc/arm-none-eabi/10.3.1/../../../../arm-none-eabi/lib/thumb/v7-m/nofp\libg_nano.a(lib_a-mlock.o)
                0x08001bb0                __malloc_lock
 .text.__malloc_unlock
                0x08001bbc        0xc c:/progra~2/gnuarm~1/102021~1.10/bin/../lib/gcc/arm-none-eabi/10.3.1/../../../../arm-none-eabi/lib/thumb/v7-m/nofp\libg_nano.a(lib_a-mlock.o)
                0x08001bbc                __malloc_unlock
 .text.__ssputs_r
                0x08001bc8       0xb6 c:/progra~2/gnuarm~1/102021~1.10/bin/../lib/gcc/arm-none-eabi/10.3.1/../../../../arm-none-eabi/lib/thumb/v7-m/nofp\libg_nano.a(lib_a-nano-svfprintf.o)
                0x08001bc8                __ssputs_r
 *fill*         0x08001c7e        0x2 
 .text._svfprintf_r
                0x08001c80      0x200 c:/progra~2/gnuarm~1/102021~1.10/bin/../lib/gcc/arm-none-eabi/10.3.1/../../../../arm-none-eabi/lib/thumb/v7-m/nofp\libg_nano.a(lib_a-nano-svfprintf.o)
                0x08001c80                _svfiprintf_r
                0x08001c80                _svfprintf_r
 .text.__sfputc_r
                0x08001e80       0x2a c:/progra~2/gnuarm~1/102021~1.10/bin/../lib/gcc/arm-none-eabi/10.3.1/../../../../arm-none-eabi/lib/thumb/v7-m/nofp\libg_nano.a(lib_a-nano-vfprintf.o)
 .text.__sfputs_r
                0x08001eaa       0x24 c:/progra~2/gnuarm~1/102021~1.10/bin/../lib/gcc/arm-none-eabi/10.3.1/../../../../arm-none-eabi/lib/thumb/v7-m/nofp\libg_nano.a(lib_a-nano-vfprintf.o)
                0x08001eaa                __sfputs_r
 *fill*         0x08001ece        0x2 
 .text._vfprintf_r
                0x08001ed0      0x260 c:/progra~2/gnuarm~1/102021~1.10/bin/../lib/gcc/arm-none-eabi/10.3.1/../../../../arm-none-eabi/lib/thumb/v7-m/nofp\libg_nano.a(lib_a-nano-vfprintf.o)
                0x08001ed0                _vfprintf_r
                0x08001ed0                _vfiprintf_r
 .text._printf_common
                0x08002130       0xde c:/progra~2/gnuarm~1/102021~1.10/bin/../lib/gcc/arm-none-eabi/10.3.1/../../../../arm-none-eabi/lib/thumb/v7-m/nofp\libg_nano.a(lib_a-nano-vfprintf_i.o)
                0x08002130                _printf_common
 *fill*         0x0800220e        0x2 
 .text._printf_i
                0x08002210      0x24c c:/progra~2/gnuarm~1/102021~1.10/bin/../lib/gcc/arm-none-eabi/10.3.1/../../../../arm-none-eabi/lib/thumb/v7-m/nofp\libg_nano.a(lib_a-nano-vfprintf_i.o)
                0x08002210                _printf_i
 .text._putc_r  0x0800245c       0x90 c:/progra~2/gnuarm~1/102021~1.10/bin/../lib/gcc/arm-none-eabi/10.3.1/../../../../arm-none-eabi/lib/thumb/v7-m/nofp\libg_nano.a(lib_a-putc.o)
                0x0800245c                _putc_r
 .text._read_r  0x080024ec       0x24 c:/progra~2/gnuarm~1/102021~1.10/bin/../lib/gcc/arm-none-eabi/10.3.1/../../../../arm-none-eabi/lib/thumb/v7-m/nofp\libg_nano.a(lib_a-readr.o)
                0x080024ec                _read_r
 .text.abort    0x08002510        0xe c:/progra~2/gnuarm~1/102021~1.10/bin/../lib/gcc/arm-none-eabi/10.3.1/../../../../arm-none-eabi/lib/thumb/v7-m/nofp\libg_nano.a(lib_a-abort.o)
                0x08002510                abort
 *fill*         0x0800251e        0x2 
 .text._fstat_r
                0x08002520       0x24 c:/progra~2/gnuarm~1/102021~1.10/bin/../lib/gcc/arm-none-eabi/10.3.1/../../../../arm-none-eabi/lib/thumb/v7-m/nofp\libg_nano.a(lib_a-fstatr.o)
                0x08002520                _fstat_r
 .text._isatty_r
                0x08002544       0x20 c:/progra~2/gnuarm~1/102021~1.10/bin/../lib/gcc/arm-none-eabi/10.3.1/../../../../arm-none-eabi/lib/thumb/v7-m/nofp\libg_nano.a(lib_a-isattyr.o)
                0x08002544                _isatty_r
 .text.memchr   0x08002564       0x1c c:/progra~2/gnuarm~1/102021~1.10/bin/../lib/gcc/arm-none-eabi/10.3.1/../../../../arm-none-eabi/lib/thumb/v7-m/nofp\libg_nano.a(lib_a-memchr-stub.o)
                0x08002564                memchr
 .text.memcpy   0x08002580       0x1c c:/progra~2/gnuarm~1/102021~1.10/bin/../lib/gcc/arm-none-eabi/10.3.1/../../../../arm-none-eabi/lib/thumb/v7-m/nofp\libg_nano.a(lib_a-memcpy-stub.o)
                0x08002580                memcpy
 .text.memmove  0x0800259c       0x34 c:/progra~2/gnuarm~1/102021~1.10/bin/../lib/gcc/arm-none-eabi/10.3.1/../../../../arm-none-eabi/lib/thumb/v7-m/nofp\libg_nano.a(lib_a-memmove.o)
                0x0800259c                memmove
 .text._realloc_r
                0x080025d0       0x5e c:/progra~2/gnuarm~1/102021~1.10/bin/../lib/gcc/arm-none-eabi/10.3.1/../../../../arm-none-eabi/lib/thumb/v7-m/nofp\libg_nano.a(lib_a-nano-reallocr.o)
                0x080025d0                _realloc_r
 .text._raise_r
                0x0800262e       0x50 c:/progra~2/gnuarm~1/102021~1.10/bin/../lib/gcc/arm-none-eabi/10.3.1/../../../../arm-none-eabi/lib/thumb/v7-m/nofp\libg_nano.a(lib_a-signal.o)
                0x0800262e                _raise_r
 *fill*         0x0800267e        0x2 
 .text.raise    0x08002680       0x10 c:/progra~2/gnuarm~1/102021~1.10/bin/../lib/gcc/arm-none-eabi/10.3.1/../../../../arm-none-eabi/lib/thumb/v7-m/nofp\libg_nano.a(lib_a-signal.o)
                0x08002680                raise
 .text._kill_r  0x08002690       0x24 c:/progra~2/gnuarm~1/102021~1.10/bin/../lib/gcc/arm-none-eabi/10.3.1/../../../../arm-none-eabi/lib/thumb/v7-m/nofp\libg_nano.a(lib_a-signalr.o)
                0x08002690                _kill_r
 .text._getpid_r
                0x080026b4        0x4 c:/progra~2/gnuarm~1/102021~1.10/bin/../lib/gcc/arm-none-eabi/10.3.1/../../../../arm-none-eabi/lib/thumb/v7-m/nofp\libg_nano.a(lib_a-signalr.o)
                0x080026b4                _getpid_r
 .text._malloc_usable_size_r
                0x080026b8       0x10 c:/progra~2/gnuarm~1/102021~1.10/bin/../lib/gcc/arm-none-eabi/10.3.1/../../../../arm-none-eabi/lib/thumb/v7-m/nofp\libg_nano.a(lib_a-nano-msizer.o)
                0x080026b8                _malloc_usable_size_r
 *(.glue_7)
 .glue_7        0x080026c8        0x0 linker stubs
 *(.glue_7t)
 .glue_7t       0x080026c8        0x0 linker stubs
 *(.eh_frame)
 .eh_frame      0x080026c8        0x0 c:/progra~2/gnuarm~1/102021~1.10/bin/../lib/gcc/arm-none-eabi/10.3.1/thumb/v7-m/nofp/crtbegin.o
 *(.init)
 .init          0x080026c8        0x4 c:/progra~2/gnuarm~1/102021~1.10/bin/../lib/gcc/arm-none-eabi/10.3.1/thumb/v7-m/nofp/crti.o
                0x080026c8                _init
 .init          0x080026cc        0x8 c:/progra~2/gnuarm~1/102021~1.10/bin/../lib/gcc/arm-none-eabi/10.3.1/thumb/v7-m/nofp/crtn.o
 *(.fini)
 .fini          0x080026d4        0x4 c:/progra~2/gnuarm~1/102021~1.10/bin/../lib/gcc/arm-none-eabi/10.3.1/thumb/v7-m/nofp/crti.o
                0x080026d4                _fini
 .fini          0x080026d8        0x8 c:/progra~2/gnuarm~1/102021~1.10/bin/../lib/gcc/arm-none-eabi/10.3.1/thumb/v7-m/nofp/crtn.o
                0x080026e0                . = ALIGN (0x4)
                0x080026e0                _etext = .

.vfp11_veneer   0x080026e0        0x0
 .vfp11_veneer  0x080026e0        0x0 linker stubs

.v4_bx          0x080026e0        0x0
 .v4_bx         0x080026e0        0x0 linker stubs

.iplt           0x080026e0        0x0
 .iplt          0x080026e0        0x0 c:/progra~2/gnuarm~1/102021~1.10/bin/../lib/gcc/arm-none-eabi/10.3.1/thumb/v7-m/nofp/crtbegin.o

.rodata         0x080026e0      0x6a4
                0x080026e0                . = ALIGN (0x4)
 *(.rodata)
 .rodata        0x080026e0       0x46 CMakeFiles/32_temp_project.elf.dir/app/init.c.obj
 *fill*         0x08002726        0x2 
 .rodata        0x08002728      0x4ef Middleware/shell/libshell.a(shell.c.obj)
 *(.rodata*)
 *fill*         0x08002c17        0x1 
 .rodata.__sf_fake_stderr
                0x08002c18       0x20 c:/progra~2/gnuarm~1/102021~1.10/bin/../lib/gcc/arm-none-eabi/10.3.1/../../../../arm-none-eabi/lib/thumb/v7-m/nofp\libg_nano.a(lib_a-findfp.o)
                0x08002c18                __sf_fake_stderr
 .rodata.__sf_fake_stdin
                0x08002c38       0x20 c:/progra~2/gnuarm~1/102021~1.10/bin/../lib/gcc/arm-none-eabi/10.3.1/../../../../arm-none-eabi/lib/thumb/v7-m/nofp\libg_nano.a(lib_a-findfp.o)
                0x08002c38                __sf_fake_stdin
 .rodata.__sf_fake_stdout
                0x08002c58       0x20 c:/progra~2/gnuarm~1/102021~1.10/bin/../lib/gcc/arm-none-eabi/10.3.1/../../../../arm-none-eabi/lib/thumb/v7-m/nofp\libg_nano.a(lib_a-findfp.o)
                0x08002c58                __sf_fake_stdout
 .rodata._global_impure_ptr
                0x08002c78        0x4 c:/progra~2/gnuarm~1/102021~1.10/bin/../lib/gcc/arm-none-eabi/10.3.1/../../../../arm-none-eabi/lib/thumb/v7-m/nofp\libg_nano.a(lib_a-impure.o)
                0x08002c78                _global_impure_ptr
 .rodata.strtok.str1.1
                0x08002c7c       0x97 c:/progra~2/gnuarm~1/102021~1.10/bin/../lib/gcc/arm-none-eabi/10.3.1/../../../../arm-none-eabi/lib/thumb/v7-m/nofp\libg_nano.a(lib_a-strtok.o)
 .rodata.__assert_func.str1.1
                0x08002d13       0x3c c:/progra~2/gnuarm~1/102021~1.10/bin/../lib/gcc/arm-none-eabi/10.3.1/../../../../arm-none-eabi/lib/thumb/v7-m/nofp\libg_nano.a(lib_a-assert.o)
                                 0x3d (size before relaxing)
 .rodata._svfprintf_r.str1.1
                0x08002d4f       0x11 c:/progra~2/gnuarm~1/102021~1.10/bin/../lib/gcc/arm-none-eabi/10.3.1/../../../../arm-none-eabi/lib/thumb/v7-m/nofp\libg_nano.a(lib_a-nano-svfprintf.o)
 .rodata._vfprintf_r.str1.1
                0x08002d60       0x11 c:/progra~2/gnuarm~1/102021~1.10/bin/../lib/gcc/arm-none-eabi/10.3.1/../../../../arm-none-eabi/lib/thumb/v7-m/nofp\libg_nano.a(lib_a-nano-vfprintf.o)
 .rodata._printf_i.str1.1
                0x08002d60       0x22 c:/progra~2/gnuarm~1/102021~1.10/bin/../lib/gcc/arm-none-eabi/10.3.1/../../../../arm-none-eabi/lib/thumb/v7-m/nofp\libg_nano.a(lib_a-nano-vfprintf_i.o)
                0x08002d84                . = ALIGN (0x4)
 *fill*         0x08002d82        0x2 

.rel.dyn        0x08002d84        0x0
 .rel.iplt      0x08002d84        0x0 c:/progra~2/gnuarm~1/102021~1.10/bin/../lib/gcc/arm-none-eabi/10.3.1/thumb/v7-m/nofp/crtbegin.o

.ARM.extab
 *(.ARM.extab* .gnu.linkonce.armextab.*)

.ARM            0x08002d84        0x0
                0x08002d84                __exidx_start = .
 *(.ARM.exidx*)
                0x08002d84                __exidx_end = .

.preinit_array  0x08002d84        0x0
                0x08002d84                PROVIDE (__preinit_array_start = .)
 *(.preinit_array*)
                0x08002d84                PROVIDE (__preinit_array_end = .)

.init_array     0x08002d84        0x4
                0x08002d84                PROVIDE (__init_array_start = .)
 *(SORT_BY_NAME(.init_array.*))
 *(.init_array*)
 .init_array    0x08002d84        0x4 c:/progra~2/gnuarm~1/102021~1.10/bin/../lib/gcc/arm-none-eabi/10.3.1/thumb/v7-m/nofp/crtbegin.o
                0x08002d88                PROVIDE (__init_array_end = .)

.fini_array     0x08002d88        0x4
                [!provide]                PROVIDE (__fini_array_start = .)
 *(SORT_BY_NAME(.fini_array.*))
 *(.fini_array*)
 .fini_array    0x08002d88        0x4 c:/progra~2/gnuarm~1/102021~1.10/bin/../lib/gcc/arm-none-eabi/10.3.1/thumb/v7-m/nofp/crtbegin.o
                [!provide]                PROVIDE (__fini_array_end = .)
                0x08002d8c                _sidata = LOADADDR (.data)

.data           0x20000000      0x110 load address 0x08002d8c
                0x20000000                . = ALIGN (0x4)
                0x20000000                _sdata = .
 *(.data)
 *(.data*)
 .data.SystemCoreClock
                0x20000000        0x4 CMakeFiles/32_temp_project.elf.dir/BSP/CORE/system_stm32f10x.c.obj
                0x20000000                SystemCoreClock
 .data.Shell    0x20000004       0x20 CMakeFiles/32_temp_project.elf.dir/app/init.c.obj
                0x20000004                Shell
 .data.STM32F103C8T6_Device
                0x20000024       0x1c CMakeFiles/32_temp_project.elf.dir/app/init.c.obj
                0x20000024                STM32F103C8T6_Device
 .data.syscmd   0x20000040       0x50 Middleware/shell/libshell.a(shell.c.obj)
                0x20000040                syscmd
 .data.default_log.0
                0x20000090       0x1c Middleware/shell/libshell.a(shell.c.obj)
 .data._impure_ptr
                0x200000ac        0x4 c:/progra~2/gnuarm~1/102021~1.10/bin/../lib/gcc/arm-none-eabi/10.3.1/../../../../arm-none-eabi/lib/thumb/v7-m/nofp\libg_nano.a(lib_a-impure.o)
                0x200000ac                _impure_ptr
 .data.impure_data
                0x200000b0       0x60 c:/progra~2/gnuarm~1/102021~1.10/bin/../lib/gcc/arm-none-eabi/10.3.1/../../../../arm-none-eabi/lib/thumb/v7-m/nofp\libg_nano.a(lib_a-impure.o)
                0x20000110                . = ALIGN (0x4)
                0x20000110                _edata = .

.igot.plt       0x20000110        0x0 load address 0x08002e9c
 .igot.plt      0x20000110        0x0 c:/progra~2/gnuarm~1/102021~1.10/bin/../lib/gcc/arm-none-eabi/10.3.1/thumb/v7-m/nofp/crtbegin.o
                0x20000110                . = ALIGN (0x4)

.bss            0x20000110       0x68 load address 0x08002e9c
                0x20000110                _sbss = .
                0x20000110                __bss_start__ = _sbss
 *(.bss)
 .bss           0x20000110       0x1c c:/progra~2/gnuarm~1/102021~1.10/bin/../lib/gcc/arm-none-eabi/10.3.1/thumb/v7-m/nofp/crtbegin.o
 *(.bss*)
 .bss.__sbrk_heap_end
                0x2000012c        0x4 CMakeFiles/32_temp_project.elf.dir/BSP/CORE/sysmem.c.obj
 .bss.Shell_Sysfpoint
                0x20000130        0xc CMakeFiles/32_temp_project.elf.dir/app/init.c.obj
                0x20000130                Shell_Sysfpoint
 .bss.env_vars  0x2000013c       0x14 CMakeFiles/32_temp_project.elf.dir/app/init.c.obj
                0x2000013c                env_vars
 .bss.Cmd       0x20000150       0x18 Middleware/shell/libshell.a(shell.c.obj)
                0x20000150                Cmd
 .bss.__lock___malloc_recursive_mutex
                0x20000168        0x1 c:/progra~2/gnuarm~1/102021~1.10/bin/../lib/gcc/arm-none-eabi/10.3.1/../../../../arm-none-eabi/lib/thumb/v7-m/nofp\libg_nano.a(lib_a-lock.o)
                0x20000168                __lock___malloc_recursive_mutex
 .bss.__lock___sfp_recursive_mutex
                0x20000169        0x1 c:/progra~2/gnuarm~1/102021~1.10/bin/../lib/gcc/arm-none-eabi/10.3.1/../../../../arm-none-eabi/lib/thumb/v7-m/nofp\libg_nano.a(lib_a-lock.o)
                0x20000169                __lock___sfp_recursive_mutex
 .bss.__lock___sinit_recursive_mutex
                0x2000016a        0x1 c:/progra~2/gnuarm~1/102021~1.10/bin/../lib/gcc/arm-none-eabi/10.3.1/../../../../arm-none-eabi/lib/thumb/v7-m/nofp\libg_nano.a(lib_a-lock.o)
                0x2000016a                __lock___sinit_recursive_mutex
 *fill*         0x2000016b        0x1 
 .bss.__malloc_free_list
                0x2000016c        0x4 c:/progra~2/gnuarm~1/102021~1.10/bin/../lib/gcc/arm-none-eabi/10.3.1/../../../../arm-none-eabi/lib/thumb/v7-m/nofp\libg_nano.a(lib_a-nano-mallocr.o)
                0x2000016c                __malloc_free_list
 .bss.__malloc_sbrk_start
                0x20000170        0x4 c:/progra~2/gnuarm~1/102021~1.10/bin/../lib/gcc/arm-none-eabi/10.3.1/../../../../arm-none-eabi/lib/thumb/v7-m/nofp\libg_nano.a(lib_a-nano-mallocr.o)
                0x20000170                __malloc_sbrk_start
 .bss.errno     0x20000174        0x4 c:/progra~2/gnuarm~1/102021~1.10/bin/../lib/gcc/arm-none-eabi/10.3.1/../../../../arm-none-eabi/lib/thumb/v7-m/nofp\libg_nano.a(lib_a-reent.o)
                0x20000174                errno
 *(COMMON)
                0x20000178                . = ALIGN (0x4)
                0x20000178                _ebss = .
                0x20000178                __bss_end__ = _ebss

._user_heap_stack
                0x20000178      0x600 load address 0x08002e9c
                0x20000178                . = ALIGN (0x8)
                [!provide]                PROVIDE (end = .)
                0x20000178                PROVIDE (_end = .)
                0x20000378                . = (. + _Min_Heap_Size)
 *fill*         0x20000178      0x200 
                0x20000778                . = (. + _Min_Stack_Size)
 *fill*         0x20000378      0x400 
                0x20000778                . = ALIGN (0x8)

/DISCARD/
 libc.a(*)
 libm.a(*)
 libgcc.a(*)

.ARM.attributes
                0x00000000       0x29
 *(.ARM.attributes)
 .ARM.attributes
                0x00000000       0x1d c:/progra~2/gnuarm~1/102021~1.10/bin/../lib/gcc/arm-none-eabi/10.3.1/thumb/v7-m/nofp/crti.o
 .ARM.attributes
                0x0000001d       0x2d c:/progra~2/gnuarm~1/102021~1.10/bin/../lib/gcc/arm-none-eabi/10.3.1/thumb/v7-m/nofp/crtbegin.o
 .ARM.attributes
                0x0000004a       0x2d CMakeFiles/32_temp_project.elf.dir/BSP/CORE/startup_stm32f10x_md.c.obj
 .ARM.attributes
                0x00000077       0x2d CMakeFiles/32_temp_project.elf.dir/BSP/CORE/stm32f10x_it.c.obj
 .ARM.attributes
                0x000000a4       0x2d CMakeFiles/32_temp_project.elf.dir/BSP/CORE/syscalls.c.obj
 .ARM.attributes
                0x000000d1       0x2d CMakeFiles/32_temp_project.elf.dir/BSP/CORE/sysmem.c.obj
 .ARM.attributes
                0x000000fe       0x2d CMakeFiles/32_temp_project.elf.dir/BSP/CORE/system_stm32f10x.c.obj
 .ARM.attributes
                0x0000012b       0x2d CMakeFiles/32_temp_project.elf.dir/Driver/led.c.obj
 .ARM.attributes
                0x00000158       0x2d CMakeFiles/32_temp_project.elf.dir/Driver/misc.c.obj
 .ARM.attributes
                0x00000185       0x2d CMakeFiles/32_temp_project.elf.dir/Driver/nvic.c.obj
 .ARM.attributes
                0x000001b2       0x2d CMakeFiles/32_temp_project.elf.dir/Driver/Systick.c.obj
 .ARM.attributes
                0x000001df       0x2d CMakeFiles/32_temp_project.elf.dir/Driver/usart.c.obj
 .ARM.attributes
                0x0000020c       0x2d CMakeFiles/32_temp_project.elf.dir/app/init.c.obj
 .ARM.attributes
                0x00000239       0x2d CMakeFiles/32_temp_project.elf.dir/app/irq.c.obj
 .ARM.attributes
                0x00000266       0x2d CMakeFiles/32_temp_project.elf.dir/app/main.c.obj
 .ARM.attributes
                0x00000293       0x2d Middleware/shell/libshell.a(shell.c.obj)
 .ARM.attributes
                0x000002c0       0x2d c:/progra~2/gnuarm~1/102021~1.10/bin/../lib/gcc/arm-none-eabi/10.3.1/../../../../arm-none-eabi/lib/thumb/v7-m/nofp\libg_nano.a(lib_a-errno.o)
 .ARM.attributes
                0x000002ed       0x2d c:/progra~2/gnuarm~1/102021~1.10/bin/../lib/gcc/arm-none-eabi/10.3.1/../../../../arm-none-eabi/lib/thumb/v7-m/nofp\libg_nano.a(lib_a-fflush.o)
 .ARM.attributes
                0x0000031a       0x2d c:/progra~2/gnuarm~1/102021~1.10/bin/../lib/gcc/arm-none-eabi/10.3.1/../../../../arm-none-eabi/lib/thumb/v7-m/nofp\libg_nano.a(lib_a-findfp.o)
 .ARM.attributes
                0x00000347       0x2d c:/progra~2/gnuarm~1/102021~1.10/bin/../lib/gcc/arm-none-eabi/10.3.1/../../../../arm-none-eabi/lib/thumb/v7-m/nofp\libg_nano.a(lib_a-fwalk.o)
 .ARM.attributes
                0x00000374       0x2d c:/progra~2/gnuarm~1/102021~1.10/bin/../lib/gcc/arm-none-eabi/10.3.1/../../../../arm-none-eabi/lib/thumb/v7-m/nofp\libg_nano.a(lib_a-impure.o)
 .ARM.attributes
                0x000003a1       0x2d c:/progra~2/gnuarm~1/102021~1.10/bin/../lib/gcc/arm-none-eabi/10.3.1/../../../../arm-none-eabi/lib/thumb/v7-m/nofp\libg_nano.a(lib_a-init.o)
 .ARM.attributes
                0x000003ce       0x2d c:/progra~2/gnuarm~1/102021~1.10/bin/../lib/gcc/arm-none-eabi/10.3.1/../../../../arm-none-eabi/lib/thumb/v7-m/nofp\libg_nano.a(lib_a-lock.o)
 .ARM.attributes
                0x000003fb       0x2d c:/progra~2/gnuarm~1/102021~1.10/bin/../lib/gcc/arm-none-eabi/10.3.1/../../../../arm-none-eabi/lib/thumb/v7-m/nofp\libg_nano.a(lib_a-memset.o)
 .ARM.attributes
                0x00000428       0x2d c:/progra~2/gnuarm~1/102021~1.10/bin/../lib/gcc/arm-none-eabi/10.3.1/../../../../arm-none-eabi/lib/thumb/v7-m/nofp\libg_nano.a(lib_a-nano-freer.o)
 .ARM.attributes
                0x00000455       0x2d c:/progra~2/gnuarm~1/102021~1.10/bin/../lib/gcc/arm-none-eabi/10.3.1/../../../../arm-none-eabi/lib/thumb/v7-m/nofp\libg_nano.a(lib_a-nano-mallocr.o)
 .ARM.attributes
                0x00000482       0x2d c:/progra~2/gnuarm~1/102021~1.10/bin/../lib/gcc/arm-none-eabi/10.3.1/../../../../arm-none-eabi/lib/thumb/v7-m/nofp\libg_nano.a(lib_a-putchar.o)
 .ARM.attributes
                0x000004af       0x2d c:/progra~2/gnuarm~1/102021~1.10/bin/../lib/gcc/arm-none-eabi/10.3.1/../../../../arm-none-eabi/lib/thumb/v7-m/nofp\libg_nano.a(lib_a-puts.o)
 .ARM.attributes
                0x000004dc       0x2d c:/progra~2/gnuarm~1/102021~1.10/bin/../lib/gcc/arm-none-eabi/10.3.1/../../../../arm-none-eabi/lib/thumb/v7-m/nofp\libg_nano.a(lib_a-sbrkr.o)
 .ARM.attributes
                0x00000509       0x2d c:/progra~2/gnuarm~1/102021~1.10/bin/../lib/gcc/arm-none-eabi/10.3.1/../../../../arm-none-eabi/lib/thumb/v7-m/nofp\libg_nano.a(lib_a-stdio.o)
 .ARM.attributes
                0x00000536       0x1b c:/progra~2/gnuarm~1/102021~1.10/bin/../lib/gcc/arm-none-eabi/10.3.1/../../../../arm-none-eabi/lib/thumb/v7-m/nofp\libg_nano.a(lib_a-strcmp.o)
 .ARM.attributes
                0x00000551       0x2d c:/progra~2/gnuarm~1/102021~1.10/bin/../lib/gcc/arm-none-eabi/10.3.1/../../../../arm-none-eabi/lib/thumb/v7-m/nofp\libg_nano.a(lib_a-strtok.o)
 .ARM.attributes
                0x0000057e       0x2d c:/progra~2/gnuarm~1/102021~1.10/bin/../lib/gcc/arm-none-eabi/10.3.1/../../../../arm-none-eabi/lib/thumb/v7-m/nofp\libg_nano.a(lib_a-strtok_r.o)
 .ARM.attributes
                0x000005ab       0x2d c:/progra~2/gnuarm~1/102021~1.10/bin/../lib/gcc/arm-none-eabi/10.3.1/../../../../arm-none-eabi/lib/thumb/v7-m/nofp\libg_nano.a(lib_a-vsnprintf.o)
 .ARM.attributes
                0x000005d8       0x2d c:/progra~2/gnuarm~1/102021~1.10/bin/../lib/gcc/arm-none-eabi/10.3.1/../../../../arm-none-eabi/lib/thumb/v7-m/nofp\libg_nano.a(lib_a-wbuf.o)
 .ARM.attributes
                0x00000605       0x2d c:/progra~2/gnuarm~1/102021~1.10/bin/../lib/gcc/arm-none-eabi/10.3.1/../../../../arm-none-eabi/lib/thumb/v7-m/nofp\libg_nano.a(lib_a-writer.o)
 .ARM.attributes
                0x00000632       0x2d c:/progra~2/gnuarm~1/102021~1.10/bin/../lib/gcc/arm-none-eabi/10.3.1/../../../../arm-none-eabi/lib/thumb/v7-m/nofp\libg_nano.a(lib_a-wsetup.o)
 .ARM.attributes
                0x0000065f       0x2d c:/progra~2/gnuarm~1/102021~1.10/bin/../lib/gcc/arm-none-eabi/10.3.1/../../../../arm-none-eabi/lib/thumb/v7-m/nofp\libg_nano.a(lib_a-assert.o)
 .ARM.attributes
                0x0000068c       0x2d c:/progra~2/gnuarm~1/102021~1.10/bin/../lib/gcc/arm-none-eabi/10.3.1/../../../../arm-none-eabi/lib/thumb/v7-m/nofp\libg_nano.a(lib_a-closer.o)
 .ARM.attributes
                0x000006b9       0x2d c:/progra~2/gnuarm~1/102021~1.10/bin/../lib/gcc/arm-none-eabi/10.3.1/../../../../arm-none-eabi/lib/thumb/v7-m/nofp\libg_nano.a(lib_a-fprintf.o)
 .ARM.attributes
                0x000006e6       0x2d c:/progra~2/gnuarm~1/102021~1.10/bin/../lib/gcc/arm-none-eabi/10.3.1/../../../../arm-none-eabi/lib/thumb/v7-m/nofp\libg_nano.a(lib_a-lseekr.o)
 .ARM.attributes
                0x00000713       0x2d c:/progra~2/gnuarm~1/102021~1.10/bin/../lib/gcc/arm-none-eabi/10.3.1/../../../../arm-none-eabi/lib/thumb/v7-m/nofp\libg_nano.a(lib_a-makebuf.o)
 .ARM.attributes
                0x00000740       0x2d c:/progra~2/gnuarm~1/102021~1.10/bin/../lib/gcc/arm-none-eabi/10.3.1/../../../../arm-none-eabi/lib/thumb/v7-m/nofp\libg_nano.a(lib_a-malloc.o)
 .ARM.attributes
                0x0000076d       0x2d c:/progra~2/gnuarm~1/102021~1.10/bin/../lib/gcc/arm-none-eabi/10.3.1/../../../../arm-none-eabi/lib/thumb/v7-m/nofp\libg_nano.a(lib_a-mlock.o)
 .ARM.attributes
                0x0000079a       0x2d c:/progra~2/gnuarm~1/102021~1.10/bin/../lib/gcc/arm-none-eabi/10.3.1/../../../../arm-none-eabi/lib/thumb/v7-m/nofp\libg_nano.a(lib_a-nano-svfprintf.o)
 .ARM.attributes
                0x000007c7       0x2d c:/progra~2/gnuarm~1/102021~1.10/bin/../lib/gcc/arm-none-eabi/10.3.1/../../../../arm-none-eabi/lib/thumb/v7-m/nofp\libg_nano.a(lib_a-nano-vfprintf.o)
 .ARM.attributes
                0x000007f4       0x2d c:/progra~2/gnuarm~1/102021~1.10/bin/../lib/gcc/arm-none-eabi/10.3.1/../../../../arm-none-eabi/lib/thumb/v7-m/nofp\libg_nano.a(lib_a-nano-vfprintf_i.o)
 .ARM.attributes
                0x00000821       0x2d c:/progra~2/gnuarm~1/102021~1.10/bin/../lib/gcc/arm-none-eabi/10.3.1/../../../../arm-none-eabi/lib/thumb/v7-m/nofp\libg_nano.a(lib_a-putc.o)
 .ARM.attributes
                0x0000084e       0x2d c:/progra~2/gnuarm~1/102021~1.10/bin/../lib/gcc/arm-none-eabi/10.3.1/../../../../arm-none-eabi/lib/thumb/v7-m/nofp\libg_nano.a(lib_a-readr.o)
 .ARM.attributes
                0x0000087b       0x2d c:/progra~2/gnuarm~1/102021~1.10/bin/../lib/gcc/arm-none-eabi/10.3.1/../../../../arm-none-eabi/lib/thumb/v7-m/nofp\libg_nano.a(lib_a-reent.o)
 .ARM.attributes
                0x000008a8       0x2d c:/progra~2/gnuarm~1/102021~1.10/bin/../lib/gcc/arm-none-eabi/10.3.1/../../../../arm-none-eabi/lib/thumb/v7-m/nofp\libg_nano.a(lib_a-abort.o)
 .ARM.attributes
                0x000008d5       0x2d c:/progra~2/gnuarm~1/102021~1.10/bin/../lib/gcc/arm-none-eabi/10.3.1/../../../../arm-none-eabi/lib/thumb/v7-m/nofp\libg_nano.a(lib_a-fstatr.o)
 .ARM.attributes
                0x00000902       0x2d c:/progra~2/gnuarm~1/102021~1.10/bin/../lib/gcc/arm-none-eabi/10.3.1/../../../../arm-none-eabi/lib/thumb/v7-m/nofp\libg_nano.a(lib_a-isattyr.o)
 .ARM.attributes
                0x0000092f       0x2d c:/progra~2/gnuarm~1/102021~1.10/bin/../lib/gcc/arm-none-eabi/10.3.1/../../../../arm-none-eabi/lib/thumb/v7-m/nofp\libg_nano.a(lib_a-memchr-stub.o)
 .ARM.attributes
                0x0000095c       0x2d c:/progra~2/gnuarm~1/102021~1.10/bin/../lib/gcc/arm-none-eabi/10.3.1/../../../../arm-none-eabi/lib/thumb/v7-m/nofp\libg_nano.a(lib_a-memcpy-stub.o)
 .ARM.attributes
                0x00000989       0x2d c:/progra~2/gnuarm~1/102021~1.10/bin/../lib/gcc/arm-none-eabi/10.3.1/../../../../arm-none-eabi/lib/thumb/v7-m/nofp\libg_nano.a(lib_a-memmove.o)
 .ARM.attributes
                0x000009b6       0x2d c:/progra~2/gnuarm~1/102021~1.10/bin/../lib/gcc/arm-none-eabi/10.3.1/../../../../arm-none-eabi/lib/thumb/v7-m/nofp\libg_nano.a(lib_a-nano-reallocr.o)
 .ARM.attributes
                0x000009e3       0x2d c:/progra~2/gnuarm~1/102021~1.10/bin/../lib/gcc/arm-none-eabi/10.3.1/../../../../arm-none-eabi/lib/thumb/v7-m/nofp\libg_nano.a(lib_a-signal.o)
 .ARM.attributes
                0x00000a10       0x2d c:/progra~2/gnuarm~1/102021~1.10/bin/../lib/gcc/arm-none-eabi/10.3.1/../../../../arm-none-eabi/lib/thumb/v7-m/nofp\libg_nano.a(lib_a-signalr.o)
 .ARM.attributes
                0x00000a3d       0x2d c:/progra~2/gnuarm~1/102021~1.10/bin/../lib/gcc/arm-none-eabi/10.3.1/../../../../arm-none-eabi/lib/thumb/v7-m/nofp\libg_nano.a(lib_a-nano-msizer.o)
 .ARM.attributes
                0x00000a6a       0x1d c:/progra~2/gnuarm~1/102021~1.10/bin/../lib/gcc/arm-none-eabi/10.3.1/thumb/v7-m/nofp/crtn.o
OUTPUT(32_temp_project.elf elf32-littlearm)
LOAD linker stubs
LOAD c:/progra~2/gnuarm~1/102021~1.10/bin/../lib/gcc/arm-none-eabi/10.3.1/../../../../arm-none-eabi/lib/thumb/v7-m/nofp\libc.a
LOAD c:/progra~2/gnuarm~1/102021~1.10/bin/../lib/gcc/arm-none-eabi/10.3.1/../../../../arm-none-eabi/lib/thumb/v7-m/nofp\libm.a
LOAD c:/progra~2/gnuarm~1/102021~1.10/bin/../lib/gcc/arm-none-eabi/10.3.1/thumb/v7-m/nofp\libgcc.a

.debug_info     0x00000000     0x3736
 .debug_info    0x00000000      0x160 CMakeFiles/32_temp_project.elf.dir/BSP/CORE/startup_stm32f10x_md.c.obj
 .debug_info    0x00000160      0x112 CMakeFiles/32_temp_project.elf.dir/BSP/CORE/stm32f10x_it.c.obj
 .debug_info    0x00000272      0x6b2 CMakeFiles/32_temp_project.elf.dir/BSP/CORE/syscalls.c.obj
 .debug_info    0x00000924      0x15f CMakeFiles/32_temp_project.elf.dir/BSP/CORE/sysmem.c.obj
 .debug_info    0x00000a83      0x4e8 CMakeFiles/32_temp_project.elf.dir/BSP/CORE/system_stm32f10x.c.obj
 .debug_info    0x00000f6b      0x200 CMakeFiles/32_temp_project.elf.dir/Driver/led.c.obj
 .debug_info    0x0000116b      0x3b9 CMakeFiles/32_temp_project.elf.dir/Driver/misc.c.obj
 .debug_info    0x00001524      0x5a7 CMakeFiles/32_temp_project.elf.dir/Driver/nvic.c.obj
 .debug_info    0x00001acb      0x10e CMakeFiles/32_temp_project.elf.dir/Driver/Systick.c.obj
 .debug_info    0x00001bd9      0x453 CMakeFiles/32_temp_project.elf.dir/Driver/usart.c.obj
 .debug_info    0x0000202c      0x2e7 CMakeFiles/32_temp_project.elf.dir/app/init.c.obj
 .debug_info    0x00002313      0x3d6 CMakeFiles/32_temp_project.elf.dir/app/irq.c.obj
 .debug_info    0x000026e9      0x24b CMakeFiles/32_temp_project.elf.dir/app/main.c.obj
 .debug_info    0x00002934      0xe02 Middleware/shell/libshell.a(shell.c.obj)

.debug_abbrev   0x00000000     0x1036
 .debug_abbrev  0x00000000       0xf2 CMakeFiles/32_temp_project.elf.dir/BSP/CORE/startup_stm32f10x_md.c.obj
 .debug_abbrev  0x000000f2       0x61 CMakeFiles/32_temp_project.elf.dir/BSP/CORE/stm32f10x_it.c.obj
 .debug_abbrev  0x00000153      0x180 CMakeFiles/32_temp_project.elf.dir/BSP/CORE/syscalls.c.obj
 .debug_abbrev  0x000002d3       0xa6 CMakeFiles/32_temp_project.elf.dir/BSP/CORE/sysmem.c.obj
 .debug_abbrev  0x00000379      0x1a0 CMakeFiles/32_temp_project.elf.dir/BSP/CORE/system_stm32f10x.c.obj
 .debug_abbrev  0x00000519       0x9d CMakeFiles/32_temp_project.elf.dir/Driver/led.c.obj
 .debug_abbrev  0x000005b6      0x11f CMakeFiles/32_temp_project.elf.dir/Driver/misc.c.obj
 .debug_abbrev  0x000006d5      0x14b CMakeFiles/32_temp_project.elf.dir/Driver/nvic.c.obj
 .debug_abbrev  0x00000820       0xb7 CMakeFiles/32_temp_project.elf.dir/Driver/Systick.c.obj
 .debug_abbrev  0x000008d7      0x1b2 CMakeFiles/32_temp_project.elf.dir/Driver/usart.c.obj
 .debug_abbrev  0x00000a89       0xef CMakeFiles/32_temp_project.elf.dir/app/init.c.obj
 .debug_abbrev  0x00000b78      0x134 CMakeFiles/32_temp_project.elf.dir/app/irq.c.obj
 .debug_abbrev  0x00000cac       0xe8 CMakeFiles/32_temp_project.elf.dir/app/main.c.obj
 .debug_abbrev  0x00000d94      0x2a2 Middleware/shell/libshell.a(shell.c.obj)

.debug_aranges  0x00000000      0x340
 .debug_aranges
                0x00000000       0x30 CMakeFiles/32_temp_project.elf.dir/BSP/CORE/startup_stm32f10x_md.c.obj
 .debug_aranges
                0x00000030       0x60 CMakeFiles/32_temp_project.elf.dir/BSP/CORE/stm32f10x_it.c.obj
 .debug_aranges
                0x00000090       0xa8 CMakeFiles/32_temp_project.elf.dir/BSP/CORE/syscalls.c.obj
 .debug_aranges
                0x00000138       0x20 CMakeFiles/32_temp_project.elf.dir/BSP/CORE/sysmem.c.obj
 .debug_aranges
                0x00000158       0x38 CMakeFiles/32_temp_project.elf.dir/BSP/CORE/system_stm32f10x.c.obj
 .debug_aranges
                0x00000190       0x38 CMakeFiles/32_temp_project.elf.dir/Driver/led.c.obj
 .debug_aranges
                0x000001c8       0x38 CMakeFiles/32_temp_project.elf.dir/Driver/misc.c.obj
 .debug_aranges
                0x00000200       0x30 CMakeFiles/32_temp_project.elf.dir/Driver/nvic.c.obj
 .debug_aranges
                0x00000230       0x20 CMakeFiles/32_temp_project.elf.dir/Driver/Systick.c.obj
 .debug_aranges
                0x00000250       0x48 CMakeFiles/32_temp_project.elf.dir/Driver/usart.c.obj
 .debug_aranges
                0x00000298       0x18 CMakeFiles/32_temp_project.elf.dir/app/init.c.obj
 .debug_aranges
                0x000002b0       0x28 CMakeFiles/32_temp_project.elf.dir/app/irq.c.obj
 .debug_aranges
                0x000002d8       0x20 CMakeFiles/32_temp_project.elf.dir/app/main.c.obj
 .debug_aranges
                0x000002f8       0x48 Middleware/shell/libshell.a(shell.c.obj)

.debug_ranges   0x00000000      0x270
 .debug_ranges  0x00000000       0x20 CMakeFiles/32_temp_project.elf.dir/BSP/CORE/startup_stm32f10x_md.c.obj
 .debug_ranges  0x00000020       0x50 CMakeFiles/32_temp_project.elf.dir/BSP/CORE/stm32f10x_it.c.obj
 .debug_ranges  0x00000070       0x98 CMakeFiles/32_temp_project.elf.dir/BSP/CORE/syscalls.c.obj
 .debug_ranges  0x00000108       0x10 CMakeFiles/32_temp_project.elf.dir/BSP/CORE/sysmem.c.obj
 .debug_ranges  0x00000118       0x28 CMakeFiles/32_temp_project.elf.dir/BSP/CORE/system_stm32f10x.c.obj
 .debug_ranges  0x00000140       0x28 CMakeFiles/32_temp_project.elf.dir/Driver/led.c.obj
 .debug_ranges  0x00000168       0x28 CMakeFiles/32_temp_project.elf.dir/Driver/misc.c.obj
 .debug_ranges  0x00000190       0x20 CMakeFiles/32_temp_project.elf.dir/Driver/nvic.c.obj
 .debug_ranges  0x000001b0       0x10 CMakeFiles/32_temp_project.elf.dir/Driver/Systick.c.obj
 .debug_ranges  0x000001c0       0x38 CMakeFiles/32_temp_project.elf.dir/Driver/usart.c.obj
 .debug_ranges  0x000001f8       0x18 CMakeFiles/32_temp_project.elf.dir/app/irq.c.obj
 .debug_ranges  0x00000210       0x10 CMakeFiles/32_temp_project.elf.dir/app/main.c.obj
 .debug_ranges  0x00000220       0x50 Middleware/shell/libshell.a(shell.c.obj)

.debug_macro    0x00000000     0xced6
 .debug_macro   0x00000000       0x63 CMakeFiles/32_temp_project.elf.dir/BSP/CORE/startup_stm32f10x_md.c.obj
 .debug_macro   0x00000063      0xa66 CMakeFiles/32_temp_project.elf.dir/BSP/CORE/startup_stm32f10x_md.c.obj
 .debug_macro   0x00000ac9       0x22 CMakeFiles/32_temp_project.elf.dir/BSP/CORE/startup_stm32f10x_md.c.obj
 .debug_macro   0x00000aeb       0x8e CMakeFiles/32_temp_project.elf.dir/BSP/CORE/startup_stm32f10x_md.c.obj
 .debug_macro   0x00000b79       0x51 CMakeFiles/32_temp_project.elf.dir/BSP/CORE/startup_stm32f10x_md.c.obj
 .debug_macro   0x00000bca      0x103 CMakeFiles/32_temp_project.elf.dir/BSP/CORE/startup_stm32f10x_md.c.obj
 .debug_macro   0x00000ccd       0x6a CMakeFiles/32_temp_project.elf.dir/BSP/CORE/startup_stm32f10x_md.c.obj
 .debug_macro   0x00000d37      0x1df CMakeFiles/32_temp_project.elf.dir/BSP/CORE/startup_stm32f10x_md.c.obj
 .debug_macro   0x00000f16       0xd0 CMakeFiles/32_temp_project.elf.dir/BSP/CORE/stm32f10x_it.c.obj
 .debug_macro   0x00000fe6       0x5c CMakeFiles/32_temp_project.elf.dir/BSP/CORE/stm32f10x_it.c.obj
 .debug_macro   0x00001042       0x2e CMakeFiles/32_temp_project.elf.dir/BSP/CORE/stm32f10x_it.c.obj
 .debug_macro   0x00001070       0x10 CMakeFiles/32_temp_project.elf.dir/BSP/CORE/stm32f10x_it.c.obj
 .debug_macro   0x00001080       0x26 CMakeFiles/32_temp_project.elf.dir/BSP/CORE/stm32f10x_it.c.obj
 .debug_macro   0x000010a6       0xc2 CMakeFiles/32_temp_project.elf.dir/BSP/CORE/stm32f10x_it.c.obj
 .debug_macro   0x00001168       0x28 CMakeFiles/32_temp_project.elf.dir/BSP/CORE/stm32f10x_it.c.obj
 .debug_macro   0x00001190      0xeb3 CMakeFiles/32_temp_project.elf.dir/BSP/CORE/stm32f10x_it.c.obj
 .debug_macro   0x00002043     0x7ee4 CMakeFiles/32_temp_project.elf.dir/BSP/CORE/stm32f10x_it.c.obj
 .debug_macro   0x00009f27      0x23d CMakeFiles/32_temp_project.elf.dir/BSP/CORE/syscalls.c.obj
 .debug_macro   0x0000a164       0x5e CMakeFiles/32_temp_project.elf.dir/BSP/CORE/syscalls.c.obj
 .debug_macro   0x0000a1c2       0x18 CMakeFiles/32_temp_project.elf.dir/BSP/CORE/syscalls.c.obj
 .debug_macro   0x0000a1da       0x94 CMakeFiles/32_temp_project.elf.dir/BSP/CORE/syscalls.c.obj
 .debug_macro   0x0000a26e       0x35 CMakeFiles/32_temp_project.elf.dir/BSP/CORE/syscalls.c.obj
 .debug_macro   0x0000a2a3       0x34 CMakeFiles/32_temp_project.elf.dir/BSP/CORE/syscalls.c.obj
 .debug_macro   0x0000a2d7       0x57 CMakeFiles/32_temp_project.elf.dir/BSP/CORE/syscalls.c.obj
 .debug_macro   0x0000a32e      0x174 CMakeFiles/32_temp_project.elf.dir/BSP/CORE/syscalls.c.obj
 .debug_macro   0x0000a4a2      0x341 CMakeFiles/32_temp_project.elf.dir/BSP/CORE/syscalls.c.obj
 .debug_macro   0x0000a7e3       0x16 CMakeFiles/32_temp_project.elf.dir/BSP/CORE/syscalls.c.obj
 .debug_macro   0x0000a7f9       0x43 CMakeFiles/32_temp_project.elf.dir/BSP/CORE/syscalls.c.obj
 .debug_macro   0x0000a83c       0x34 CMakeFiles/32_temp_project.elf.dir/BSP/CORE/syscalls.c.obj
 .debug_macro   0x0000a870       0x10 CMakeFiles/32_temp_project.elf.dir/BSP/CORE/syscalls.c.obj
 .debug_macro   0x0000a880       0x58 CMakeFiles/32_temp_project.elf.dir/BSP/CORE/syscalls.c.obj
 .debug_macro   0x0000a8d8      0x182 CMakeFiles/32_temp_project.elf.dir/BSP/CORE/syscalls.c.obj
 .debug_macro   0x0000aa5a       0x10 CMakeFiles/32_temp_project.elf.dir/BSP/CORE/syscalls.c.obj
 .debug_macro   0x0000aa6a       0x35 CMakeFiles/32_temp_project.elf.dir/BSP/CORE/syscalls.c.obj
 .debug_macro   0x0000aa9f       0x10 CMakeFiles/32_temp_project.elf.dir/BSP/CORE/syscalls.c.obj
 .debug_macro   0x0000aaaf       0x10 CMakeFiles/32_temp_project.elf.dir/BSP/CORE/syscalls.c.obj
 .debug_macro   0x0000aabf       0x10 CMakeFiles/32_temp_project.elf.dir/BSP/CORE/syscalls.c.obj
 .debug_macro   0x0000aacf       0x1c CMakeFiles/32_temp_project.elf.dir/BSP/CORE/syscalls.c.obj
 .debug_macro   0x0000aaeb       0x52 CMakeFiles/32_temp_project.elf.dir/BSP/CORE/syscalls.c.obj
 .debug_macro   0x0000ab3d       0x22 CMakeFiles/32_temp_project.elf.dir/BSP/CORE/syscalls.c.obj
 .debug_macro   0x0000ab5f       0x10 CMakeFiles/32_temp_project.elf.dir/BSP/CORE/syscalls.c.obj
 .debug_macro   0x0000ab6f       0x52 CMakeFiles/32_temp_project.elf.dir/BSP/CORE/syscalls.c.obj
 .debug_macro   0x0000abc1       0xd5 CMakeFiles/32_temp_project.elf.dir/BSP/CORE/syscalls.c.obj
 .debug_macro   0x0000ac96       0x1c CMakeFiles/32_temp_project.elf.dir/BSP/CORE/syscalls.c.obj
 .debug_macro   0x0000acb2       0x3d CMakeFiles/32_temp_project.elf.dir/BSP/CORE/syscalls.c.obj
 .debug_macro   0x0000acef       0x35 CMakeFiles/32_temp_project.elf.dir/BSP/CORE/syscalls.c.obj
 .debug_macro   0x0000ad24      0x12c CMakeFiles/32_temp_project.elf.dir/BSP/CORE/syscalls.c.obj
 .debug_macro   0x0000ae50       0x16 CMakeFiles/32_temp_project.elf.dir/BSP/CORE/syscalls.c.obj
 .debug_macro   0x0000ae66       0x16 CMakeFiles/32_temp_project.elf.dir/BSP/CORE/syscalls.c.obj
 .debug_macro   0x0000ae7c       0x29 CMakeFiles/32_temp_project.elf.dir/BSP/CORE/syscalls.c.obj
 .debug_macro   0x0000aea5       0x10 CMakeFiles/32_temp_project.elf.dir/BSP/CORE/syscalls.c.obj
 .debug_macro   0x0000aeb5      0x241 CMakeFiles/32_temp_project.elf.dir/BSP/CORE/syscalls.c.obj
 .debug_macro   0x0000b0f6       0x1c CMakeFiles/32_temp_project.elf.dir/BSP/CORE/syscalls.c.obj
 .debug_macro   0x0000b112       0x10 CMakeFiles/32_temp_project.elf.dir/BSP/CORE/syscalls.c.obj
 .debug_macro   0x0000b122       0x10 CMakeFiles/32_temp_project.elf.dir/BSP/CORE/syscalls.c.obj
 .debug_macro   0x0000b132       0x16 CMakeFiles/32_temp_project.elf.dir/BSP/CORE/syscalls.c.obj
 .debug_macro   0x0000b148      0x16f CMakeFiles/32_temp_project.elf.dir/BSP/CORE/syscalls.c.obj
 .debug_macro   0x0000b2b7      0x189 CMakeFiles/32_temp_project.elf.dir/BSP/CORE/syscalls.c.obj
 .debug_macro   0x0000b440       0x16 CMakeFiles/32_temp_project.elf.dir/BSP/CORE/syscalls.c.obj
 .debug_macro   0x0000b456       0xce CMakeFiles/32_temp_project.elf.dir/BSP/CORE/syscalls.c.obj
 .debug_macro   0x0000b524       0xec CMakeFiles/32_temp_project.elf.dir/BSP/CORE/sysmem.c.obj
 .debug_macro   0x0000b610      0x23b CMakeFiles/32_temp_project.elf.dir/BSP/CORE/sysmem.c.obj
 .debug_macro   0x0000b84b       0xd2 CMakeFiles/32_temp_project.elf.dir/BSP/CORE/system_stm32f10x.c.obj
 .debug_macro   0x0000b91d      0x225 CMakeFiles/32_temp_project.elf.dir/Driver/led.c.obj
 .debug_macro   0x0000bb42       0xe1 CMakeFiles/32_temp_project.elf.dir/Driver/misc.c.obj
 .debug_macro   0x0000bc23       0x84 CMakeFiles/32_temp_project.elf.dir/Driver/misc.c.obj
 .debug_macro   0x0000bca7      0x22e CMakeFiles/32_temp_project.elf.dir/Driver/nvic.c.obj
 .debug_macro   0x0000bed5       0x8a CMakeFiles/32_temp_project.elf.dir/Driver/nvic.c.obj
 .debug_macro   0x0000bf5f      0x225 CMakeFiles/32_temp_project.elf.dir/Driver/Systick.c.obj
 .debug_macro   0x0000c184      0x22e CMakeFiles/32_temp_project.elf.dir/Driver/usart.c.obj
 .debug_macro   0x0000c3b2       0x4c CMakeFiles/32_temp_project.elf.dir/Driver/usart.c.obj
 .debug_macro   0x0000c3fe      0x250 CMakeFiles/32_temp_project.elf.dir/app/init.c.obj
 .debug_macro   0x0000c64e      0x136 CMakeFiles/32_temp_project.elf.dir/app/init.c.obj
 .debug_macro   0x0000c784       0x22 CMakeFiles/32_temp_project.elf.dir/app/init.c.obj
 .debug_macro   0x0000c7a6       0x16 CMakeFiles/32_temp_project.elf.dir/app/init.c.obj
 .debug_macro   0x0000c7bc      0x250 CMakeFiles/32_temp_project.elf.dir/app/irq.c.obj
 .debug_macro   0x0000ca0c      0x250 CMakeFiles/32_temp_project.elf.dir/app/main.c.obj
 .debug_macro   0x0000cc5c      0x20c Middleware/shell/libshell.a(shell.c.obj)
 .debug_macro   0x0000ce68       0x58 Middleware/shell/libshell.a(shell.c.obj)
 .debug_macro   0x0000cec0       0x16 Middleware/shell/libshell.a(shell.c.obj)

.debug_line     0x00000000     0x3fb4
 .debug_line    0x00000000      0x241 CMakeFiles/32_temp_project.elf.dir/BSP/CORE/startup_stm32f10x_md.c.obj
 .debug_line    0x00000241      0x3c6 CMakeFiles/32_temp_project.elf.dir/BSP/CORE/stm32f10x_it.c.obj
 .debug_line    0x00000607      0x58b CMakeFiles/32_temp_project.elf.dir/BSP/CORE/syscalls.c.obj
 .debug_line    0x00000b92      0x281 CMakeFiles/32_temp_project.elf.dir/BSP/CORE/sysmem.c.obj
 .debug_line    0x00000e13      0x47c CMakeFiles/32_temp_project.elf.dir/BSP/CORE/system_stm32f10x.c.obj
 .debug_line    0x0000128f      0x4af CMakeFiles/32_temp_project.elf.dir/Driver/led.c.obj
 .debug_line    0x0000173e      0x3b3 CMakeFiles/32_temp_project.elf.dir/Driver/misc.c.obj
 .debug_line    0x00001af1      0x4e2 CMakeFiles/32_temp_project.elf.dir/Driver/nvic.c.obj
 .debug_line    0x00001fd3      0x47e CMakeFiles/32_temp_project.elf.dir/Driver/Systick.c.obj
 .debug_line    0x00002451      0x550 CMakeFiles/32_temp_project.elf.dir/Driver/usart.c.obj
 .debug_line    0x000029a1      0x4fd CMakeFiles/32_temp_project.elf.dir/app/init.c.obj
 .debug_line    0x00002e9e      0x534 CMakeFiles/32_temp_project.elf.dir/app/irq.c.obj
 .debug_line    0x000033d2      0x51a CMakeFiles/32_temp_project.elf.dir/app/main.c.obj
 .debug_line    0x000038ec      0x6c8 Middleware/shell/libshell.a(shell.c.obj)

.debug_str      0x00000000    0x3c5f2
 .debug_str     0x00000000     0x3ae6 CMakeFiles/32_temp_project.elf.dir/BSP/CORE/startup_stm32f10x_md.c.obj
                               0x3c4f (size before relaxing)
 .debug_str     0x00003ae6    0x31d60 CMakeFiles/32_temp_project.elf.dir/BSP/CORE/stm32f10x_it.c.obj
                              0x358ef (size before relaxing)
 .debug_str     0x00035846     0x523e CMakeFiles/32_temp_project.elf.dir/BSP/CORE/syscalls.c.obj
                               0x84f5 (size before relaxing)
 .debug_str     0x0003aa84       0x9c CMakeFiles/32_temp_project.elf.dir/BSP/CORE/sysmem.c.obj
                               0x57a6 (size before relaxing)
 .debug_str     0x0003ab20      0x204 CMakeFiles/32_temp_project.elf.dir/BSP/CORE/system_stm32f10x.c.obj
                              0x35a3b (size before relaxing)
 .debug_str     0x0003ad24       0x85 CMakeFiles/32_temp_project.elf.dir/Driver/led.c.obj
                              0x39433 (size before relaxing)
 .debug_str     0x0003ada9      0x604 CMakeFiles/32_temp_project.elf.dir/Driver/misc.c.obj
                              0x35eba (size before relaxing)
 .debug_str     0x0003b3ad      0x377 CMakeFiles/32_temp_project.elf.dir/Driver/nvic.c.obj
                              0x39c5b (size before relaxing)
 .debug_str     0x0003b724       0x50 CMakeFiles/32_temp_project.elf.dir/Driver/Systick.c.obj
                              0x393f8 (size before relaxing)
 .debug_str     0x0003b774      0x1a2 CMakeFiles/32_temp_project.elf.dir/Driver/usart.c.obj
                              0x3963e (size before relaxing)
 .debug_str     0x0003b916      0x780 CMakeFiles/32_temp_project.elf.dir/app/init.c.obj
                              0x39b20 (size before relaxing)
 .debug_str     0x0003c096       0x5f CMakeFiles/32_temp_project.elf.dir/app/irq.c.obj
                              0x39bc3 (size before relaxing)
 .debug_str     0x0003c0f5       0x42 CMakeFiles/32_temp_project.elf.dir/app/main.c.obj
                              0x39b07 (size before relaxing)
 .debug_str     0x0003c137      0x4bb Middleware/shell/libshell.a(shell.c.obj)
                               0x8463 (size before relaxing)

.comment        0x00000000       0x49
 .comment       0x00000000       0x49 CMakeFiles/32_temp_project.elf.dir/BSP/CORE/startup_stm32f10x_md.c.obj
                                 0x4a (size before relaxing)
 .comment       0x00000049       0x4a CMakeFiles/32_temp_project.elf.dir/BSP/CORE/stm32f10x_it.c.obj
 .comment       0x00000049       0x4a CMakeFiles/32_temp_project.elf.dir/BSP/CORE/syscalls.c.obj
 .comment       0x00000049       0x4a CMakeFiles/32_temp_project.elf.dir/BSP/CORE/sysmem.c.obj
 .comment       0x00000049       0x4a CMakeFiles/32_temp_project.elf.dir/BSP/CORE/system_stm32f10x.c.obj
 .comment       0x00000049       0x4a CMakeFiles/32_temp_project.elf.dir/Driver/led.c.obj
 .comment       0x00000049       0x4a CMakeFiles/32_temp_project.elf.dir/Driver/misc.c.obj
 .comment       0x00000049       0x4a CMakeFiles/32_temp_project.elf.dir/Driver/nvic.c.obj
 .comment       0x00000049       0x4a CMakeFiles/32_temp_project.elf.dir/Driver/Systick.c.obj
 .comment       0x00000049       0x4a CMakeFiles/32_temp_project.elf.dir/Driver/usart.c.obj
 .comment       0x00000049       0x4a CMakeFiles/32_temp_project.elf.dir/app/init.c.obj
 .comment       0x00000049       0x4a CMakeFiles/32_temp_project.elf.dir/app/irq.c.obj
 .comment       0x00000049       0x4a CMakeFiles/32_temp_project.elf.dir/app/main.c.obj
 .comment       0x00000049       0x4a Middleware/shell/libshell.a(shell.c.obj)

.debug_frame    0x00000000     0x1608
 .debug_frame   0x00000000       0x50 CMakeFiles/32_temp_project.elf.dir/BSP/CORE/startup_stm32f10x_md.c.obj
 .debug_frame   0x00000050      0x10c CMakeFiles/32_temp_project.elf.dir/BSP/CORE/stm32f10x_it.c.obj
 .debug_frame   0x0000015c      0x2ac CMakeFiles/32_temp_project.elf.dir/BSP/CORE/syscalls.c.obj
 .debug_frame   0x00000408       0x34 CMakeFiles/32_temp_project.elf.dir/BSP/CORE/sysmem.c.obj
 .debug_frame   0x0000043c       0x98 CMakeFiles/32_temp_project.elf.dir/BSP/CORE/system_stm32f10x.c.obj
 .debug_frame   0x000004d4       0x90 CMakeFiles/32_temp_project.elf.dir/Driver/led.c.obj
 .debug_frame   0x00000564       0xb0 CMakeFiles/32_temp_project.elf.dir/Driver/misc.c.obj
 .debug_frame   0x00000614       0x7c CMakeFiles/32_temp_project.elf.dir/Driver/nvic.c.obj
 .debug_frame   0x00000690       0x30 CMakeFiles/32_temp_project.elf.dir/Driver/Systick.c.obj
 .debug_frame   0x000006c0      0x10c CMakeFiles/32_temp_project.elf.dir/Driver/usart.c.obj
 .debug_frame   0x000007cc       0x50 CMakeFiles/32_temp_project.elf.dir/app/irq.c.obj
 .debug_frame   0x0000081c       0x2c CMakeFiles/32_temp_project.elf.dir/app/main.c.obj
 .debug_frame   0x00000848       0xf0 Middleware/shell/libshell.a(shell.c.obj)
 .debug_frame   0x00000938       0x20 c:/progra~2/gnuarm~1/102021~1.10/bin/../lib/gcc/arm-none-eabi/10.3.1/../../../../arm-none-eabi/lib/thumb/v7-m/nofp\libg_nano.a(lib_a-errno.o)
 .debug_frame   0x00000958       0x5c c:/progra~2/gnuarm~1/102021~1.10/bin/../lib/gcc/arm-none-eabi/10.3.1/../../../../arm-none-eabi/lib/thumb/v7-m/nofp\libg_nano.a(lib_a-fflush.o)
 .debug_frame   0x000009b4      0x14c c:/progra~2/gnuarm~1/102021~1.10/bin/../lib/gcc/arm-none-eabi/10.3.1/../../../../arm-none-eabi/lib/thumb/v7-m/nofp\libg_nano.a(lib_a-findfp.o)
 .debug_frame   0x00000b00       0x54 c:/progra~2/gnuarm~1/102021~1.10/bin/../lib/gcc/arm-none-eabi/10.3.1/../../../../arm-none-eabi/lib/thumb/v7-m/nofp\libg_nano.a(lib_a-fwalk.o)
 .debug_frame   0x00000b54       0x2c c:/progra~2/gnuarm~1/102021~1.10/bin/../lib/gcc/arm-none-eabi/10.3.1/../../../../arm-none-eabi/lib/thumb/v7-m/nofp\libg_nano.a(lib_a-init.o)
 .debug_frame   0x00000b80       0xb0 c:/progra~2/gnuarm~1/102021~1.10/bin/../lib/gcc/arm-none-eabi/10.3.1/../../../../arm-none-eabi/lib/thumb/v7-m/nofp\libg_nano.a(lib_a-lock.o)
 .debug_frame   0x00000c30       0x20 c:/progra~2/gnuarm~1/102021~1.10/bin/../lib/gcc/arm-none-eabi/10.3.1/../../../../arm-none-eabi/lib/thumb/v7-m/nofp\libg_nano.a(lib_a-memset.o)
 .debug_frame   0x00000c50       0x38 c:/progra~2/gnuarm~1/102021~1.10/bin/../lib/gcc/arm-none-eabi/10.3.1/../../../../arm-none-eabi/lib/thumb/v7-m/nofp\libg_nano.a(lib_a-nano-freer.o)
 .debug_frame   0x00000c88       0x4c c:/progra~2/gnuarm~1/102021~1.10/bin/../lib/gcc/arm-none-eabi/10.3.1/../../../../arm-none-eabi/lib/thumb/v7-m/nofp\libg_nano.a(lib_a-nano-mallocr.o)
 .debug_frame   0x00000cd4       0x58 c:/progra~2/gnuarm~1/102021~1.10/bin/../lib/gcc/arm-none-eabi/10.3.1/../../../../arm-none-eabi/lib/thumb/v7-m/nofp\libg_nano.a(lib_a-putchar.o)
 .debug_frame   0x00000d2c       0x3c c:/progra~2/gnuarm~1/102021~1.10/bin/../lib/gcc/arm-none-eabi/10.3.1/../../../../arm-none-eabi/lib/thumb/v7-m/nofp\libg_nano.a(lib_a-puts.o)
 .debug_frame   0x00000d68       0x2c c:/progra~2/gnuarm~1/102021~1.10/bin/../lib/gcc/arm-none-eabi/10.3.1/../../../../arm-none-eabi/lib/thumb/v7-m/nofp\libg_nano.a(lib_a-sbrkr.o)
 .debug_frame   0x00000d94       0x88 c:/progra~2/gnuarm~1/102021~1.10/bin/../lib/gcc/arm-none-eabi/10.3.1/../../../../arm-none-eabi/lib/thumb/v7-m/nofp\libg_nano.a(lib_a-stdio.o)
 .debug_frame   0x00000e1c       0x20 c:/progra~2/gnuarm~1/102021~1.10/bin/../lib/gcc/arm-none-eabi/10.3.1/../../../../arm-none-eabi/lib/thumb/v7-m/nofp\libg_nano.a(lib_a-strcmp.o)
 .debug_frame   0x00000e3c       0x38 c:/progra~2/gnuarm~1/102021~1.10/bin/../lib/gcc/arm-none-eabi/10.3.1/../../../../arm-none-eabi/lib/thumb/v7-m/nofp\libg_nano.a(lib_a-strtok.o)
 .debug_frame   0x00000e74       0x40 c:/progra~2/gnuarm~1/102021~1.10/bin/../lib/gcc/arm-none-eabi/10.3.1/../../../../arm-none-eabi/lib/thumb/v7-m/nofp\libg_nano.a(lib_a-strtok_r.o)
 .debug_frame   0x00000eb4       0x4c c:/progra~2/gnuarm~1/102021~1.10/bin/../lib/gcc/arm-none-eabi/10.3.1/../../../../arm-none-eabi/lib/thumb/v7-m/nofp\libg_nano.a(lib_a-vsnprintf.o)
 .debug_frame   0x00000f00       0x40 c:/progra~2/gnuarm~1/102021~1.10/bin/../lib/gcc/arm-none-eabi/10.3.1/../../../../arm-none-eabi/lib/thumb/v7-m/nofp\libg_nano.a(lib_a-wbuf.o)
 .debug_frame   0x00000f40       0x2c c:/progra~2/gnuarm~1/102021~1.10/bin/../lib/gcc/arm-none-eabi/10.3.1/../../../../arm-none-eabi/lib/thumb/v7-m/nofp\libg_nano.a(lib_a-writer.o)
 .debug_frame   0x00000f6c       0x2c c:/progra~2/gnuarm~1/102021~1.10/bin/../lib/gcc/arm-none-eabi/10.3.1/../../../../arm-none-eabi/lib/thumb/v7-m/nofp\libg_nano.a(lib_a-wsetup.o)
 .debug_frame   0x00000f98       0x40 c:/progra~2/gnuarm~1/102021~1.10/bin/../lib/gcc/arm-none-eabi/10.3.1/../../../../arm-none-eabi/lib/thumb/v7-m/nofp\libg_nano.a(lib_a-assert.o)
 .debug_frame   0x00000fd8       0x2c c:/progra~2/gnuarm~1/102021~1.10/bin/../lib/gcc/arm-none-eabi/10.3.1/../../../../arm-none-eabi/lib/thumb/v7-m/nofp\libg_nano.a(lib_a-closer.o)
 .debug_frame   0x00001004       0x64 c:/progra~2/gnuarm~1/102021~1.10/bin/../lib/gcc/arm-none-eabi/10.3.1/../../../../arm-none-eabi/lib/thumb/v7-m/nofp\libg_nano.a(lib_a-fprintf.o)
 .debug_frame   0x00001068       0x2c c:/progra~2/gnuarm~1/102021~1.10/bin/../lib/gcc/arm-none-eabi/10.3.1/../../../../arm-none-eabi/lib/thumb/v7-m/nofp\libg_nano.a(lib_a-lseekr.o)
 .debug_frame   0x00001094       0x58 c:/progra~2/gnuarm~1/102021~1.10/bin/../lib/gcc/arm-none-eabi/10.3.1/../../../../arm-none-eabi/lib/thumb/v7-m/nofp\libg_nano.a(lib_a-makebuf.o)
 .debug_frame   0x000010ec       0x30 c:/progra~2/gnuarm~1/102021~1.10/bin/../lib/gcc/arm-none-eabi/10.3.1/../../../../arm-none-eabi/lib/thumb/v7-m/nofp\libg_nano.a(lib_a-malloc.o)
 .debug_frame   0x0000111c       0x30 c:/progra~2/gnuarm~1/102021~1.10/bin/../lib/gcc/arm-none-eabi/10.3.1/../../../../arm-none-eabi/lib/thumb/v7-m/nofp\libg_nano.a(lib_a-mlock.o)
 .debug_frame   0x0000114c       0x90 c:/progra~2/gnuarm~1/102021~1.10/bin/../lib/gcc/arm-none-eabi/10.3.1/../../../../arm-none-eabi/lib/thumb/v7-m/nofp\libg_nano.a(lib_a-nano-svfprintf.o)
 .debug_frame   0x000011dc       0xac c:/progra~2/gnuarm~1/102021~1.10/bin/../lib/gcc/arm-none-eabi/10.3.1/../../../../arm-none-eabi/lib/thumb/v7-m/nofp\libg_nano.a(lib_a-nano-vfprintf.o)
 .debug_frame   0x00001288       0x60 c:/progra~2/gnuarm~1/102021~1.10/bin/../lib/gcc/arm-none-eabi/10.3.1/../../../../arm-none-eabi/lib/thumb/v7-m/nofp\libg_nano.a(lib_a-nano-vfprintf_i.o)
 .debug_frame   0x000012e8       0x3c c:/progra~2/gnuarm~1/102021~1.10/bin/../lib/gcc/arm-none-eabi/10.3.1/../../../../arm-none-eabi/lib/thumb/v7-m/nofp\libg_nano.a(lib_a-putc.o)
 .debug_frame   0x00001324       0x2c c:/progra~2/gnuarm~1/102021~1.10/bin/../lib/gcc/arm-none-eabi/10.3.1/../../../../arm-none-eabi/lib/thumb/v7-m/nofp\libg_nano.a(lib_a-readr.o)
 .debug_frame   0x00001350       0x5c c:/progra~2/gnuarm~1/102021~1.10/bin/../lib/gcc/arm-none-eabi/10.3.1/../../../../arm-none-eabi/lib/thumb/v7-m/nofp\libg_nano.a(lib_a-reent.o)
 .debug_frame   0x000013ac       0x28 c:/progra~2/gnuarm~1/102021~1.10/bin/../lib/gcc/arm-none-eabi/10.3.1/../../../../arm-none-eabi/lib/thumb/v7-m/nofp\libg_nano.a(lib_a-abort.o)
 .debug_frame   0x000013d4       0x2c c:/progra~2/gnuarm~1/102021~1.10/bin/../lib/gcc/arm-none-eabi/10.3.1/../../../../arm-none-eabi/lib/thumb/v7-m/nofp\libg_nano.a(lib_a-fstatr.o)
 .debug_frame   0x00001400       0x2c c:/progra~2/gnuarm~1/102021~1.10/bin/../lib/gcc/arm-none-eabi/10.3.1/../../../../arm-none-eabi/lib/thumb/v7-m/nofp\libg_nano.a(lib_a-isattyr.o)
 .debug_frame   0x0000142c       0x28 c:/progra~2/gnuarm~1/102021~1.10/bin/../lib/gcc/arm-none-eabi/10.3.1/../../../../arm-none-eabi/lib/thumb/v7-m/nofp\libg_nano.a(lib_a-memchr-stub.o)
 .debug_frame   0x00001454       0x28 c:/progra~2/gnuarm~1/102021~1.10/bin/../lib/gcc/arm-none-eabi/10.3.1/../../../../arm-none-eabi/lib/thumb/v7-m/nofp\libg_nano.a(lib_a-memcpy-stub.o)
 .debug_frame   0x0000147c       0x28 c:/progra~2/gnuarm~1/102021~1.10/bin/../lib/gcc/arm-none-eabi/10.3.1/../../../../arm-none-eabi/lib/thumb/v7-m/nofp\libg_nano.a(lib_a-memmove.o)
 .debug_frame   0x000014a4       0x3c c:/progra~2/gnuarm~1/102021~1.10/bin/../lib/gcc/arm-none-eabi/10.3.1/../../../../arm-none-eabi/lib/thumb/v7-m/nofp\libg_nano.a(lib_a-nano-reallocr.o)
 .debug_frame   0x000014e0       0xcc c:/progra~2/gnuarm~1/102021~1.10/bin/../lib/gcc/arm-none-eabi/10.3.1/../../../../arm-none-eabi/lib/thumb/v7-m/nofp\libg_nano.a(lib_a-signal.o)
 .debug_frame   0x000015ac       0x3c c:/progra~2/gnuarm~1/102021~1.10/bin/../lib/gcc/arm-none-eabi/10.3.1/../../../../arm-none-eabi/lib/thumb/v7-m/nofp\libg_nano.a(lib_a-signalr.o)
 .debug_frame   0x000015e8       0x20 c:/progra~2/gnuarm~1/102021~1.10/bin/../lib/gcc/arm-none-eabi/10.3.1/../../../../arm-none-eabi/lib/thumb/v7-m/nofp\libg_nano.a(lib_a-nano-msizer.o)

Cross Reference Table

Symbol                                            File
ADC1_2_IRQHandler                                 CMakeFiles/32_temp_project.elf.dir/BSP/CORE/startup_stm32f10x_md.c.obj
ADC1_Init                                         CMakeFiles/32_temp_project.elf.dir/Driver/adc.c.obj
ADC3_IRQHandler                                   CMakeFiles/32_temp_project.elf.dir/BSP/CORE/startup_stm32f10x_md.c.obj
AHBPrescTable                                     CMakeFiles/32_temp_project.elf.dir/BSP/CORE/system_stm32f10x.c.obj
BIE_UART                                          Middleware/shell/libshell.a(shell.c.obj)
                                                  CMakeFiles/32_temp_project.elf.dir/app/irq.c.obj
BusFault_Handler                                  CMakeFiles/32_temp_project.elf.dir/BSP/CORE/stm32f10x_it.c.obj
                                                  CMakeFiles/32_temp_project.elf.dir/BSP/CORE/startup_stm32f10x_md.c.obj
CAN1_RX1_IRQHandler                               CMakeFiles/32_temp_project.elf.dir/BSP/CORE/startup_stm32f10x_md.c.obj
CAN1_SCE_IRQHandler                               CMakeFiles/32_temp_project.elf.dir/BSP/CORE/startup_stm32f10x_md.c.obj
Cmd                                               Middleware/shell/libshell.a(shell.c.obj)
Cmd_match                                         Middleware/shell/libshell.a(shell.c.obj)
DMA1_Channel1_IRQHandler                          CMakeFiles/32_temp_project.elf.dir/BSP/CORE/startup_stm32f10x_md.c.obj
DMA1_Channel2_IRQHandler                          CMakeFiles/32_temp_project.elf.dir/BSP/CORE/startup_stm32f10x_md.c.obj
DMA1_Channel3_IRQHandler                          CMakeFiles/32_temp_project.elf.dir/BSP/CORE/startup_stm32f10x_md.c.obj
DMA1_Channel4_IRQHandler                          CMakeFiles/32_temp_project.elf.dir/BSP/CORE/startup_stm32f10x_md.c.obj
DMA1_Channel5_IRQHandler                          CMakeFiles/32_temp_project.elf.dir/BSP/CORE/startup_stm32f10x_md.c.obj
DMA1_Channel6_IRQHandler                          CMakeFiles/32_temp_project.elf.dir/BSP/CORE/startup_stm32f10x_md.c.obj
DMA1_Channel7_IRQHandler                          CMakeFiles/32_temp_project.elf.dir/BSP/CORE/startup_stm32f10x_md.c.obj
DMA2_Channel1_IRQHandler                          CMakeFiles/32_temp_project.elf.dir/BSP/CORE/startup_stm32f10x_md.c.obj
DMA2_Channel2_IRQHandler                          CMakeFiles/32_temp_project.elf.dir/BSP/CORE/startup_stm32f10x_md.c.obj
DMA2_Channel3_IRQHandler                          CMakeFiles/32_temp_project.elf.dir/BSP/CORE/startup_stm32f10x_md.c.obj
DMA2_Channel4_5_IRQHandler                        CMakeFiles/32_temp_project.elf.dir/BSP/CORE/startup_stm32f10x_md.c.obj
DebugMon_Handler                                  CMakeFiles/32_temp_project.elf.dir/BSP/CORE/stm32f10x_it.c.obj
                                                  CMakeFiles/32_temp_project.elf.dir/BSP/CORE/startup_stm32f10x_md.c.obj
Default_Handler                                   CMakeFiles/32_temp_project.elf.dir/BSP/CORE/startup_stm32f10x_md.c.obj
EXTI0_IRQHandler                                  CMakeFiles/32_temp_project.elf.dir/BSP/CORE/startup_stm32f10x_md.c.obj
EXTI15_10_IRQHandler                              CMakeFiles/32_temp_project.elf.dir/BSP/CORE/startup_stm32f10x_md.c.obj
EXTI1_IRQHandler                                  CMakeFiles/32_temp_project.elf.dir/BSP/CORE/startup_stm32f10x_md.c.obj
EXTI2_IRQHandler                                  CMakeFiles/32_temp_project.elf.dir/BSP/CORE/startup_stm32f10x_md.c.obj
EXTI3_IRQHandler                                  CMakeFiles/32_temp_project.elf.dir/BSP/CORE/startup_stm32f10x_md.c.obj
EXTI4_IRQHandler                                  CMakeFiles/32_temp_project.elf.dir/BSP/CORE/startup_stm32f10x_md.c.obj
EXTI9_5_IRQHandler                                CMakeFiles/32_temp_project.elf.dir/BSP/CORE/startup_stm32f10x_md.c.obj
FLASH_IRQHandler                                  CMakeFiles/32_temp_project.elf.dir/BSP/CORE/startup_stm32f10x_md.c.obj
FSMC_IRQHandler                                   CMakeFiles/32_temp_project.elf.dir/BSP/CORE/startup_stm32f10x_md.c.obj
HardFault_Handler                                 CMakeFiles/32_temp_project.elf.dir/BSP/CORE/stm32f10x_it.c.obj
                                                  CMakeFiles/32_temp_project.elf.dir/BSP/CORE/startup_stm32f10x_md.c.obj
I2C1_ER_IRQHandler                                CMakeFiles/32_temp_project.elf.dir/BSP/CORE/startup_stm32f10x_md.c.obj
I2C1_EV_IRQHandler                                CMakeFiles/32_temp_project.elf.dir/BSP/CORE/startup_stm32f10x_md.c.obj
I2C2_ER_IRQHandler                                CMakeFiles/32_temp_project.elf.dir/BSP/CORE/startup_stm32f10x_md.c.obj
I2C2_EV_IRQHandler                                CMakeFiles/32_temp_project.elf.dir/BSP/CORE/startup_stm32f10x_md.c.obj
LED_Init                                          CMakeFiles/32_temp_project.elf.dir/Driver/led.c.obj
                                                  CMakeFiles/32_temp_project.elf.dir/app/main.c.obj
LED_Off                                           CMakeFiles/32_temp_project.elf.dir/Driver/led.c.obj
LED_On                                            CMakeFiles/32_temp_project.elf.dir/Driver/led.c.obj
LED_Toggle                                        CMakeFiles/32_temp_project.elf.dir/Driver/led.c.obj
                                                  CMakeFiles/32_temp_project.elf.dir/app/irq.c.obj
MCU_Shell_Init                                    Middleware/shell/libshell.a(shell.c.obj)
                                                  CMakeFiles/32_temp_project.elf.dir/app/main.c.obj
MemManage_Handler                                 CMakeFiles/32_temp_project.elf.dir/BSP/CORE/stm32f10x_it.c.obj
                                                  CMakeFiles/32_temp_project.elf.dir/BSP/CORE/startup_stm32f10x_md.c.obj
NMI_Handler                                       CMakeFiles/32_temp_project.elf.dir/BSP/CORE/stm32f10x_it.c.obj
                                                  CMakeFiles/32_temp_project.elf.dir/BSP/CORE/startup_stm32f10x_md.c.obj
NVIC_Init                                         CMakeFiles/32_temp_project.elf.dir/Driver/nvic.c.obj
                                                  CMakeFiles/32_temp_project.elf.dir/app/main.c.obj
NVIC_PriorityGroupConfig                          CMakeFiles/32_temp_project.elf.dir/Driver/misc.c.obj
                                                  CMakeFiles/32_temp_project.elf.dir/Driver/nvic.c.obj
NVIC_SetVectorTable                               CMakeFiles/32_temp_project.elf.dir/Driver/misc.c.obj
NVIC_SystemLPConfig                               CMakeFiles/32_temp_project.elf.dir/Driver/misc.c.obj
PVD_IRQHandler                                    CMakeFiles/32_temp_project.elf.dir/BSP/CORE/startup_stm32f10x_md.c.obj
PendSV_Handler                                    CMakeFiles/32_temp_project.elf.dir/BSP/CORE/stm32f10x_it.c.obj
                                                  CMakeFiles/32_temp_project.elf.dir/BSP/CORE/startup_stm32f10x_md.c.obj
RCC_IRQHandler                                    CMakeFiles/32_temp_project.elf.dir/BSP/CORE/startup_stm32f10x_md.c.obj
RTCAlarm_IRQHandler                               CMakeFiles/32_temp_project.elf.dir/BSP/CORE/startup_stm32f10x_md.c.obj
RTC_IRQHandler                                    CMakeFiles/32_temp_project.elf.dir/BSP/CORE/startup_stm32f10x_md.c.obj
Reset_Handler                                     CMakeFiles/32_temp_project.elf.dir/BSP/CORE/startup_stm32f10x_md.c.obj
SDIO_IRQHandler                                   CMakeFiles/32_temp_project.elf.dir/BSP/CORE/startup_stm32f10x_md.c.obj
SPI1_IRQHandler                                   CMakeFiles/32_temp_project.elf.dir/BSP/CORE/startup_stm32f10x_md.c.obj
SPI2_IRQHandler                                   CMakeFiles/32_temp_project.elf.dir/BSP/CORE/startup_stm32f10x_md.c.obj
SPI3_IRQHandler                                   CMakeFiles/32_temp_project.elf.dir/BSP/CORE/startup_stm32f10x_md.c.obj
STM32F103C8T6_Device                              CMakeFiles/32_temp_project.elf.dir/app/init.c.obj
                                                  CMakeFiles/32_temp_project.elf.dir/app/main.c.obj
                                                  CMakeFiles/32_temp_project.elf.dir/app/irq.c.obj
SVC_Handler                                       CMakeFiles/32_temp_project.elf.dir/BSP/CORE/stm32f10x_it.c.obj
                                                  CMakeFiles/32_temp_project.elf.dir/BSP/CORE/startup_stm32f10x_md.c.obj
Shell                                             CMakeFiles/32_temp_project.elf.dir/app/init.c.obj
                                                  CMakeFiles/32_temp_project.elf.dir/app/main.c.obj
                                                  CMakeFiles/32_temp_project.elf.dir/app/irq.c.obj
Shell_Deal                                        Middleware/shell/libshell.a(shell.c.obj)
Shell_Sysfpoint                                   CMakeFiles/32_temp_project.elf.dir/app/init.c.obj
                                                  CMakeFiles/32_temp_project.elf.dir/app/main.c.obj
                                                  CMakeFiles/32_temp_project.elf.dir/app/irq.c.obj
SysTick_CLKSourceConfig                           CMakeFiles/32_temp_project.elf.dir/Driver/misc.c.obj
SysTick_CallBack                                  CMakeFiles/32_temp_project.elf.dir/app/irq.c.obj
                                                  CMakeFiles/32_temp_project.elf.dir/BSP/CORE/stm32f10x_it.c.obj
SysTick_Handler                                   CMakeFiles/32_temp_project.elf.dir/BSP/CORE/stm32f10x_it.c.obj
                                                  CMakeFiles/32_temp_project.elf.dir/BSP/CORE/startup_stm32f10x_md.c.obj
SystemCoreClock                                   CMakeFiles/32_temp_project.elf.dir/BSP/CORE/system_stm32f10x.c.obj
                                                  CMakeFiles/32_temp_project.elf.dir/Driver/usart.c.obj
                                                  CMakeFiles/32_temp_project.elf.dir/Driver/Systick.c.obj
SystemCoreClockUpdate                             CMakeFiles/32_temp_project.elf.dir/BSP/CORE/system_stm32f10x.c.obj
SystemInit                                        CMakeFiles/32_temp_project.elf.dir/BSP/CORE/system_stm32f10x.c.obj
                                                  CMakeFiles/32_temp_project.elf.dir/BSP/CORE/startup_stm32f10x_md.c.obj
Systick_Init                                      CMakeFiles/32_temp_project.elf.dir/Driver/Systick.c.obj
                                                  CMakeFiles/32_temp_project.elf.dir/app/main.c.obj
TAMPER_IRQHandler                                 CMakeFiles/32_temp_project.elf.dir/BSP/CORE/startup_stm32f10x_md.c.obj
TIM1_BRK_IRQHandler                               CMakeFiles/32_temp_project.elf.dir/BSP/CORE/startup_stm32f10x_md.c.obj
TIM1_CC_IRQHandler                                CMakeFiles/32_temp_project.elf.dir/BSP/CORE/startup_stm32f10x_md.c.obj
TIM1_TRG_COM_IRQHandler                           CMakeFiles/32_temp_project.elf.dir/BSP/CORE/startup_stm32f10x_md.c.obj
TIM1_UP_IRQHandler                                CMakeFiles/32_temp_project.elf.dir/BSP/CORE/startup_stm32f10x_md.c.obj
TIM2_IRQHandler                                   CMakeFiles/32_temp_project.elf.dir/BSP/CORE/startup_stm32f10x_md.c.obj
TIM3_IRQHandler                                   CMakeFiles/32_temp_project.elf.dir/BSP/CORE/startup_stm32f10x_md.c.obj
TIM4_IRQHandler                                   CMakeFiles/32_temp_project.elf.dir/BSP/CORE/startup_stm32f10x_md.c.obj
TIM5_IRQHandler                                   CMakeFiles/32_temp_project.elf.dir/BSP/CORE/startup_stm32f10x_md.c.obj
TIM6_IRQHandler                                   CMakeFiles/32_temp_project.elf.dir/BSP/CORE/startup_stm32f10x_md.c.obj
TIM7_IRQHandler                                   CMakeFiles/32_temp_project.elf.dir/BSP/CORE/startup_stm32f10x_md.c.obj
TIM8_BRK_IRQHandler                               CMakeFiles/32_temp_project.elf.dir/BSP/CORE/startup_stm32f10x_md.c.obj
TIM8_CC_IRQHandler                                CMakeFiles/32_temp_project.elf.dir/BSP/CORE/startup_stm32f10x_md.c.obj
TIM8_TRG_COM_IRQHandler                           CMakeFiles/32_temp_project.elf.dir/BSP/CORE/startup_stm32f10x_md.c.obj
TIM8_UP_IRQHandler                                CMakeFiles/32_temp_project.elf.dir/BSP/CORE/startup_stm32f10x_md.c.obj
Task_Switch                                       Middleware/shell/libshell.a(shell.c.obj)
Task_Switch_Tick_Handler                          Middleware/shell/libshell.a(shell.c.obj)
                                                  CMakeFiles/32_temp_project.elf.dir/app/main.c.obj
UART4_IRQHandler                                  CMakeFiles/32_temp_project.elf.dir/BSP/CORE/startup_stm32f10x_md.c.obj
UART5_IRQHandler                                  CMakeFiles/32_temp_project.elf.dir/BSP/CORE/startup_stm32f10x_md.c.obj
USART1_IRQHandler                                 CMakeFiles/32_temp_project.elf.dir/app/irq.c.obj